Archive member included to satisfy reference by file (symbol)

app/libapp.a(isotp_fast.c.obj)
                              (--whole-archive)
app/libapp.a(sdk.c.obj)       (--whole-archive)
app/libapp.a(packetizer.c.obj)
                              (--whole-archive)
app/libapp.a(can.c.obj)       (--whole-archive)
app/libapp.a(main.c.obj)      (--whole-archive)
zephyr/libzephyr.a(cbprintf_packaged.c.obj)
                              (--whole-archive)
zephyr/libzephyr.a(dec.c.obj)
                              (--whole-archive)
zephyr/libzephyr.a(fdtable.c.obj)
                              (--whole-archive)
zephyr/libzephyr.a(hex.c.obj)
                              (--whole-archive)
zephyr/libzephyr.a(printk.c.obj)
                              (--whole-archive)
zephyr/libzephyr.a(rb.c.obj)  (--whole-archive)
zephyr/libzephyr.a(sem.c.obj)
                              (--whole-archive)
zephyr/libzephyr.a(thread_entry.c.obj)
                              (--whole-archive)
zephyr/libzephyr.a(timeutil.c.obj)
                              (--whole-archive)
zephyr/libzephyr.a(heap.c.obj)
                              (--whole-archive)
zephyr/libzephyr.a(heap-validate.c.obj)
                              (--whole-archive)
zephyr/libzephyr.a(bitarray.c.obj)
                              (--whole-archive)
zephyr/libzephyr.a(multi_heap.c.obj)
                              (--whole-archive)
zephyr/libzephyr.a(crc32c_sw.c.obj)
                              (--whole-archive)
zephyr/libzephyr.a(crc32_sw.c.obj)
                              (--whole-archive)
zephyr/libzephyr.a(crc16_sw.c.obj)
                              (--whole-archive)
zephyr/libzephyr.a(crc8_sw.c.obj)
                              (--whole-archive)
zephyr/libzephyr.a(crc7_sw.c.obj)
                              (--whole-archive)
zephyr/libzephyr.a(cbprintf_complete.c.obj)
                              (--whole-archive)
zephyr/libzephyr.a(cbprintf.c.obj)
                              (--whole-archive)
zephyr/libzephyr.a(assert.c.obj)
                              (--whole-archive)
zephyr/libzephyr.a(configs.c.obj)
                              (--whole-archive)
zephyr/libzephyr.a(log_core.c.obj)
                              (--whole-archive)
zephyr/libzephyr.a(log_mgmt.c.obj)
                              (--whole-archive)
zephyr/libzephyr.a(log_cache.c.obj)
                              (--whole-archive)
zephyr/libzephyr.a(log_msg.c.obj)
                              (--whole-archive)
zephyr/libzephyr.a(log_output.c.obj)
                              (--whole-archive)
zephyr/libzephyr.a(log_backend_native_posix.c.obj)
                              (--whole-archive)
zephyr/libzephyr.a(tracing_none.c.obj)
                              (--whole-archive)
zephyr/libzephyr.a(addr_utils.c.obj)
                              (--whole-archive)
zephyr/arch/arch/posix/core/libarch__posix__core.a(cpuhalt.c.obj)
                              (--whole-archive)
zephyr/arch/arch/posix/core/libarch__posix__core.a(fatal.c.obj)
                              (--whole-archive)
zephyr/arch/arch/posix/core/libarch__posix__core.a(irq.c.obj)
                              (--whole-archive)
zephyr/arch/arch/posix/core/libarch__posix__core.a(posix_core.c.obj)
                              (--whole-archive)
zephyr/arch/arch/posix/core/libarch__posix__core.a(swap.c.obj)
                              (--whole-archive)
zephyr/arch/arch/posix/core/libarch__posix__core.a(thread.c.obj)
                              (--whole-archive)
zephyr/soc/posix/inf_clock/libsoc__posix__inf_clock.a(soc.c.obj)
                              (--whole-archive)
zephyr/boards/posix/native_posix/libboards__posix__native_posix.a(hw_models_top.c.obj)
                              (--whole-archive)
zephyr/boards/posix/native_posix/libboards__posix__native_posix.a(timer_model.c.obj)
                              (--whole-archive)
zephyr/boards/posix/native_posix/libboards__posix__native_posix.a(native_rtc.c.obj)
                              (--whole-archive)
zephyr/boards/posix/native_posix/libboards__posix__native_posix.a(irq_handler.c.obj)
                              (--whole-archive)
zephyr/boards/posix/native_posix/libboards__posix__native_posix.a(irq_ctrl.c.obj)
                              (--whole-archive)
zephyr/boards/posix/native_posix/libboards__posix__native_posix.a(main.c.obj)
                              (--whole-archive)
zephyr/boards/posix/native_posix/libboards__posix__native_posix.a(tracing.c.obj)
                              (--whole-archive)
zephyr/boards/posix/native_posix/libboards__posix__native_posix.a(cmdline_common.c.obj)
                              (--whole-archive)
zephyr/boards/posix/native_posix/libboards__posix__native_posix.a(cmdline.c.obj)
                              (--whole-archive)
zephyr/boards/posix/native_posix/libboards__posix__native_posix.a(cpu_wait.c.obj)
                              (--whole-archive)
[...]
Memory Configuration

Name             Origin             Length             Attributes
*default*        0x0000000000000000 0xffffffffffffffff

Linker script and memory map

LOAD app/libapp.a
LOAD zephyr/libzephyr.a
LOAD zephyr/arch/arch/posix/core/libarch__posix__core.a
LOAD zephyr/soc/posix/inf_clock/libsoc__posix__inf_clock.a
LOAD zephyr/boards/posix/native_posix/libboards__posix__native_posix.a
LOAD zephyr/subsys/canbus/isotp/libsubsys__canbus__isotp.a
LOAD zephyr/subsys/random/libsubsys__random.a
LOAD zephyr/subsys/testsuite/ztest/libsubsys__testsuite__ztest.a
LOAD zephyr/subsys/net/libsubsys__net.a
LOAD zephyr/drivers/can/libdrivers__can.a
LOAD zephyr/drivers/console/libdrivers__console.a
LOAD zephyr/drivers/entropy/libdrivers__entropy.a
LOAD zephyr/drivers/hwinfo/libdrivers__hwinfo.a
LOAD zephyr/drivers/timer/libdrivers__timer.a
LOAD modules/thingset-node-c/src/libthingset.a
LOAD modules/zcbor/libmodules__zcbor.a
LOAD zephyr/kernel/libkernel.a
LOAD /usr/lib/gcc/aarch64-linux-gnu/11/../../../aarch64-linux-gnu/libdl.a
LOAD /usr/lib/gcc/aarch64-linux-gnu/11/../../../aarch64-linux-gnu/libm.so
LOAD /usr/lib/gcc/aarch64-linux-gnu/11/libgcc.a
LOAD /usr/lib/gcc/aarch64-linux-gnu/11/libgcc_s.so
START GROUP
LOAD /usr/lib/gcc/aarch64-linux-gnu/11/../../../aarch64-linux-gnu/libgcc_s.so.1
LOAD /usr/lib/gcc/aarch64-linux-gnu/11/libgcc.a
END GROUP
LOAD /usr/lib/gcc/aarch64-linux-gnu/11/../../../aarch64-linux-gnu/libpthread.a
LOAD /usr/lib/gcc/aarch64-linux-gnu/11/../../../aarch64-linux-gnu/libc.so
START GROUP
LOAD /lib/aarch64-linux-gnu/libc.so.6
LOAD /usr/lib/aarch64-linux-gnu/libc_nonshared.a
LOAD /lib/ld-linux-aarch64.so.1
END GROUP
LOAD /usr/lib/gcc/aarch64-linux-gnu/11/libgcc.a
LOAD /usr/lib/gcc/aarch64-linux-gnu/11/libgcc_s.so
START GROUP
LOAD /usr/lib/gcc/aarch64-linux-gnu/11/../../../aarch64-linux-gnu/libgcc_s.so.1
LOAD /usr/lib/gcc/aarch64-linux-gnu/11/libgcc.a
END GROUP
LOAD /usr/lib/gcc/aarch64-linux-gnu/11/crtendS.o
LOAD /usr/lib/gcc/aarch64-linux-gnu/11/../../../aarch64-linux-gnu/crtn.o
                [!provide]                        PROVIDE (__executable_start = SEGMENT_START ("text-segment", 0x400000))
                0x0000000000400238                . = (SEGMENT_START ("text-segment", 0x400000) + SIZEOF_HEADERS)

.interp         0x0000000000400238       0x1b
 *(SORT_BY_ALIGNMENT(.interp))
 .interp        0x0000000000400238       0x1b /usr/lib/gcc/aarch64-linux-gnu/11/../../../aarch64-linux-gnu/Scrt1.o

.note.ABI-tag   0x0000000000400254       0x20
 .note.ABI-tag  0x0000000000400254       0x20 /usr/lib/gcc/aarch64-linux-gnu/11/../../../aarch64-linux-gnu/Scrt1.o

.note.gnu.build-id
 *(SORT_BY_ALIGNMENT(.note.gnu.build-id))

.hash
 *(SORT_BY_ALIGNMENT(.hash))

.gnu.hash       0x0000000000400278       0x1c
 *(SORT_BY_ALIGNMENT(.gnu.hash))
 .gnu.hash      0x0000000000400278       0x1c /usr/lib/gcc/aarch64-linux-gnu/11/../../../aarch64-linux-gnu/Scrt1.o

.dynsym         0x0000000000400298      0x618
 *(SORT_BY_ALIGNMENT(.dynsym))
 .dynsym        0x0000000000400298      0x618 /usr/lib/gcc/aarch64-linux-gnu/11/../../../aarch64-linux-gnu/Scrt1.o

.dynstr         0x00000000004008b0      0x323
 *(SORT_BY_ALIGNMENT(.dynstr))
 .dynstr        0x00000000004008b0      0x323 /usr/lib/gcc/aarch64-linux-gnu/11/../../../aarch64-linux-gnu/Scrt1.o

.gnu.version    0x0000000000400bd4       0x82
 *(SORT_BY_ALIGNMENT(.gnu.version))
 .gnu.version   0x0000000000400bd4       0x82 /usr/lib/gcc/aarch64-linux-gnu/11/../../../aarch64-linux-gnu/Scrt1.o

.gnu.version_d  0x0000000000400c58        0x0
 *(SORT_BY_ALIGNMENT(.gnu.version_d))
 .gnu.version_d
                0x0000000000400c58        0x0 /usr/lib/gcc/aarch64-linux-gnu/11/../../../aarch64-linux-gnu/Scrt1.o

.gnu.version_r  0x0000000000400c58       0x70
 *(SORT_BY_ALIGNMENT(.gnu.version_r))
 .gnu.version_r
                0x0000000000400c58       0x70 /usr/lib/gcc/aarch64-linux-gnu/11/../../../aarch64-linux-gnu/Scrt1.o

.rela.dyn       0x0000000000400cc8       0xa8
 *(SORT_BY_ALIGNMENT(.rela.init))
 *(SORT_BY_ALIGNMENT(.rela.text) SORT_BY_ALIGNMENT(.rela.text.*) SORT_BY_ALIGNMENT(.rela.gnu.linkonce.t.*))
 *(SORT_BY_ALIGNMENT(.rela.fini))
 *(SORT_BY_ALIGNMENT(.rela.rodata) SORT_BY_ALIGNMENT(.rela.rodata.*) SORT_BY_ALIGNMENT(.rela.gnu.linkonce.r.*))
 *(SORT_BY_ALIGNMENT(.rela.data) SORT_BY_ALIGNMENT(.rela.data.*) SORT_BY_ALIGNMENT(.rela.gnu.linkonce.d.*))
 .rela.data.rel.ro
                0x0000000000400cc8        0x0 /usr/lib/gcc/aarch64-linux-gnu/11/../../../aarch64-linux-gnu/Scrt1.o
 .rela.data.rel._char_out
                0x0000000000400cc8        0x0 /usr/lib/gcc/aarch64-linux-gnu/11/../../../aarch64-linux-gnu/Scrt1.o
 .rela.data.rel.ro.native_pre_tasks.0
                0x0000000000400cc8        0x0 /usr/lib/gcc/aarch64-linux-gnu/11/../../../aarch64-linux-gnu/Scrt1.o
 .rela.data.rel.ro.levels.0
                0x0000000000400cc8        0x0 /usr/lib/gcc/aarch64-linux-gnu/11/../../../aarch64-linux-gnu/Scrt1.o
 *(SORT_BY_ALIGNMENT(.rela.tdata) SORT_BY_ALIGNMENT(.rela.tdata.*) SORT_BY_ALIGNMENT(.rela.gnu.linkonce.td.*))
 *(SORT_BY_ALIGNMENT(.rela.tbss) SORT_BY_ALIGNMENT(.rela.tbss.*) SORT_BY_ALIGNMENT(.rela.gnu.linkonce.tb.*))
 *(SORT_BY_ALIGNMENT(.rela.ctors))
 *(SORT_BY_ALIGNMENT(.rela.dtors))
 *(SORT_BY_ALIGNMENT(.rela.got))
 .rela.got      0x0000000000400cc8       0xa8 /usr/lib/gcc/aarch64-linux-gnu/11/../../../aarch64-linux-gnu/Scrt1.o
 *(SORT_BY_ALIGNMENT(.rela.bss) SORT_BY_ALIGNMENT(.rela.bss.*) SORT_BY_ALIGNMENT(.rela.gnu.linkonce.b.*))
 .rela.bss      0x0000000000400d70        0x0 /usr/lib/gcc/aarch64-linux-gnu/11/../../../aarch64-linux-gnu/Scrt1.o
 *(SORT_BY_ALIGNMENT(.rela.ifunc))
 .rela._device.static.3_80_
                0x0000000000400d70        0x0 /usr/lib/gcc/aarch64-linux-gnu/11/../../../aarch64-linux-gnu/Scrt1.o
 .rela._device.static.1_50_
                0x0000000000400d70        0x0 /usr/lib/gcc/aarch64-linux-gnu/11/../../../aarch64-linux-gnu/Scrt1.o

.rela.plt       0x0000000000400d70      0x588
 *(SORT_BY_ALIGNMENT(.rela.plt))
 .rela.plt      0x0000000000400d70      0x588 /usr/lib/gcc/aarch64-linux-gnu/11/../../../aarch64-linux-gnu/Scrt1.o
                [!provide]                        PROVIDE (__rela_iplt_start = .)
 *(SORT_BY_ALIGNMENT(.rela.iplt))
 .rela.iplt     0x00000000004012f8        0x0 /usr/lib/gcc/aarch64-linux-gnu/11/../../../aarch64-linux-gnu/Scrt1.o
                [!provide]                        PROVIDE (__rela_iplt_end = .)

.init           0x00000000004012f8       0x18
 *(SORT_NONE(.init))
 .init          0x00000000004012f8       0x10 /usr/lib/gcc/aarch64-linux-gnu/11/../../../aarch64-linux-gnu/crti.o
                0x00000000004012f8                _init
 .init          0x0000000000401308        0x8 /usr/lib/gcc/aarch64-linux-gnu/11/../../../aarch64-linux-gnu/crtn.o

.plt            0x0000000000401310      0x3d0
 *(SORT_BY_ALIGNMENT(.plt))
 .plt           0x0000000000401310      0x3d0 /usr/lib/gcc/aarch64-linux-gnu/11/../../../aarch64-linux-gnu/Scrt1.o
                0x0000000000401330                memcpy@@GLIBC_2.17
                0x0000000000401340                memmove@@GLIBC_2.17
                0x0000000000401350                getcwd@@GLIBC_2.17
                0x0000000000401360                strtoul@@GLIBC_2.17
                0x0000000000401370                strlen@@GLIBC_2.17
                0x0000000000401380                exit@@GLIBC_2.17
                0x0000000000401390                __libc_start_main@@GLIBC_2.34
                0x00000000004013a0                strtoll@@GLIBC_2.17
                0x00000000004013b0                strnlen@@GLIBC_2.17
                0x00000000004013c0                strtod@@GLIBC_2.17
                0x00000000004013d0                __sigsetjmp@@GLIBC_2.17
                0x00000000004013e0                __cxa_finalize@@GLIBC_2.17
                0x00000000004013f0                clock_gettime@@GLIBC_2.17
                0x0000000000401400                setvbuf@@GLIBC_2.17
                0x0000000000401410                snprintf@@GLIBC_2.17
                0x0000000000401420                __memcpy_chk@@GLIBC_2.17
                0x0000000000401430                __snprintf_chk@@GLIBC_2.17
                0x0000000000401440                strtok_r@@GLIBC_2.17
                0x0000000000401450                __vsnprintf_chk@@GLIBC_2.17
                0x0000000000401460                lroundf@@GLIBC_2.17
                0x0000000000401470                sigemptyset@@GLIBC_2.17
                0x0000000000401480                strncmp@@GLIBC_2.17
                0x0000000000401490                memset@@GLIBC_2.17
                0x00000000004014a0                sleep@@GLIBC_2.17
                0x00000000004014b0                random@@GLIBC_2.17
                0x00000000004014c0                __vfprintf_chk@@GLIBC_2.17
                0x00000000004014d0                calloc@@GLIBC_2.17
                0x00000000004014e0                pthread_cond_broadcast@@GLIBC_2.17
                0x00000000004014f0                strcasecmp@@GLIBC_2.17
                0x0000000000401500                realloc@@GLIBC_2.17
                0x0000000000401510                strdup@@GLIBC_2.17
                0x0000000000401520                __stack_chk_fail@@GLIBC_2.17
                0x0000000000401530                sigaction@@GLIBC_2.17
                0x0000000000401550                __getauxval@@GLIBC_2.17
                0x0000000000401560                abort@@GLIBC_2.17
                0x0000000000401570                pthread_exit@@GLIBC_2.17
                0x0000000000401580                __fprintf_chk@@GLIBC_2.17
                0x0000000000401590                strcmp@@GLIBC_2.17
                0x00000000004015a0                __ctype_b_loc@@GLIBC_2.17
                0x00000000004015b0                pthread_detach@@GLIBC_2.34
                0x00000000004015c0                strtol@@GLIBC_2.17
                0x00000000004015d0                free@@GLIBC_2.17
                0x00000000004015e0                pthread_cond_wait@@GLIBC_2.17
                0x00000000004015f0                nanosleep@@GLIBC_2.17
                0x0000000000401600                __pthread_unwind_next@@GLIBC_2.34
                0x0000000000401610                strchr@@GLIBC_2.17
                0x0000000000401620                strtoull@@GLIBC_2.17
                0x0000000000401630                pthread_create@@GLIBC_2.34
                0x0000000000401640                memchr@@GLIBC_2.17
                0x0000000000401650                isatty@@GLIBC_2.17
                0x0000000000401660                srandom@@GLIBC_2.17
                0x0000000000401670                strncpy@@GLIBC_2.17
                0x0000000000401680                __pthread_register_cancel@@GLIBC_2.34
                0x0000000000401690                pthread_self@@GLIBC_2.17
                0x00000000004016a0                __errno_location@@GLIBC_2.17
                0x00000000004016b0                pthread_cancel@@GLIBC_2.34
                0x00000000004016c0                pthread_mutex_lock@@GLIBC_2.17
                0x00000000004016d0                pthread_mutex_unlock@@GLIBC_2.17
 *(SORT_BY_ALIGNMENT(.iplt))
 .iplt          0x00000000004016e0        0x0 /usr/lib/gcc/aarch64-linux-gnu/11/../../../aarch64-linux-gnu/Scrt1.o

.text           0x0000000000401700    0x16690
 *(SORT_BY_ALIGNMENT(.text.unlikely) SORT_BY_ALIGNMENT(.text.*_unlikely) SORT_BY_ALIGNMENT(.text.unlikely.*))
 *(SORT_BY_ALIGNMENT(.text.exit) SORT_BY_ALIGNMENT(.text.exit.*))
 *(SORT_BY_ALIGNMENT(.text.startup) SORT_BY_ALIGNMENT(.text.startup.*))
 .text.startup  0x0000000000401700       0x24 /usr/lib/gcc/aarch64-linux-gnu/11/libgcc.a(lse-init.o)
 *(SORT_BY_ALIGNMENT(.text.hot) SORT_BY_ALIGNMENT(.text.hot.*))
 *(SORT_BY_NAME(SORT_BY_ALIGNMENT(.text.sorted.*)))
 *(SORT_BY_ALIGNMENT(.text) SORT_BY_ALIGNMENT(.stub) SORT_BY_ALIGNMENT(.text.*) SORT_BY_ALIGNMENT(.gnu.linkonce.t.*))
 *fill*         0x0000000000401724       0x1c 1f2003d5
 .text          0x0000000000401740       0x34 /usr/lib/gcc/aarch64-linux-gnu/11/../../../aarch64-linux-gnu/Scrt1.o
                0x0000000000401740                _start
 *fill*         0x0000000000401774        0xc 1f2003d5
 .text          0x0000000000401780       0xc4 /usr/lib/gcc/aarch64-linux-gnu/11/crtbeginS.o
 *fill*         0x0000000000401844        0xc 1f2003d5
 .text          0x0000000000401850       0x30 /usr/lib/gcc/aarch64-linux-gnu/11/libgcc.a(ldadd_8_4.o)
                0x0000000000401850                __aarch64_ldadd8_acq_rel
 .text          0x0000000000401880      0x958 /usr/lib/gcc/aarch64-linux-gnu/11/libgcc.a(divtf3.o)
                0x0000000000401880                __divtf3
 *fill*         0x00000000004021d8        0x8 1f2003d5
 .text          0x00000000004021e0       0x9c /usr/lib/gcc/aarch64-linux-gnu/11/libgcc.a(floatunditf.o)
                0x00000000004021e0                __floatunditf
 *fill*         0x000000000040227c        0x4 1f2003d5
 .text          0x0000000000402280       0x70 /usr/lib/gcc/aarch64-linux-gnu/11/libgcc.a(sfp-exceptions.o)
                0x0000000000402280                __sfp_handle_exceptions
 .text          0x00000000004022f0       0x14 /usr/lib/gcc/aarch64-linux-gnu/11/../../../aarch64-linux-gnu/crti.o
 .text._OffsetAbsSyms
                0x0000000000402304        0x4 zephyr/CMakeFiles/offsets.dir/./arch/posix/core/offsets/offsets.c.obj
                0x0000000000402304                _OffsetAbsSyms
 .text.k_timer_stop
                0x0000000000402308        0x4 app/libapp.a(isotp_fast.c.obj)
 .text.send_can_tx_callback
                0x000000000040230c       0x7c app/libapp.a(isotp_fast.c.obj)
 .text.can_bytes_to_dlc
                0x0000000000402388        0x4 app/libapp.a(isotp_fast.c.obj)
 .text.z_log_msg_runtime_create.constprop.0
                0x000000000040238c       0xbc app/libapp.a(isotp_fast.c.obj)
 .text.send_timeout_handler
                0x0000000000402448       0x74 app/libapp.a(isotp_fast.c.obj)
 .text.receive_can_tx
                0x00000000004024bc       0x70 app/libapp.a(isotp_fast.c.obj)
 .text.receive_timeout_handler
                0x000000000040252c       0xa4 app/libapp.a(isotp_fast.c.obj)
 .text.sys_slist_find_and_remove.isra.0
                0x00000000004025d0       0x5c app/libapp.a(isotp_fast.c.obj)
 .text.free_send_ctx
                0x000000000040262c       0x44 app/libapp.a(isotp_fast.c.obj)
 .text.free_recv_ctx
                0x0000000000402670       0x50 app/libapp.a(isotp_fast.c.obj)
 .text.get_send_ctx
                0x00000000004026c0      0x128 app/libapp.a(isotp_fast.c.obj)
 .text.can_rx_callback
                0x00000000004027e8      0x724 app/libapp.a(isotp_fast.c.obj)
 .text.send_work_handler
                0x0000000000402f0c      0x440 app/libapp.a(isotp_fast.c.obj)
 .text.receive_send_fc
                0x000000000040334c      0x124 app/libapp.a(isotp_fast.c.obj)
 .text.receive_state_machine
                0x0000000000403470      0x2a0 app/libapp.a(isotp_fast.c.obj)
 .text.receive_work_handler
                0x0000000000403710        0x8 app/libapp.a(isotp_fast.c.obj)
 .text.isotp_fast_bind
                0x0000000000403718      0x118 app/libapp.a(isotp_fast.c.obj)
                0x0000000000403718                isotp_fast_bind
 .text.isotp_fast_send
                0x0000000000403830      0x1c4 app/libapp.a(isotp_fast.c.obj)
                0x0000000000403830                isotp_fast_send
 .text.z_log_msg_runtime_create.constprop.0
                0x00000000004039f4       0xc4 app/libapp.a(sdk.c.obj)
 .text.thingset_sdk_init
                0x0000000000403ab8      0x1a0 app/libapp.a(sdk.c.obj)
 .text.thingset_sdk_shared_buffer
                0x0000000000403c58        0xc app/libapp.a(sdk.c.obj)
                0x0000000000403c58                thingset_sdk_shared_buffer
 .text.thingset_sdk_reschedule_work
                0x0000000000403c64       0x14 app/libapp.a(sdk.c.obj)
                0x0000000000403c64                thingset_sdk_reschedule_work
 .text.thingset_can_report_rx_cb
                0x0000000000403c78       0x40 app/libapp.a(can.c.obj)
 .text.thingset_can_report_tx_cb
                0x0000000000403cb8        0x4 app/libapp.a(can.c.obj)
 .text.z_log_msg_runtime_create.constprop.0
                0x0000000000403cbc       0xbc app/libapp.a(can.c.obj)
 .text.thingset_can_addr_claim_rx_cb
                0x0000000000403d78       0xbc app/libapp.a(can.c.obj)
 .text.thingset_can_addr_claim_tx_handler
                0x0000000000403e34       0xc0 app/libapp.a(can.c.obj)
 .text.thingset_can_addr_discovery_rx_cb
                0x0000000000403ef4       0x64 app/libapp.a(can.c.obj)
 .text.isotp_fast_recv_error_callback
                0x0000000000403f58       0x2c app/libapp.a(can.c.obj)
                0x0000000000403f58                isotp_fast_recv_error_callback
 .text.thingset_can_report_tx_handler
                0x0000000000403f84      0x1f8 app/libapp.a(can.c.obj)
 .text.thingset_can_addr_claim_tx_cb
                0x000000000040417c       0x3c app/libapp.a(can.c.obj)
 .text.thingset_can_reset_request_response
                0x00000000004041b8       0x30 app/libapp.a(can.c.obj)
                0x00000000004041b8                thingset_can_reset_request_response
 .text.thingset_can_request_response_timeout_handler
                0x00000000004041e8       0x38 app/libapp.a(can.c.obj)
                0x00000000004041e8                thingset_can_request_response_timeout_handler
 .text.isotp_fast_sent_callback
                0x0000000000404220       0x48 app/libapp.a(can.c.obj)
                0x0000000000404220                isotp_fast_sent_callback
 .text.thingset_can_send_inst
                0x0000000000404268      0x114 app/libapp.a(can.c.obj)
                0x0000000000404268                thingset_can_send_inst
 .text.isotp_fast_recv_callback
                0x000000000040437c      0x140 app/libapp.a(can.c.obj)
                0x000000000040437c                isotp_fast_recv_callback
 .text.thingset_can_init_inst
                0x00000000004044bc      0x3c0 app/libapp.a(can.c.obj)
                0x00000000004044bc                thingset_can_init_inst
 .text.thingset_can_thread
                0x000000000040487c       0x5c app/libapp.a(can.c.obj)
 .text.thingset_can_set_report_rx_callback_inst
                0x00000000004048d8       0xac app/libapp.a(can.c.obj)
                0x00000000004048d8                thingset_can_set_report_rx_callback_inst
 .text.thingset_can_send
                0x0000000000404984       0x24 app/libapp.a(can.c.obj)
                0x0000000000404984                thingset_can_send
 .text.thingset_can_set_report_rx_callback
                0x00000000004049a8       0x10 app/libapp.a(can.c.obj)
                0x00000000004049a8                thingset_can_set_report_rx_callback
 .text.report_rx_callback
                0x00000000004049b8        0xc app/libapp.a(main.c.obj)
 .text.z_zassert.constprop.0
                0x00000000004049c4      0x10c app/libapp.a(main.c.obj)
 .text._thingset_isotp_fast_test_send_request_to_node_wrapper
                0x0000000000404ad0      0x148 app/libapp.a(main.c.obj)
 .text.request_rx_cb
                0x0000000000404c18        0xc app/libapp.a(main.c.obj)
 .text._thingset_isotp_fast_test_receive_report_from_node_wrapper
                0x0000000000404c24      0x108 app/libapp.a(main.c.obj)
 .text.thingset_isotp_fast_setup
                0x0000000000404d2c      0x138 app/libapp.a(main.c.obj)
 .text.cbvprintf_package
                0x0000000000404e64      0x774 zephyr/libzephyr.a(cbprintf_packaged.c.obj)
                0x0000000000404e64                cbvprintf_package
 .text.cbpprintf_external
                0x00000000004055d8       0xc4 zephyr/libzephyr.a(cbprintf_packaged.c.obj)
                0x00000000004055d8                cbpprintf_external
 .text.arch_printk_char_out
                0x000000000040569c        0x8 zephyr/libzephyr.a(printk.c.obj)
                0x000000000040569c                arch_printk_char_out
 .text.__printk_hook_install
                0x00000000004056a4       0x10 zephyr/libzephyr.a(printk.c.obj)
                0x00000000004056a4                __printk_hook_install
 .text.vprintk  0x00000000004056b4       0x24 zephyr/libzephyr.a(printk.c.obj)
                0x00000000004056b4                vprintk
 .text.printk   0x00000000004056d8       0xa8 zephyr/libzephyr.a(printk.c.obj)
                0x00000000004056d8                printk
 .text.z_thread_entry
                0x0000000000405780       0x3c zephyr/libzephyr.a(thread_entry.c.obj)
                0x0000000000405780                z_thread_entry
 .text.chunk_size
                0x00000000004057bc       0x14 zephyr/libzephyr.a(heap.c.obj)
 .text.free_list_remove_bidx
                0x00000000004057d0       0x5c zephyr/libzephyr.a(heap.c.obj)
 .text.alloc_chunk
                0x000000000040582c       0xb8 zephyr/libzephyr.a(heap.c.obj)
 .text.free_list_remove
                0x00000000004058e4       0x44 zephyr/libzephyr.a(heap.c.obj)
 .text.free_list_add
                0x0000000000405928       0x94 zephyr/libzephyr.a(heap.c.obj)
 .text.merge_chunks
                0x00000000004059bc       0x5c zephyr/libzephyr.a(heap.c.obj)
 .text.free_chunk
                0x0000000000405a18       0x9c zephyr/libzephyr.a(heap.c.obj)
 .text.split_chunks
                0x0000000000405ab4       0x68 zephyr/libzephyr.a(heap.c.obj)
 .text.sys_heap_free
                0x0000000000405b1c      0x124 zephyr/libzephyr.a(heap.c.obj)
                0x0000000000405b1c                sys_heap_free
 .text.sys_heap_alloc
                0x0000000000405c40       0xa0 zephyr/libzephyr.a(heap.c.obj)
                0x0000000000405c40                sys_heap_alloc
 .text.sys_heap_aligned_alloc
                0x0000000000405ce0      0x1a4 zephyr/libzephyr.a(heap.c.obj)
                0x0000000000405ce0                sys_heap_aligned_alloc
 .text.sys_heap_init
                0x0000000000405e84      0x1fc zephyr/libzephyr.a(heap.c.obj)
                0x0000000000405e84                sys_heap_init
 .text.crc32_ieee_update
                0x0000000000406080       0x4c zephyr/libzephyr.a(crc32_sw.c.obj)
                0x0000000000406080                crc32_ieee_update
 .text.crc32_ieee
                0x00000000004060cc       0x10 zephyr/libzephyr.a(crc32_sw.c.obj)
                0x00000000004060cc                crc32_ieee
 .text.outs     0x00000000004060dc       0x70 zephyr/libzephyr.a(cbprintf_complete.c.obj)
 .text.extract_decimal
                0x000000000040614c       0x50 zephyr/libzephyr.a(cbprintf_complete.c.obj)
 .text.encode_uint
                0x000000000040619c       0xfc zephyr/libzephyr.a(cbprintf_complete.c.obj)
 .text.z_cbvprintf_impl
                0x0000000000406298      0xb90 zephyr/libzephyr.a(cbprintf_complete.c.obj)
                0x0000000000406298                z_cbvprintf_impl
 .text.assert_print
                0x0000000000406e28       0xa8 zephyr/libzephyr.a(assert.c.obj)
                0x0000000000406e28                assert_print
 .text.assert_post_action
                0x0000000000406ed0       0x30 zephyr/libzephyr.a(assert.c.obj)
                0x0000000000406ed0                assert_post_action
 .text._ConfigAbsSyms
                0x0000000000406f00        0x4 zephyr/libzephyr.a(configs.c.obj)
                0x0000000000406f00                _ConfigAbsSyms
 .text.dummy_timestamp
                0x0000000000406f04        0x8 zephyr/libzephyr.a(log_core.c.obj)
 .text.default_get_timestamp
                0x0000000000406f0c        0x4 zephyr/libzephyr.a(log_core.c.obj)
 .text.log_backend_is_active
                0x0000000000406f10        0xc zephyr/libzephyr.a(log_core.c.obj)
 .text.log_backend_is_ready
                0x0000000000406f1c       0x1c zephyr/libzephyr.a(log_core.c.obj)
 .text.z_log_init.isra.0
                0x0000000000406f38      0x1dc zephyr/libzephyr.a(log_core.c.obj)
 .text.enable_logger
                0x0000000000407114       0x20 zephyr/libzephyr.a(log_core.c.obj)
 .text.log_format_func_t_get
                0x0000000000407134       0x10 zephyr/libzephyr.a(log_core.c.obj)
                0x0000000000407134                log_format_func_t_get
 .text.z_log_vprintk
                0x0000000000407144       0x48 zephyr/libzephyr.a(log_core.c.obj)
                0x0000000000407144                z_log_vprintk
 .text.log_set_timestamp_func
                0x000000000040718c       0x34 zephyr/libzephyr.a(log_core.c.obj)
                0x000000000040718c                log_set_timestamp_func
 .text.log_core_init
                0x00000000004071c0       0x2c zephyr/libzephyr.a(log_core.c.obj)
                0x00000000004071c0                log_core_init
 .text.z_impl_log_panic
                0x00000000004071ec      0x110 zephyr/libzephyr.a(log_core.c.obj)
                0x00000000004071ec                z_impl_log_panic
 .text.z_log_notify_backend_enabled
                0x00000000004072fc        0x4 zephyr/libzephyr.a(log_core.c.obj)
                0x00000000004072fc                z_log_notify_backend_enabled
 .text.z_impl_log_process
                0x0000000000407300        0x8 zephyr/libzephyr.a(log_core.c.obj)
                0x0000000000407300                z_impl_log_process
 .text.z_log_dropped
                0x0000000000407308       0x40 zephyr/libzephyr.a(log_core.c.obj)
                0x0000000000407308                z_log_dropped
 .text.z_log_msg_commit
                0x0000000000407348      0x108 zephyr/libzephyr.a(log_core.c.obj)
                0x0000000000407348                z_log_msg_commit
 .text.z_log_get_tag
                0x0000000000407450        0x8 zephyr/libzephyr.a(log_core.c.obj)
                0x0000000000407450                z_log_get_tag
 .text.log_src_cnt_get
                0x0000000000407458       0x1c zephyr/libzephyr.a(log_mgmt.c.obj)
                0x0000000000407458                log_src_cnt_get
 .text.log_source_name_get
                0x0000000000407474       0x40 zephyr/libzephyr.a(log_mgmt.c.obj)
                0x0000000000407474                log_source_name_get
 .text.log_backend_enable
                0x00000000004074b4       0x94 zephyr/libzephyr.a(log_mgmt.c.obj)
                0x00000000004074b4                log_backend_enable
 .text.z_log_msg_finalize
                0x0000000000407548       0x60 zephyr/libzephyr.a(log_msg.c.obj)
                0x0000000000407548                z_log_msg_finalize
 .text.z_impl_z_log_msg_runtime_vcreate
                0x00000000004075a8      0x1dc zephyr/libzephyr.a(log_msg.c.obj)
                0x00000000004075a8                z_impl_z_log_msg_runtime_vcreate
 .text.out_func
                0x0000000000407784       0x60 zephyr/libzephyr.a(log_output.c.obj)
 .text.cr_out_func
                0x00000000004077e4       0x40 zephyr/libzephyr.a(log_output.c.obj)
 .text.buffer_write
                0x0000000000407824       0x4c zephyr/libzephyr.a(log_output.c.obj)
 .text.cbvprintf
                0x0000000000407870       0x28 zephyr/libzephyr.a(log_output.c.obj)
 .text.print_formatted
                0x0000000000407898       0xb4 zephyr/libzephyr.a(log_output.c.obj)
 .text.log_output_flush
                0x000000000040794c       0x34 zephyr/libzephyr.a(log_output.c.obj)
                0x000000000040794c                log_output_flush
 .text.log_output_process
                0x0000000000407980      0x470 zephyr/libzephyr.a(log_output.c.obj)
                0x0000000000407980                log_output_process
 .text.log_output_msg_process
                0x0000000000407df0       0xa8 zephyr/libzephyr.a(log_output.c.obj)
                0x0000000000407df0                log_output_msg_process
 .text.log_output_timestamp_freq_set
                0x0000000000407e98       0x44 zephyr/libzephyr.a(log_output.c.obj)
                0x0000000000407e98                log_output_timestamp_freq_set
 .text.format_set
                0x0000000000407edc       0x10 zephyr/libzephyr.a(log_backend_native_posix.c.obj)
 .text.panic    0x0000000000407eec        0xc zephyr/libzephyr.a(log_backend_native_posix.c.obj)
 .text.char_out
                0x0000000000407ef8       0xb4 zephyr/libzephyr.a(log_backend_native_posix.c.obj)
 .text.process  0x0000000000407fac       0x3c zephyr/libzephyr.a(log_backend_native_posix.c.obj)
 .text.sys_trace_isr_enter
                0x0000000000407fe8        0x4 zephyr/libzephyr.a(tracing_none.c.obj)
                0x0000000000407fe8                sys_trace_isr_enter
 .text.sys_trace_isr_exit
                0x0000000000407fec        0x4 zephyr/libzephyr.a(tracing_none.c.obj)
                0x0000000000407fec                sys_trace_isr_exit
 .text.sys_trace_idle
                0x0000000000407ff0        0x4 zephyr/libzephyr.a(tracing_none.c.obj)
                0x0000000000407ff0                sys_trace_idle
 .text.arch_cpu_idle
                0x0000000000407ff4       0x18 zephyr/arch/arch/posix/core/libarch__posix__core.a(cpuhalt.c.obj)
                0x0000000000407ff4                arch_cpu_idle
 .text.arch_system_halt
                0x000000000040800c       0x2c zephyr/arch/arch/posix/core/libarch__posix__core.a(fatal.c.obj)
                0x000000000040800c                arch_system_halt
 .text.arch_irq_enable
                0x0000000000408038        0x4 zephyr/arch/arch/posix/core/libarch__posix__core.a(irq.c.obj)
                0x0000000000408038                arch_irq_enable
 .text.pc_safe_call
                0x000000000040803c       0x14 zephyr/arch/arch/posix/core/libarch__posix__core.a(posix_core.c.obj)
 .text.posix_preexit_cleanup
                0x0000000000408050       0x2c zephyr/arch/arch/posix/core/libarch__posix__core.a(posix_core.c.obj)
 .text.abort_tail
                0x000000000040807c       0x30 zephyr/arch/arch/posix/core/libarch__posix__core.a(posix_core.c.obj)
 .text.posix_wait_until_allowed
                0x00000000004080ac       0x9c zephyr/arch/arch/posix/core/libarch__posix__core.a(posix_core.c.obj)
 .text.posix_cleanup_handler
                0x0000000000408148       0x3c zephyr/arch/arch/posix/core/libarch__posix__core.a(posix_core.c.obj)
 .text.posix_thread_starter
                0x0000000000408184       0xbc zephyr/arch/arch/posix/core/libarch__posix__core.a(posix_core.c.obj)
 .text.posix_swap
                0x0000000000408240       0x5c zephyr/arch/arch/posix/core/libarch__posix__core.a(posix_core.c.obj)
                0x0000000000408240                posix_swap
 .text.posix_main_thread_start
                0x000000000040829c       0x34 zephyr/arch/arch/posix/core/libarch__posix__core.a(posix_core.c.obj)
                0x000000000040829c                posix_main_thread_start
 .text.posix_new_thread
                0x00000000004082d0       0xf4 zephyr/arch/arch/posix/core/libarch__posix__core.a(posix_core.c.obj)
                0x00000000004082d0                posix_new_thread
 .text.posix_init_multithreading
                0x00000000004083c4       0x68 zephyr/arch/arch/posix/core/libarch__posix__core.a(posix_core.c.obj)
                0x00000000004083c4                posix_init_multithreading
 .text.posix_core_clean_up
                0x000000000040842c       0xa4 zephyr/arch/arch/posix/core/libarch__posix__core.a(posix_core.c.obj)
                0x000000000040842c                posix_core_clean_up
 .text.posix_abort_thread
                0x00000000004084d0       0x24 zephyr/arch/arch/posix/core/libarch__posix__core.a(posix_core.c.obj)
                0x00000000004084d0                posix_abort_thread
 .text.z_impl_k_thread_abort
                0x00000000004084f4       0xa4 zephyr/arch/arch/posix/core/libarch__posix__core.a(posix_core.c.obj)
                0x00000000004084f4                z_impl_k_thread_abort
 .text.arch_swap
                0x0000000000408598       0x60 zephyr/arch/arch/posix/core/libarch__posix__core.a(swap.c.obj)
                0x0000000000408598                arch_swap
 .text.arch_switch_to_main_thread
                0x00000000004085f8       0x1c zephyr/arch/arch/posix/core/libarch__posix__core.a(swap.c.obj)
                0x00000000004085f8                arch_switch_to_main_thread
 .text.arch_new_thread
                0x0000000000408614       0x20 zephyr/arch/arch/posix/core/libarch__posix__core.a(thread.c.obj)
                0x0000000000408614                arch_new_thread
 .text.posix_new_thread_pre_start
                0x0000000000408634        0x4 zephyr/arch/arch/posix/core/libarch__posix__core.a(thread.c.obj)
                0x0000000000408634                posix_new_thread_pre_start
 .text.pc_safe_call
                0x0000000000408638       0x14 zephyr/soc/posix/inf_clock/libsoc__posix__inf_clock.a(soc.c.obj)
 .text.zephyr_wrapper
                0x000000000040864c       0x44 zephyr/soc/posix/inf_clock/libsoc__posix__inf_clock.a(soc.c.obj)
 .text.posix_is_cpu_running
                0x0000000000408690       0x10 zephyr/soc/posix/inf_clock/libsoc__posix__inf_clock.a(soc.c.obj)
                0x0000000000408690                posix_is_cpu_running
 .text.posix_change_cpu_state_and_wait
                0x00000000004086a0       0x9c zephyr/soc/posix/inf_clock/libsoc__posix__inf_clock.a(soc.c.obj)
                0x00000000004086a0                posix_change_cpu_state_and_wait
 .text.posix_interrupt_raised
                0x000000000040873c       0x30 zephyr/soc/posix/inf_clock/libsoc__posix__inf_clock.a(soc.c.obj)
                0x000000000040873c                posix_interrupt_raised
 .text.posix_halt_cpu
                0x000000000040876c       0x18 zephyr/soc/posix/inf_clock/libsoc__posix__inf_clock.a(soc.c.obj)
                0x000000000040876c                posix_halt_cpu
 .text.posix_boot_cpu
                0x0000000000408784       0xe8 zephyr/soc/posix/inf_clock/libsoc__posix__inf_clock.a(soc.c.obj)
                0x0000000000408784                posix_boot_cpu
 .text.run_native_tasks
                0x000000000040886c       0x48 zephyr/soc/posix/inf_clock/libsoc__posix__inf_clock.a(soc.c.obj)
                0x000000000040886c                run_native_tasks
 .text.posix_soc_clean_up
                0x00000000004088b4       0xb0 zephyr/soc/posix/inf_clock/libsoc__posix__inf_clock.a(soc.c.obj)
                0x00000000004088b4                posix_soc_clean_up
 .text.hwm_signal_end_handler
                0x0000000000408964       0x10 zephyr/boards/posix/native_posix/libboards__posix__native_posix.a(hw_models_top.c.obj)
                0x0000000000408964                hwm_signal_end_handler
 .text.hwm_set_sig_handler
                0x0000000000408974       0xd4 zephyr/boards/posix/native_posix/libboards__posix__native_posix.a(hw_models_top.c.obj)
                0x0000000000408974                hwm_set_sig_handler
 .text.hwm_find_next_timer
                0x0000000000408a48       0x64 zephyr/boards/posix/native_posix/libboards__posix__native_posix.a(hw_models_top.c.obj)
                0x0000000000408a48                hwm_find_next_timer
 .text.hwm_one_event
                0x0000000000408aac       0xd0 zephyr/boards/posix/native_posix/libboards__posix__native_posix.a(hw_models_top.c.obj)
                0x0000000000408aac                hwm_one_event
 .text.hwm_set_end_of_time
                0x0000000000408b7c        0xc zephyr/boards/posix/native_posix/libboards__posix__native_posix.a(hw_models_top.c.obj)
                0x0000000000408b7c                hwm_set_end_of_time
 .text.hwm_get_time
                0x0000000000408b88        0xc zephyr/boards/posix/native_posix/libboards__posix__native_posix.a(hw_models_top.c.obj)
                0x0000000000408b88                hwm_get_time
 .text.hwm_init
                0x0000000000408b94       0x20 zephyr/boards/posix/native_posix/libboards__posix__native_posix.a(hw_models_top.c.obj)
                0x0000000000408b94                hwm_init
 .text.hwm_cleanup
                0x0000000000408bb4       0x14 zephyr/boards/posix/native_posix/libboards__posix__native_posix.a(hw_models_top.c.obj)
                0x0000000000408bb4                hwm_cleanup
 .text.hwtimer_update_timer
                0x0000000000408bc8       0x30 zephyr/boards/posix/native_posix/libboards__posix__native_posix.a(timer_model.c.obj)
 .text.native_add_time_options
                0x0000000000408bf8        0xc zephyr/boards/posix/native_posix/libboards__posix__native_posix.a(timer_model.c.obj)
 .text.cmd_stop_at_found
                0x0000000000408c04       0x54 zephyr/boards/posix/native_posix/libboards__posix__native_posix.a(timer_model.c.obj)
 .text.hwtimer_set_real_time_mode
                0x0000000000408c58        0xc zephyr/boards/posix/native_posix/libboards__posix__native_posix.a(timer_model.c.obj)
                0x0000000000408c58                hwtimer_set_real_time_mode
 .text.cmd_no_realtime_found
                0x0000000000408c64        0x8 zephyr/boards/posix/native_posix/libboards__posix__native_posix.a(timer_model.c.obj)
 .text.cmd_realtime_found
                0x0000000000408c6c        0x8 zephyr/boards/posix/native_posix/libboards__posix__native_posix.a(timer_model.c.obj)
 .text.get_host_us_time
                0x0000000000408c74       0x80 zephyr/boards/posix/native_posix/libboards__posix__native_posix.a(timer_model.c.obj)
                0x0000000000408c74                get_host_us_time
 .text.hwtimer_init
                0x0000000000408cf4       0xe0 zephyr/boards/posix/native_posix/libboards__posix__native_posix.a(timer_model.c.obj)
                0x0000000000408cf4                hwtimer_init
 .text.hwtimer_cleanup
                0x0000000000408dd4        0x4 zephyr/boards/posix/native_posix/libboards__posix__native_posix.a(timer_model.c.obj)
                0x0000000000408dd4                hwtimer_cleanup
 .text.hwtimer_enable
                0x0000000000408dd8       0x3c zephyr/boards/posix/native_posix/libboards__posix__native_posix.a(timer_model.c.obj)
                0x0000000000408dd8                hwtimer_enable
 .text.hwtimer_timer_reached
                0x0000000000408e14      0x194 zephyr/boards/posix/native_posix/libboards__posix__native_posix.a(timer_model.c.obj)
                0x0000000000408e14                hwtimer_timer_reached
 .text.hwtimer_set_silent_ticks
                0x0000000000408fa8        0xc zephyr/boards/posix/native_posix/libboards__posix__native_posix.a(timer_model.c.obj)
                0x0000000000408fa8                hwtimer_set_silent_ticks
 .text.hwtimer_reset_rtc
                0x0000000000408fb4       0x10 zephyr/boards/posix/native_posix/libboards__posix__native_posix.a(timer_model.c.obj)
                0x0000000000408fb4                hwtimer_reset_rtc
 .text.cmd_rtcreset_found
                0x0000000000408fc4        0x4 zephyr/boards/posix/native_posix/libboards__posix__native_posix.a(timer_model.c.obj)
 .text.hwtimer_set_rtc_offset
                0x0000000000408fc8        0xc zephyr/boards/posix/native_posix/libboards__posix__native_posix.a(timer_model.c.obj)
                0x0000000000408fc8                hwtimer_set_rtc_offset
 .text.cmd_rtcoffset_found
                0x0000000000408fd4       0x20 zephyr/boards/posix/native_posix/libboards__posix__native_posix.a(timer_model.c.obj)
 .text.hwtimer_set_rt_ratio
                0x0000000000408ff4        0xc zephyr/boards/posix/native_posix/libboards__posix__native_posix.a(timer_model.c.obj)
                0x0000000000408ff4                hwtimer_set_rt_ratio
 .text.cmd_rt_ratio_found
                0x0000000000409000       0x44 zephyr/boards/posix/native_posix/libboards__posix__native_posix.a(timer_model.c.obj)
 .text.cmd_rt_drift_found
                0x0000000000409044       0x50 zephyr/boards/posix/native_posix/libboards__posix__native_posix.a(timer_model.c.obj)
 .text.posix_irq_handler
                0x0000000000409094      0x16c zephyr/boards/posix/native_posix/libboards__posix__native_posix.a(irq_handler.c.obj)
                0x0000000000409094                posix_irq_handler
 .text.posix_irq_handler_im_from_sw
                0x0000000000409200       0x40 zephyr/boards/posix/native_posix/libboards__posix__native_posix.a(irq_handler.c.obj)
                0x0000000000409200                posix_irq_handler_im_from_sw
 .text.posix_irq_lock
                0x0000000000409240        0x8 zephyr/boards/posix/native_posix/libboards__posix__native_posix.a(irq_handler.c.obj)
                0x0000000000409240                posix_irq_lock
 .text.posix_irq_unlock
                0x0000000000409248        0x4 zephyr/boards/posix/native_posix/libboards__posix__native_posix.a(irq_handler.c.obj)
                0x0000000000409248                posix_irq_unlock
 .text.posix_irq_full_unlock
                0x000000000040924c        0x8 zephyr/boards/posix/native_posix/libboards__posix__native_posix.a(irq_handler.c.obj)
                0x000000000040924c                posix_irq_full_unlock
 .text.posix_irq_enable
                0x0000000000409254        0x4 zephyr/boards/posix/native_posix/libboards__posix__native_posix.a(irq_handler.c.obj)
                0x0000000000409254                posix_irq_enable
 .text.posix_isr_declare
                0x0000000000409258       0x28 zephyr/boards/posix/native_posix/libboards__posix__native_posix.a(irq_handler.c.obj)
                0x0000000000409258                posix_isr_declare
 .text.posix_irq_priority_set
                0x0000000000409280        0x4 zephyr/boards/posix/native_posix/libboards__posix__native_posix.a(irq_handler.c.obj)
                0x0000000000409280                posix_irq_priority_set
 .text.irq_raising_from_hw_now
                0x0000000000409284       0x24 zephyr/boards/posix/native_posix/libboards__posix__native_posix.a(irq_ctrl.c.obj)
 .text.hw_irq_ctrl_irq_raise_prefix
                0x00000000004092a8       0x68 zephyr/boards/posix/native_posix/libboards__posix__native_posix.a(irq_ctrl.c.obj)
 .text.hw_irq_ctrl_init
                0x0000000000409310       0x34 zephyr/boards/posix/native_posix/libboards__posix__native_posix.a(irq_ctrl.c.obj)
                0x0000000000409310                hw_irq_ctrl_init
 .text.hw_irq_ctrl_cleanup
                0x0000000000409344        0x4 zephyr/boards/posix/native_posix/libboards__posix__native_posix.a(irq_ctrl.c.obj)
                0x0000000000409344                hw_irq_ctrl_cleanup
 .text.hw_irq_ctrl_set_cur_prio
                0x0000000000409348        0xc zephyr/boards/posix/native_posix/libboards__posix__native_posix.a(irq_ctrl.c.obj)
                0x0000000000409348                hw_irq_ctrl_set_cur_prio
 .text.hw_irq_ctrl_get_cur_prio
                0x0000000000409354        0xc zephyr/boards/posix/native_posix/libboards__posix__native_posix.a(irq_ctrl.c.obj)
                0x0000000000409354                hw_irq_ctrl_get_cur_prio
 .text.hw_irq_ctrl_prio_set
                0x0000000000409360       0x10 zephyr/boards/posix/native_posix/libboards__posix__native_posix.a(irq_ctrl.c.obj)
                0x0000000000409360                hw_irq_ctrl_prio_set
 .text.hw_irq_ctrl_get_prio
                0x0000000000409370       0x10 zephyr/boards/posix/native_posix/libboards__posix__native_posix.a(irq_ctrl.c.obj)
                0x0000000000409370                hw_irq_ctrl_get_prio
 .text.hw_irq_ctrl_get_current_lock
                0x0000000000409380        0xc zephyr/boards/posix/native_posix/libboards__posix__native_posix.a(irq_ctrl.c.obj)
                0x0000000000409380                hw_irq_ctrl_get_current_lock
 .text.hw_irq_ctrl_change_lock
                0x000000000040938c       0x48 zephyr/boards/posix/native_posix/libboards__posix__native_posix.a(irq_ctrl.c.obj)
                0x000000000040938c                hw_irq_ctrl_change_lock
 .text.hw_irq_ctrl_get_irq_status
                0x00000000004093d4        0xc zephyr/boards/posix/native_posix/libboards__posix__native_posix.a(irq_ctrl.c.obj)
                0x00000000004093d4                hw_irq_ctrl_get_irq_status
 .text.hw_irq_ctrl_get_highest_prio_irq
                0x00000000004093e0       0x84 zephyr/boards/posix/native_posix/libboards__posix__native_posix.a(irq_ctrl.c.obj)
                0x00000000004093e0                hw_irq_ctrl_get_highest_prio_irq
 .text.hw_irq_ctrl_clear_irq
                0x0000000000409464       0x2c zephyr/boards/posix/native_posix/libboards__posix__native_posix.a(irq_ctrl.c.obj)
                0x0000000000409464                hw_irq_ctrl_clear_irq
 .text.hw_irq_ctrl_set_irq
                0x0000000000409490       0x44 zephyr/boards/posix/native_posix/libboards__posix__native_posix.a(irq_ctrl.c.obj)
                0x0000000000409490                hw_irq_ctrl_set_irq
 .text.hw_irq_ctrl_raise_im_from_sw
                0x00000000004094d4       0x28 zephyr/boards/posix/native_posix/libboards__posix__native_posix.a(irq_ctrl.c.obj)
                0x00000000004094d4                hw_irq_ctrl_raise_im_from_sw
 .text.hw_irq_ctrl_enable_irq
                0x00000000004094fc       0x30 zephyr/boards/posix/native_posix/libboards__posix__native_posix.a(irq_ctrl.c.obj)
                0x00000000004094fc                hw_irq_ctrl_enable_irq
 .text.hw_irq_ctrl_timer_triggered
                0x000000000040952c       0x14 zephyr/boards/posix/native_posix/libboards__posix__native_posix.a(irq_ctrl.c.obj)
                0x000000000040952c                hw_irq_ctrl_timer_triggered
 .text.posix_exit
                0x0000000000409540       0x34 zephyr/boards/posix/native_posix/libboards__posix__native_posix.a(main.c.obj)
                0x0000000000409540                posix_exit
 .text.posix_init
                0x0000000000409574       0x88 zephyr/boards/posix/native_posix/libboards__posix__native_posix.a(main.c.obj)
                0x0000000000409574                posix_init
 .text.main     0x00000000004095fc       0x14 zephyr/boards/posix/native_posix/libboards__posix__native_posix.a(main.c.obj)
                0x00000000004095fc                main
 .text.trace_disable_color
                0x0000000000409610       0x10 zephyr/boards/posix/native_posix/libboards__posix__native_posix.a(tracing.c.obj)
                0x0000000000409610                trace_disable_color
 .text.trace_enable_color
                0x0000000000409620       0x14 zephyr/boards/posix/native_posix/libboards__posix__native_posix.a(tracing.c.obj)
                0x0000000000409620                trace_enable_color
 .text.trace_force_color
                0x0000000000409634       0x14 zephyr/boards/posix/native_posix/libboards__posix__native_posix.a(tracing.c.obj)
                0x0000000000409634                trace_force_color
 .text.decide_about_color
                0x0000000000409648       0x50 zephyr/boards/posix/native_posix/libboards__posix__native_posix.a(tracing.c.obj)
 .text.posix_print_error_and_exit
                0x0000000000409698       0xd0 zephyr/boards/posix/native_posix/libboards__posix__native_posix.a(tracing.c.obj)
                0x0000000000409698                posix_print_error_and_exit
 .text.posix_print_warning
                0x0000000000409768       0xc8 zephyr/boards/posix/native_posix/libboards__posix__native_posix.a(tracing.c.obj)
                0x0000000000409768                posix_print_warning
 .text.posix_print_trace
                0x0000000000409830       0xc8 zephyr/boards/posix/native_posix/libboards__posix__native_posix.a(tracing.c.obj)
                0x0000000000409830                posix_print_trace
 .text.native_add_tracing_options
                0x00000000004098f8        0xc zephyr/boards/posix/native_posix/libboards__posix__native_posix.a(tracing.c.obj)
                0x00000000004098f8                native_add_tracing_options
 .text.cmd_gen_switch_syntax.constprop.0
                0x0000000000409904      0x100 zephyr/boards/posix/native_posix/libboards__posix__native_posix.a(cmdline_common.c.obj)
 .text.cmd_is_option
                0x0000000000409a04       0xdc zephyr/boards/posix/native_posix/libboards__posix__native_posix.a(cmdline_common.c.obj)
                0x0000000000409a04                cmd_is_option
 .text.cmd_is_help_option
                0x0000000000409ae0       0x84 zephyr/boards/posix/native_posix/libboards__posix__native_posix.a(cmdline_common.c.obj)
                0x0000000000409ae0                cmd_is_help_option
 .text.cmd_read_option_value
                0x0000000000409b64      0x1c4 zephyr/boards/posix/native_posix/libboards__posix__native_posix.a(cmdline_common.c.obj)
                0x0000000000409b64                cmd_read_option_value
 .text.cmd_args_set_defaults
                0x0000000000409d28       0xe8 zephyr/boards/posix/native_posix/libboards__posix__native_posix.a(cmdline_common.c.obj)
                0x0000000000409d28                cmd_args_set_defaults
 .text.cmd_print_switches_help
                0x0000000000409e10      0x11c zephyr/boards/posix/native_posix/libboards__posix__native_posix.a(cmdline_common.c.obj)
                0x0000000000409e10                cmd_print_switches_help
 .text.cmd_print_long_help
                0x0000000000409f2c      0x1a0 zephyr/boards/posix/native_posix/libboards__posix__native_posix.a(cmdline_common.c.obj)
                0x0000000000409f2c                cmd_print_long_help
 .text.cmd_parse_one_arg
                0x000000000040a0cc       0xd4 zephyr/boards/posix/native_posix/libboards__posix__native_posix.a(cmdline_common.c.obj)
                0x000000000040a0cc                cmd_parse_one_arg
 .text.native_cleanup_cmd_line
                0x000000000040a1a0       0x2c zephyr/boards/posix/native_posix/libboards__posix__native_posix.a(cmdline.c.obj)
                0x000000000040a1a0                native_cleanup_cmd_line
 .text.native_add_command_line_opts
                0x000000000040a1cc       0xcc zephyr/boards/posix/native_posix/libboards__posix__native_posix.a(cmdline.c.obj)
                0x000000000040a1cc                native_add_command_line_opts
 .text.native_add_testargs_option
                0x000000000040a298        0xc zephyr/boards/posix/native_posix/libboards__posix__native_posix.a(cmdline.c.obj)
                0x000000000040a298                native_add_testargs_option
 .text.native_handle_cmd_line
                0x000000000040a2a4       0xe0 zephyr/boards/posix/native_posix/libboards__posix__native_posix.a(cmdline.c.obj)
                0x000000000040a2a4                native_handle_cmd_line
 .text.hw_counter_init
                0x000000000040a384       0x34 zephyr/boards/posix/native_posix/libboards__posix__native_posix.a(hw_counter.c.obj)
                0x000000000040a384                hw_counter_init
 .text.hw_counter_triggered
                0x000000000040a3b8       0x7c zephyr/boards/posix/native_posix/libboards__posix__native_posix.a(hw_counter.c.obj)
                0x000000000040a3b8                hw_counter_triggered
 .text.receive_pool_free
                0x000000000040a434       0x48 zephyr/subsys/canbus/isotp/libsubsys__canbus__isotp.a(isotp.c.obj)
 .text.receive_ff_sf_pool_free
                0x000000000040a47c       0x48 zephyr/subsys/canbus/isotp/libsubsys__canbus__isotp.a(isotp.c.obj)
 .text.z_impl_entropy_get_entropy.constprop.0
                0x000000000040a4c4       0x84 zephyr/subsys/random/libsubsys__random.a(rand32_entropy_device.c.obj)
 .text.z_impl_sys_rand32_get
                0x000000000040a548       0xd4 zephyr/subsys/random/libsubsys__random.a(rand32_entropy_device.c.obj)
                0x000000000040a548                z_impl_sys_rand32_get
 .text.get_friendly_phase_name
                0x000000000040a61c       0x74 zephyr/subsys/testsuite/ztest/libsubsys__testsuite__ztest.a(ztest_new.c.obj)
 .text.ztest_find_test_suite
                0x000000000040a690       0x5c zephyr/subsys/testsuite/ztest/libsubsys__testsuite__ztest.a(ztest_new.c.obj)
 .text.test_cb  0x000000000040a6ec       0xa4 zephyr/subsys/testsuite/ztest/libsubsys__testsuite__ztest.a(ztest_new.c.obj)
 .text.test_finalize
                0x000000000040a790       0x20 zephyr/subsys/testsuite/ztest/libsubsys__testsuite__ztest.a(ztest_new.c.obj)
 .text.ztest_test_fail
                0x000000000040a7b0       0x6c zephyr/subsys/testsuite/ztest/libsubsys__testsuite__ztest.a(ztest_new.c.obj)
                0x000000000040a7b0                ztest_test_fail
 .text.z_ztest_get_next_test
                0x000000000040a81c       0x68 zephyr/subsys/testsuite/ztest/libsubsys__testsuite__ztest.a(ztest_new.c.obj)
                0x000000000040a81c                z_ztest_get_next_test
 .text.z_ztest_run_test_suite_ptr
                0x000000000040a884      0x43c zephyr/subsys/testsuite/ztest/libsubsys__testsuite__ztest.a(ztest_new.c.obj)
 .text.z_impl_ztest_run_test_suites
                0x000000000040acc0      0x124 zephyr/subsys/testsuite/ztest/libsubsys__testsuite__ztest.a(ztest_new.c.obj)
                0x000000000040acc0                z_impl_ztest_run_test_suites
 .text.ztest_verify_all_test_suites_ran
                0x000000000040ade4      0x134 zephyr/subsys/testsuite/ztest/libsubsys__testsuite__ztest.a(ztest_new.c.obj)
                0x000000000040ade4                ztest_verify_all_test_suites_ran
 .text.ztest_run_all
                0x000000000040af18       0x14 zephyr/subsys/testsuite/ztest/libsubsys__testsuite__ztest.a(ztest_new.c.obj)
                0x000000000040af18                ztest_run_all
 .text.test_main
                0x000000000040af2c       0x18 zephyr/subsys/testsuite/ztest/libsubsys__testsuite__ztest.a(ztest_new.c.obj)
                0x000000000040af2c                test_main
 .text._posix_zephyr_main
                0x000000000040af44       0x9c zephyr/subsys/testsuite/ztest/libsubsys__testsuite__ztest.a(ztest_new.c.obj)
                0x000000000040af44                _posix_zephyr_main
 .text.add_test_filter_option
                0x000000000040afe0        0xc zephyr/subsys/testsuite/ztest/libsubsys__testsuite__ztest.a(ztest_posix.c.obj)
 .text.z_ztest_testargs_contains
                0x000000000040afec      0x150 zephyr/subsys/testsuite/ztest/libsubsys__testsuite__ztest.a(ztest_posix.c.obj)
 .text.z_ztest_should_test_run
                0x000000000040b13c       0x34 zephyr/subsys/testsuite/ztest/libsubsys__testsuite__ztest.a(ztest_posix.c.obj)
                0x000000000040b13c                z_ztest_should_test_run
 .text.z_ztest_should_suite_run
                0x000000000040b170       0x74 zephyr/subsys/testsuite/ztest/libsubsys__testsuite__ztest.a(ztest_posix.c.obj)
                0x000000000040b170                z_ztest_should_suite_run
 .text.ztest_relative_filename
                0x000000000040b1e4       0xac zephyr/subsys/testsuite/ztest/libsubsys__testsuite__ztest.a(ztest_posix.c.obj)
                0x000000000040b1e4                ztest_relative_filename
 .text.z_ztest_get_list_test
                0x000000000040b290        0xc zephyr/subsys/testsuite/ztest/libsubsys__testsuite__ztest.a(ztest_posix.c.obj)
                0x000000000040b290                z_ztest_get_list_test
 .text.z_ztest_list_tests
                0x000000000040b29c       0x98 zephyr/subsys/testsuite/ztest/libsubsys__testsuite__ztest.a(ztest_posix.c.obj)
                0x000000000040b29c                z_ztest_list_tests
 .text.z_ztest_run_all
                0x000000000040b334       0x38 zephyr/subsys/testsuite/ztest/libsubsys__testsuite__ztest.a(ztest_posix.c.obj)
                0x000000000040b334                z_ztest_run_all
 .text.generic_data_ref
                0x000000000040b36c       0x14 zephyr/subsys/net/libsubsys__net.a(buf.c.obj)
 .text.fixed_data_unref
                0x000000000040b380        0x4 zephyr/subsys/net/libsubsys__net.a(buf.c.obj)
 .text.net_buf_pool_get
                0x000000000040b384       0x14 zephyr/subsys/net/libsubsys__net.a(buf.c.obj)
                0x000000000040b384                net_buf_pool_get
 .text.mem_pool_data_unref
                0x000000000040b398       0x50 zephyr/subsys/net/libsubsys__net.a(buf.c.obj)
 .text.mem_pool_data_alloc
                0x000000000040b3e8       0x4c zephyr/subsys/net/libsubsys__net.a(buf.c.obj)
 .text.data_alloc
                0x000000000040b434       0x50 zephyr/subsys/net/libsubsys__net.a(buf.c.obj)
 .text.net_buf_destroy
                0x000000000040b484       0x28 zephyr/subsys/net/libsubsys__net.a(buf.c.obj)
 .text.net_buf_id
                0x000000000040b4ac       0x3c zephyr/subsys/net/libsubsys__net.a(buf.c.obj)
                0x000000000040b4ac                net_buf_id
 .text.fixed_data_alloc
                0x000000000040b4e8       0x60 zephyr/subsys/net/libsubsys__net.a(buf.c.obj)
 .text.net_buf_reset
                0x000000000040b548       0xb0 zephyr/subsys/net/libsubsys__net.a(buf.c.obj)
                0x000000000040b548                net_buf_reset
 .text.net_buf_alloc_len
                0x000000000040b5f8      0x2e0 zephyr/subsys/net/libsubsys__net.a(buf.c.obj)
                0x000000000040b5f8                net_buf_alloc_len
 .text.net_buf_alloc_fixed
                0x000000000040b8d8       0x14 zephyr/subsys/net/libsubsys__net.a(buf.c.obj)
                0x000000000040b8d8                net_buf_alloc_fixed
 .text.net_buf_unref
                0x000000000040b8ec       0xe8 zephyr/subsys/net/libsubsys__net.a(buf.c.obj)
                0x000000000040b8ec                net_buf_unref
 .text.net_buf_ref
                0x000000000040b9d4       0x64 zephyr/subsys/net/libsubsys__net.a(buf.c.obj)
                0x000000000040b9d4                net_buf_ref
 .text.net_buf_frag_last
                0x000000000040ba38       0x68 zephyr/subsys/net/libsubsys__net.a(buf.c.obj)
                0x000000000040ba38                net_buf_frag_last
 .text.net_buf_frag_insert
                0x000000000040baa0       0xc0 zephyr/subsys/net/libsubsys__net.a(buf.c.obj)
                0x000000000040baa0                net_buf_frag_insert
 .text.net_buf_frag_add
                0x000000000040bb60       0x8c zephyr/subsys/net/libsubsys__net.a(buf.c.obj)
                0x000000000040bb60                net_buf_frag_add
 .text.net_buf_linearize
                0x000000000040bbec       0xac zephyr/subsys/net/libsubsys__net.a(buf.c.obj)
                0x000000000040bbec                net_buf_linearize
 .text.net_buf_simple_headroom
                0x000000000040bc98       0x10 zephyr/subsys/net/libsubsys__net.a(buf_simple.c.obj)
                0x000000000040bc98                net_buf_simple_headroom
 .text.net_buf_simple_tailroom
                0x000000000040bca8       0x30 zephyr/subsys/net/libsubsys__net.a(buf_simple.c.obj)
                0x000000000040bca8                net_buf_simple_tailroom
 .text.net_buf_simple_add
                0x000000000040bcd8       0x94 zephyr/subsys/net/libsubsys__net.a(buf_simple.c.obj)
                0x000000000040bcd8                net_buf_simple_add
 .text.net_buf_simple_add_mem
                0x000000000040bd6c       0x30 zephyr/subsys/net/libsubsys__net.a(buf_simple.c.obj)
                0x000000000040bd6c                net_buf_simple_add_mem
 .text.can_tx_default_cb
                0x000000000040bd9c        0xc zephyr/drivers/can/libdrivers__can.a(can_common.c.obj)
 .text.z_impl_can_send
                0x000000000040bda8       0xec zephyr/drivers/can/libdrivers__can.a(can_common.c.obj)
                0x000000000040bda8                z_impl_can_send
 .text.can_loopback_get_capabilities
                0x000000000040be94       0x10 zephyr/drivers/can/libdrivers__can.a(can_loopback.c.obj)
 .text.can_loopback_start
                0x000000000040bea4       0x24 zephyr/drivers/can/libdrivers__can.a(can_loopback.c.obj)
 .text.can_loopback_set_timing
                0x000000000040bec8       0x18 zephyr/drivers/can/libdrivers__can.a(can_loopback.c.obj)
 .text.can_loopback_get_state
                0x000000000040bee0       0x2c zephyr/drivers/can/libdrivers__can.a(can_loopback.c.obj)
 .text.can_loopback_set_state_change_callback
                0x000000000040bf0c        0x4 zephyr/drivers/can/libdrivers__can.a(can_loopback.c.obj)
 .text.can_loopback_get_core_clock
                0x000000000040bf10       0x14 zephyr/drivers/can/libdrivers__can.a(can_loopback.c.obj)
 .text.can_loopback_get_max_filters
                0x000000000040bf24        0x8 zephyr/drivers/can/libdrivers__can.a(can_loopback.c.obj)
 .text.can_loopback_stop
                0x000000000040bf2c       0x34 zephyr/drivers/can/libdrivers__can.a(can_loopback.c.obj)
 .text.z_log_msg_runtime_create.constprop.0
                0x000000000040bf60       0xbc zephyr/drivers/can/libdrivers__can.a(can_loopback.c.obj)
 .text.can_loopback_send
                0x000000000040c01c      0x158 zephyr/drivers/can/libdrivers__can.a(can_loopback.c.obj)
 .text.can_loopback_set_mode
                0x000000000040c174       0x6c zephyr/drivers/can/libdrivers__can.a(can_loopback.c.obj)
 .text.k_mutex_unlock.isra.0
                0x000000000040c1e0        0x4 zephyr/drivers/can/libdrivers__can.a(can_loopback.c.obj)
 .text.can_loopback_remove_rx_filter
                0x000000000040c1e4       0x84 zephyr/drivers/can/libdrivers__can.a(can_loopback.c.obj)
 .text.can_loopback_init
                0x000000000040c268       0xec zephyr/drivers/can/libdrivers__can.a(can_loopback.c.obj)
 .text.tx_thread
                0x000000000040c354      0x120 zephyr/drivers/can/libdrivers__can.a(can_loopback.c.obj)
 .text.can_loopback_add_rx_filter
                0x000000000040c474      0x110 zephyr/drivers/can/libdrivers__can.a(can_loopback.c.obj)
 .text.posix_arch_console_init
                0x000000000040c584       0x20 zephyr/drivers/console/libdrivers__console.a(posix_arch_console.c.obj)
 .text.print_char
                0x000000000040c5a4       0x8c zephyr/drivers/console/libdrivers__console.a(posix_arch_console.c.obj)
 .text.entropy_native_posix_get_entropy
                0x000000000040c630       0xac zephyr/drivers/entropy/libdrivers__entropy.a(fake_entropy_native_posix.c.obj)
 .text.entropy_native_posix_get_entropy_isr
                0x000000000040c6dc        0x4 zephyr/drivers/entropy/libdrivers__entropy.a(fake_entropy_native_posix.c.obj)
 .text.entropy_native_posix_init
                0x000000000040c6e0       0x2c zephyr/drivers/entropy/libdrivers__entropy.a(fake_entropy_native_posix.c.obj)
 .text.add_fake_entropy_option
                0x000000000040c70c        0xc zephyr/drivers/entropy/libdrivers__entropy.a(fake_entropy_native_posix.c.obj)
 .text.np_timer_isr
                0x000000000040c718       0x38 zephyr/drivers/timer/libdrivers__timer.a(native_posix_timer.c.obj)
 .text.sys_clock_driver_init
                0x000000000040c750       0x6c zephyr/drivers/timer/libdrivers__timer.a(native_posix_timer.c.obj)
 .text.sys_clock_cycle_get_32
                0x000000000040c7bc       0x14 zephyr/drivers/timer/libdrivers__timer.a(native_posix_timer.c.obj)
                0x000000000040c7bc                sys_clock_cycle_get_32
 .text.sys_clock_set_timeout
                0x000000000040c7d0       0x24 zephyr/drivers/timer/libdrivers__timer.a(native_posix_timer.c.obj)
                0x000000000040c7d0                sys_clock_set_timeout
 .text.sys_clock_elapsed
                0x000000000040c7f4       0x2c zephyr/drivers/timer/libdrivers__timer.a(native_posix_timer.c.obj)
                0x000000000040c7f4                sys_clock_elapsed
 .text.z_log_msg_runtime_create.constprop.0
                0x000000000040c820       0xbc modules/thingset-node-c/src/libthingset.a(thingset.c.obj)
 .text.thingset_init_global
                0x000000000040c8dc       0x34 modules/thingset-node-c/src/libthingset.a(thingset.c.obj)
                0x000000000040c8dc                thingset_init_global
 .text.thingset_process_message
                0x000000000040c910       0xdc modules/thingset-node-c/src/libthingset.a(thingset.c.obj)
                0x000000000040c910                thingset_process_message
 .text.thingset_export_item
                0x000000000040c9ec       0xfc modules/thingset-node-c/src/libthingset.a(thingset.c.obj)
                0x000000000040c9ec                thingset_export_item
 .text.thingset_iterate_subsets
                0x000000000040cae8       0x38 modules/thingset-node-c/src/libthingset.a(thingset.c.obj)
                0x000000000040cae8                thingset_iterate_subsets
 .text.thingset_get_child_by_name
                0x000000000040cb20       0xa4 modules/thingset-node-c/src/libthingset.a(thingset.c.obj)
                0x000000000040cb20                thingset_get_child_by_name
 .text.thingset_get_object_by_id
                0x000000000040cbc4       0x40 modules/thingset-node-c/src/libthingset.a(thingset.c.obj)
                0x000000000040cbc4                thingset_get_object_by_id
 .text.thingset_endpoint_by_path
                0x000000000040cc04      0x174 modules/thingset-node-c/src/libthingset.a(thingset.c.obj)
                0x000000000040cc04                thingset_endpoint_by_path
 .text.thingset_endpoint_by_id
                0x000000000040cd78       0xa0 modules/thingset-node-c/src/libthingset.a(thingset.c.obj)
                0x000000000040cd78                thingset_endpoint_by_id
 .text.thingset_get_path
                0x000000000040ce18       0x9c modules/thingset-node-c/src/libthingset.a(thingset.c.obj)
                0x000000000040ce18                thingset_get_path
 .text.bin_serialize_finish
                0x000000000040ceb4       0x38 modules/thingset-node-c/src/libthingset.a(thingset_bin.c.obj)
 .text.bin_deserialize_finish
                0x000000000040ceec       0x18 modules/thingset-node-c/src/libthingset.a(thingset_bin.c.obj)
 .text.bin_serialize_response
                0x000000000040cf04      0x14c modules/thingset-node-c/src/libthingset.a(thingset_bin.c.obj)
                0x000000000040cf04                bin_serialize_response
 .text.bin_deserialize_payload_reset
                0x000000000040d050       0x20 modules/thingset-node-c/src/libthingset.a(thingset_bin.c.obj)
 .text.bin_deserialize_list_start
                0x000000000040d070       0x24 modules/thingset-node-c/src/libthingset.a(thingset_bin.c.obj)
 .text.bin_deserialize_string
                0x000000000040d094       0x84 modules/thingset-node-c/src/libthingset.a(thingset_bin.c.obj)
 .text.bin_deserialize_simple_value
                0x000000000040d118      0x188 modules/thingset-node-c/src/libthingset.a(thingset_bin.c.obj)
 .text.bin_deserialize_child
                0x000000000040d2a0      0x10c modules/thingset-node-c/src/libthingset.a(thingset_bin.c.obj)
 .text.bin_deserialize_map_start
                0x000000000040d3ac       0x24 modules/thingset-node-c/src/libthingset.a(thingset_bin.c.obj)
 .text.bin_deserialize_null
                0x000000000040d3d0       0x28 modules/thingset-node-c/src/libthingset.a(thingset_bin.c.obj)
 .text.bin_serialize_report_header
                0x000000000040d3f8       0x38 modules/thingset-node-c/src/libthingset.a(thingset_bin.c.obj)
 .text.bin_serialize_map_start
                0x000000000040d430       0x28 modules/thingset-node-c/src/libthingset.a(thingset_bin.c.obj)
 .text.bin_serialize_map_end
                0x000000000040d458       0x28 modules/thingset-node-c/src/libthingset.a(thingset_bin.c.obj)
 .text.bin_serialize_list_end
                0x000000000040d480       0x28 modules/thingset-node-c/src/libthingset.a(thingset_bin.c.obj)
 .text.bin_serialize_list_start
                0x000000000040d4a8       0x28 modules/thingset-node-c/src/libthingset.a(thingset_bin.c.obj)
 .text.bin_serialize_key_value
                0x000000000040d4d0       0x50 modules/thingset-node-c/src/libthingset.a(thingset_bin.c.obj)
 .text.bin_serialize_subsets
                0x000000000040d520       0xa0 modules/thingset-node-c/src/libthingset.a(thingset_bin.c.obj)
 .text.bin_deserialize_value
                0x000000000040d5c0      0x154 modules/thingset-node-c/src/libthingset.a(thingset_bin.c.obj)
 .text.bin_serialize_key
                0x000000000040d714       0x98 modules/thingset-node-c/src/libthingset.a(thingset_bin.c.obj)
 .text.bin_serialize_simple_value
                0x000000000040d7ac      0x114 modules/thingset-node-c/src/libthingset.a(thingset_bin.c.obj)
 .text.bin_serialize_path
                0x000000000040d8c0       0x98 modules/thingset-node-c/src/libthingset.a(thingset_bin.c.obj)
 .text.bin_serialize_value
                0x000000000040d958      0x2b0 modules/thingset-node-c/src/libthingset.a(thingset_bin.c.obj)
 .text.thingset_bin_desire
                0x000000000040dc08        0x8 modules/thingset-node-c/src/libthingset.a(thingset_bin.c.obj)
                0x000000000040dc08                thingset_bin_desire
 .text.thingset_bin_setup
                0x000000000040dc10       0x60 modules/thingset-node-c/src/libthingset.a(thingset_bin.c.obj)
                0x000000000040dc10                thingset_bin_setup
 .text.thingset_bin_process
                0x000000000040dc70      0x1d8 modules/thingset-node-c/src/libthingset.a(thingset_bin.c.obj)
                0x000000000040dc70                thingset_bin_process
 .text.thingset_common_serialize_group
                0x000000000040de48       0xdc modules/thingset-node-c/src/libthingset.a(thingset_common.c.obj)
                0x000000000040de48                thingset_common_serialize_group
 .text.thingset_common_serialize_record
                0x000000000040df24      0x208 modules/thingset-node-c/src/libthingset.a(thingset_common.c.obj)
                0x000000000040df24                thingset_common_serialize_record
 .text.thingset_common_get
                0x000000000040e12c       0xc4 modules/thingset-node-c/src/libthingset.a(thingset_common.c.obj)
                0x000000000040e12c                thingset_common_get
 .text.thingset_common_fetch
                0x000000000040e1f0      0x2f4 modules/thingset-node-c/src/libthingset.a(thingset_common.c.obj)
                0x000000000040e1f0                thingset_common_fetch
 .text.thingset_common_update
                0x000000000040e4e4      0x288 modules/thingset-node-c/src/libthingset.a(thingset_common.c.obj)
                0x000000000040e4e4                thingset_common_update
 .text.thingset_common_exec
                0x000000000040e76c      0x308 modules/thingset-node-c/src/libthingset.a(thingset_common.c.obj)
                0x000000000040e76c                thingset_common_exec
 .text.thingset_common_create_delete
                0x000000000040ea74      0x1d0 modules/thingset-node-c/src/libthingset.a(thingset_common.c.obj)
                0x000000000040ea74                thingset_common_create_delete
 .text.thingset_common_create
                0x000000000040ec44        0x8 modules/thingset-node-c/src/libthingset.a(thingset_common.c.obj)
                0x000000000040ec44                thingset_common_create
 .text.thingset_common_delete
                0x000000000040ec4c        0x8 modules/thingset-node-c/src/libthingset.a(thingset_common.c.obj)
                0x000000000040ec4c                thingset_common_delete
 .text.txt_serialize_path
                0x000000000040ec54        0x8 modules/thingset-node-c/src/libthingset.a(thingset_txt.c.obj)
 .text.txt_serialize_end
                0x000000000040ec5c       0x68 modules/thingset-node-c/src/libthingset.a(thingset_txt.c.obj)
 .text.txt_serialize_map_start
                0x000000000040ecc4       0x38 modules/thingset-node-c/src/libthingset.a(thingset_txt.c.obj)
 .text.txt_serialize_map_end
                0x000000000040ecfc        0x8 modules/thingset-node-c/src/libthingset.a(thingset_txt.c.obj)
 .text.txt_serialize_list_end
                0x000000000040ed04        0x8 modules/thingset-node-c/src/libthingset.a(thingset_txt.c.obj)
 .text.txt_serialize_finish
                0x000000000040ed0c       0x18 modules/thingset-node-c/src/libthingset.a(thingset_txt.c.obj)
 .text.thingset_txt_desire
                0x000000000040ed24        0x8 modules/thingset-node-c/src/libthingset.a(thingset_txt.c.obj)
                0x000000000040ed24                thingset_txt_desire
 .text.txt_deserialize_string
                0x000000000040ed2c       0x70 modules/thingset-node-c/src/libthingset.a(thingset_txt.c.obj)
 .text.txt_deserialize_list_start
                0x000000000040ed9c       0x40 modules/thingset-node-c/src/libthingset.a(thingset_txt.c.obj)
 .text.txt_deserialize_map_start
                0x000000000040eddc       0x40 modules/thingset-node-c/src/libthingset.a(thingset_txt.c.obj)
 .text.txt_deserialize_finish
                0x000000000040ee1c       0x18 modules/thingset-node-c/src/libthingset.a(thingset_txt.c.obj)
 .text.thingset_txt_get_fetch
                0x000000000040ee34       0x10 modules/thingset-node-c/src/libthingset.a(thingset_txt.c.obj)
                0x000000000040ee34                thingset_txt_get_fetch
 .text.txt_deserialize_value
                0x000000000040ee44      0x218 modules/thingset-node-c/src/libthingset.a(thingset_txt.c.obj)
 .text.txt_deserialize_child
                0x000000000040f05c       0x90 modules/thingset-node-c/src/libthingset.a(thingset_txt.c.obj)
 .text.txt_deserialize_null
                0x000000000040f0ec       0x78 modules/thingset-node-c/src/libthingset.a(thingset_txt.c.obj)
 .text.txt_serialize_name
                0x000000000040f164       0x74 modules/thingset-node-c/src/libthingset.a(thingset_txt.c.obj)
 .text.txt_serialize_report_header
                0x000000000040f1d8       0x50 modules/thingset-node-c/src/libthingset.a(thingset_txt.c.obj)
 .text.json_serialize_simple_value
                0x000000000040f228      0x150 modules/thingset-node-c/src/libthingset.a(thingset_txt.c.obj)
 .text.txt_serialize_subsets
                0x000000000040f378      0x2e0 modules/thingset-node-c/src/libthingset.a(thingset_txt.c.obj)
 .text.txt_serialize_value
                0x000000000040f658      0x320 modules/thingset-node-c/src/libthingset.a(thingset_txt.c.obj)
 .text.txt_serialize_response
                0x000000000040f978      0x170 modules/thingset-node-c/src/libthingset.a(thingset_txt.c.obj)
 .text.txt_serialize_name_value
                0x000000000040fae8       0x5c modules/thingset-node-c/src/libthingset.a(thingset_txt.c.obj)
 .text.txt_serialize_list_start
                0x000000000040fb44       0x38 modules/thingset-node-c/src/libthingset.a(thingset_txt.c.obj)
 .text.jsmn_parse
                0x000000000040fb7c      0x480 modules/thingset-node-c/src/libthingset.a(thingset_txt.c.obj)
                0x000000000040fb7c                jsmn_parse
 .text.jsmn_init
                0x000000000040fffc       0x10 modules/thingset-node-c/src/libthingset.a(thingset_txt.c.obj)
                0x000000000040fffc                jsmn_init
 .text.txt_parse_payload
                0x000000000041000c       0xbc modules/thingset-node-c/src/libthingset.a(thingset_txt.c.obj)
 .text.txt_deserialize_payload_reset
                0x00000000004100c8       0x14 modules/thingset-node-c/src/libthingset.a(thingset_txt.c.obj)
 .text.thingset_txt_setup
                0x00000000004100dc       0x10 modules/thingset-node-c/src/libthingset.a(thingset_txt.c.obj)
                0x00000000004100dc                thingset_txt_setup
 .text.thingset_txt_process
                0x00000000004100ec      0x194 modules/thingset-node-c/src/libthingset.a(thingset_txt.c.obj)
                0x00000000004100ec                thingset_txt_process
 .text.zcbor_check_error.isra.0
                0x0000000000410280       0x24 modules/zcbor/libmodules__zcbor.a(zcbor_common.c.obj)
 .text.zcbor_error
                0x00000000004102a4       0x30 modules/zcbor/libmodules__zcbor.a(zcbor_common.c.obj)
 .text.zcbor_new_backup
                0x00000000004102d4       0x88 modules/zcbor/libmodules__zcbor.a(zcbor_common.c.obj)
                0x00000000004102d4                zcbor_new_backup
 .text.zcbor_process_backup
                0x000000000041035c       0xac modules/zcbor/libmodules__zcbor.a(zcbor_common.c.obj)
                0x000000000041035c                zcbor_process_backup
 .text.zcbor_new_state
                0x0000000000410408       0x78 modules/zcbor/libmodules__zcbor.a(zcbor_common.c.obj)
                0x0000000000410408                zcbor_new_state
 .text.zcbor_update_state
                0x0000000000410480       0x60 modules/zcbor/libmodules__zcbor.a(zcbor_common.c.obj)
                0x0000000000410480                zcbor_update_state
 .text.zcbor_check_error.isra.0
                0x00000000004104e0       0x24 modules/zcbor/libmodules__zcbor.a(zcbor_decode.c.obj)
 .text.zcbor_error
                0x0000000000410504       0x30 modules/zcbor/libmodules__zcbor.a(zcbor_decode.c.obj)
 .text.initial_checks
                0x0000000000410534       0x44 modules/zcbor/libmodules__zcbor.a(zcbor_decode.c.obj)
 .text.type_check
                0x0000000000410578       0x44 modules/zcbor/libmodules__zcbor.a(zcbor_decode.c.obj)
 .text.err_restore
                0x00000000004105bc       0x18 modules/zcbor/libmodules__zcbor.a(zcbor_decode.c.obj)
 .text.value_extract
                0x00000000004105d4      0x148 modules/zcbor/libmodules__zcbor.a(zcbor_decode.c.obj)
 .text.str_start_decode
                0x000000000041071c       0x58 modules/zcbor/libmodules__zcbor.a(zcbor_decode.c.obj)
 .text.str_start_decode_with_overflow_check
                0x0000000000410774       0x54 modules/zcbor/libmodules__zcbor.a(zcbor_decode.c.obj)
 .text.str_decode
                0x00000000004107c8       0x3c modules/zcbor/libmodules__zcbor.a(zcbor_decode.c.obj)
 .text.array_end_expect
                0x0000000000410804       0x4c modules/zcbor/libmodules__zcbor.a(zcbor_decode.c.obj)
 .text.list_map_end_decode
                0x0000000000410850       0x50 modules/zcbor/libmodules__zcbor.a(zcbor_decode.c.obj)
 .text.float_check
                0x00000000004108a0       0x4c modules/zcbor/libmodules__zcbor.a(zcbor_decode.c.obj)
 .text.list_map_start_decode
                0x00000000004108ec       0xfc modules/zcbor/libmodules__zcbor.a(zcbor_decode.c.obj)
 .text.zcbor_int_decode
                0x00000000004109e8       0xc4 modules/zcbor/libmodules__zcbor.a(zcbor_decode.c.obj)
                0x00000000004109e8                zcbor_int_decode
 .text.zcbor_int32_decode
                0x0000000000410aac        0x8 modules/zcbor/libmodules__zcbor.a(zcbor_decode.c.obj)
                0x0000000000410aac                zcbor_int32_decode
 .text.zcbor_uint_decode
                0x0000000000410ab4       0x44 modules/zcbor/libmodules__zcbor.a(zcbor_decode.c.obj)
                0x0000000000410ab4                zcbor_uint_decode
 .text.zcbor_uint32_decode
                0x0000000000410af8        0x8 modules/zcbor/libmodules__zcbor.a(zcbor_decode.c.obj)
                0x0000000000410af8                zcbor_uint32_decode
 .text.zcbor_tstr_decode
                0x0000000000410b00        0x8 modules/zcbor/libmodules__zcbor.a(zcbor_decode.c.obj)
                0x0000000000410b00                zcbor_tstr_decode
 .text.zcbor_list_start_decode
                0x0000000000410b08        0x8 modules/zcbor/libmodules__zcbor.a(zcbor_decode.c.obj)
                0x0000000000410b08                zcbor_list_start_decode
 .text.zcbor_map_start_decode
                0x0000000000410b10       0x6c modules/zcbor/libmodules__zcbor.a(zcbor_decode.c.obj)
                0x0000000000410b10                zcbor_map_start_decode
 .text.zcbor_list_end_decode
                0x0000000000410b7c        0x4 modules/zcbor/libmodules__zcbor.a(zcbor_decode.c.obj)
                0x0000000000410b7c                zcbor_list_end_decode
 .text.zcbor_simple_decode
                0x0000000000410b80       0x60 modules/zcbor/libmodules__zcbor.a(zcbor_decode.c.obj)
                0x0000000000410b80                zcbor_simple_decode
 .text.zcbor_simple_expect
                0x0000000000410be0       0x80 modules/zcbor/libmodules__zcbor.a(zcbor_decode.c.obj)
                0x0000000000410be0                zcbor_simple_expect
 .text.zcbor_nil_expect
                0x0000000000410c60        0x8 modules/zcbor/libmodules__zcbor.a(zcbor_decode.c.obj)
                0x0000000000410c60                zcbor_nil_expect
 .text.zcbor_bool_decode
                0x0000000000410c68       0x98 modules/zcbor/libmodules__zcbor.a(zcbor_decode.c.obj)
                0x0000000000410c68                zcbor_bool_decode
 .text.zcbor_float32_decode
                0x0000000000410d00       0x40 modules/zcbor/libmodules__zcbor.a(zcbor_decode.c.obj)
                0x0000000000410d00                zcbor_float32_decode
 .text.zcbor_new_decode_state
                0x0000000000410d40        0x4 modules/zcbor/libmodules__zcbor.a(zcbor_decode.c.obj)
                0x0000000000410d40                zcbor_new_decode_state
 .text.get_result_len
                0x0000000000410d44       0x54 modules/zcbor/libmodules__zcbor.a(zcbor_encode.c.obj)
 .text.zcbor_check_error.isra.0
                0x0000000000410d98       0x24 modules/zcbor/libmodules__zcbor.a(zcbor_encode.c.obj)
 .text.zcbor_error
                0x0000000000410dbc       0x30 modules/zcbor/libmodules__zcbor.a(zcbor_encode.c.obj)
 .text.value_encode_len
                0x0000000000410dec       0xec modules/zcbor/libmodules__zcbor.a(zcbor_encode.c.obj)
 .text.value_encode.part.0
                0x0000000000410ed8       0x38 modules/zcbor/libmodules__zcbor.a(zcbor_encode.c.obj)
 .text.str_encode
                0x0000000000410f10       0xd4 modules/zcbor/libmodules__zcbor.a(zcbor_encode.c.obj)
 .text.list_map_start_encode
                0x0000000000410fe4       0x64 modules/zcbor/libmodules__zcbor.a(zcbor_encode.c.obj)
 .text.list_map_end_encode
                0x0000000000411048      0x158 modules/zcbor/libmodules__zcbor.a(zcbor_encode.c.obj)
 .text.zcbor_int_encode
                0x00000000004111a0       0xc8 modules/zcbor/libmodules__zcbor.a(zcbor_encode.c.obj)
                0x00000000004111a0                zcbor_int_encode
 .text.zcbor_uint_encode
                0x0000000000411268       0x30 modules/zcbor/libmodules__zcbor.a(zcbor_encode.c.obj)
                0x0000000000411268                zcbor_uint_encode
 .text.zcbor_int32_put
                0x0000000000411298       0x20 modules/zcbor/libmodules__zcbor.a(zcbor_encode.c.obj)
                0x0000000000411298                zcbor_int32_put
 .text.zcbor_uint32_put
                0x00000000004112b8       0x20 modules/zcbor/libmodules__zcbor.a(zcbor_encode.c.obj)
                0x00000000004112b8                zcbor_uint32_put
 .text.zcbor_tstr_encode
                0x00000000004112d8        0x8 modules/zcbor/libmodules__zcbor.a(zcbor_encode.c.obj)
                0x00000000004112d8                zcbor_tstr_encode
 .text.zcbor_list_start_encode
                0x00000000004112e0        0x8 modules/zcbor/libmodules__zcbor.a(zcbor_encode.c.obj)
                0x00000000004112e0                zcbor_list_start_encode
 .text.zcbor_map_start_encode
                0x00000000004112e8        0x8 modules/zcbor/libmodules__zcbor.a(zcbor_encode.c.obj)
                0x00000000004112e8                zcbor_map_start_encode
 .text.zcbor_list_end_encode
                0x00000000004112f0        0x8 modules/zcbor/libmodules__zcbor.a(zcbor_encode.c.obj)
                0x00000000004112f0                zcbor_list_end_encode
 .text.zcbor_map_end_encode
                0x00000000004112f8        0x8 modules/zcbor/libmodules__zcbor.a(zcbor_encode.c.obj)
                0x00000000004112f8                zcbor_map_end_encode
 .text.zcbor_simple_put
                0x0000000000411300       0x24 modules/zcbor/libmodules__zcbor.a(zcbor_encode.c.obj)
                0x0000000000411300                zcbor_simple_put
 .text.zcbor_nil_put
                0x0000000000411324        0x8 modules/zcbor/libmodules__zcbor.a(zcbor_encode.c.obj)
                0x0000000000411324                zcbor_nil_put
 .text.zcbor_bool_put
                0x000000000041132c        0xc modules/zcbor/libmodules__zcbor.a(zcbor_encode.c.obj)
                0x000000000041132c                zcbor_bool_put
 .text.zcbor_float32_encode
                0x0000000000411338       0x10 modules/zcbor/libmodules__zcbor.a(zcbor_encode.c.obj)
                0x0000000000411338                zcbor_float32_encode
 .text.zcbor_float32_put
                0x0000000000411348       0x1c modules/zcbor/libmodules__zcbor.a(zcbor_encode.c.obj)
                0x0000000000411348                zcbor_float32_put
 .text.zcbor_new_encode_state
                0x0000000000411364        0x4 modules/zcbor/libmodules__zcbor.a(zcbor_encode.c.obj)
                0x0000000000411364                zcbor_new_encode_state
 .text.z_device_state_init
                0x0000000000411368       0x84 zephyr/kernel/libkernel.a(device.c.obj)
                0x0000000000411368                z_device_state_init
 .text.z_device_is_ready
                0x00000000004113ec       0x28 zephyr/kernel/libkernel.a(device.c.obj)
                0x00000000004113ec                z_device_is_ready
 .text.z_log_msg_runtime_create.constprop.0
                0x0000000000411414       0xbc zephyr/kernel/libkernel.a(fatal.c.obj)
 .text.coredump
                0x00000000004114d0        0x4 zephyr/kernel/libkernel.a(fatal.c.obj)
                0x00000000004114d0                coredump
 .text.k_sys_fatal_error_handler
                0x00000000004114d4       0x44 zephyr/kernel/libkernel.a(fatal.c.obj)
                0x00000000004114d4                k_sys_fatal_error_handler
 .text.z_fatal_error
                0x0000000000411518      0x154 zephyr/kernel/libkernel.a(fatal.c.obj)
                0x0000000000411518                z_fatal_error
 .text.z_sys_init_run_level
                0x000000000041166c       0x90 zephyr/kernel/libkernel.a(init.c.obj)
 .text.bg_thread_main
                0x00000000004116fc       0x50 zephyr/kernel/libkernel.a(init.c.obj)
 .text.z_init_cpu
                0x000000000041174c       0xe0 zephyr/kernel/libkernel.a(init.c.obj)
                0x000000000041174c                z_init_cpu
 .text.z_cstart
                0x000000000041182c       0xec zephyr/kernel/libkernel.a(init.c.obj)
                0x000000000041182c                z_cstart
 .text.k_heap_init
                0x0000000000411918        0xc zephyr/kernel/libkernel.a(kheap.c.obj)
                0x0000000000411918                k_heap_init
 .text.statics_init
                0x0000000000411924       0x9c zephyr/kernel/libkernel.a(kheap.c.obj)
 .text.k_heap_aligned_alloc
                0x00000000004119c0      0x1f0 zephyr/kernel/libkernel.a(kheap.c.obj)
                0x00000000004119c0                k_heap_aligned_alloc
 .text.k_heap_alloc
                0x0000000000411bb0       0x10 zephyr/kernel/libkernel.a(kheap.c.obj)
                0x0000000000411bb0                k_heap_alloc
 .text.k_heap_free
                0x0000000000411bc0      0x12c zephyr/kernel/libkernel.a(kheap.c.obj)
                0x0000000000411bc0                k_heap_free
 .text.create_free_list
                0x0000000000411cec       0x50 zephyr/kernel/libkernel.a(mem_slab.c.obj)
 .text.init_mem_slab_module
                0x0000000000411d3c       0x9c zephyr/kernel/libkernel.a(mem_slab.c.obj)
 .text.k_mem_slab_alloc
                0x0000000000411dd8      0x178 zephyr/kernel/libkernel.a(mem_slab.c.obj)
                0x0000000000411dd8                k_mem_slab_alloc
 .text.k_mem_slab_free
                0x0000000000411f50      0x158 zephyr/kernel/libkernel.a(mem_slab.c.obj)
                0x0000000000411f50                k_mem_slab_free
 .text.k_is_in_isr
                0x00000000004120a8       0x18 zephyr/kernel/libkernel.a(thread.c.obj)
                0x00000000004120a8                k_is_in_isr
 .text.z_impl_k_thread_name_set
                0x00000000004120c0       0x44 zephyr/kernel/libkernel.a(thread.c.obj)
                0x00000000004120c0                z_impl_k_thread_name_set
 .text.k_thread_name_get
                0x0000000000412104        0x8 zephyr/kernel/libkernel.a(thread.c.obj)
                0x0000000000412104                k_thread_name_get
 .text.z_impl_k_thread_start
                0x000000000041210c        0x4 zephyr/kernel/libkernel.a(thread.c.obj)
                0x000000000041210c                z_impl_k_thread_start
 .text.z_init_thread_base
                0x0000000000412110       0x1c zephyr/kernel/libkernel.a(thread.c.obj)
                0x0000000000412110                z_init_thread_base
 .text.z_setup_new_thread
                0x000000000041212c      0x168 zephyr/kernel/libkernel.a(thread.c.obj)
                0x000000000041212c                z_setup_new_thread
 .text.z_impl_k_thread_create
                0x0000000000412294       0xc8 zephyr/kernel/libkernel.a(thread.c.obj)
                0x0000000000412294                z_impl_k_thread_create
 .text.z_init_static_threads
                0x000000000041235c      0x180 zephyr/kernel/libkernel.a(thread.c.obj)
                0x000000000041235c                z_init_static_threads
 .text.z_spin_lock_valid
                0x00000000004124dc       0x2c zephyr/kernel/libkernel.a(thread.c.obj)
                0x00000000004124dc                z_spin_lock_valid
 .text.z_spin_unlock_valid
                0x0000000000412508       0x34 zephyr/kernel/libkernel.a(thread.c.obj)
                0x0000000000412508                z_spin_unlock_valid
 .text.z_spin_lock_set_owner
                0x000000000041253c       0x1c zephyr/kernel/libkernel.a(thread.c.obj)
                0x000000000041253c                z_spin_lock_set_owner
 .text.idle     0x0000000000412558       0x70 zephyr/kernel/libkernel.a(idle.c.obj)
                0x0000000000412558                idle
 .text.k_msgq_init
                0x00000000004125c8       0x34 zephyr/kernel/libkernel.a(msg_q.c.obj)
                0x00000000004125c8                k_msgq_init
 .text.z_impl_k_msgq_put
                0x00000000004125fc      0x298 zephyr/kernel/libkernel.a(msg_q.c.obj)
                0x00000000004125fc                z_impl_k_msgq_put
 .text.z_impl_k_msgq_get
                0x0000000000412894      0x2b4 zephyr/kernel/libkernel.a(msg_q.c.obj)
                0x0000000000412894                z_impl_k_msgq_get
 .text.z_impl_k_msgq_purge
                0x0000000000412b48       0xd0 zephyr/kernel/libkernel.a(msg_q.c.obj)
                0x0000000000412b48                z_impl_k_msgq_purge
 .text.adjust_owner_prio.isra.0
                0x0000000000412c18       0x18 zephyr/kernel/libkernel.a(mutex.c.obj)
 .text.z_impl_k_mutex_init
                0x0000000000412c30       0x14 zephyr/kernel/libkernel.a(mutex.c.obj)
                0x0000000000412c30                z_impl_k_mutex_init
 .text.z_impl_k_mutex_lock
                0x0000000000412c44      0x2b0 zephyr/kernel/libkernel.a(mutex.c.obj)
                0x0000000000412c44                z_impl_k_mutex_lock
 .text.z_impl_k_mutex_unlock
                0x0000000000412ef4      0x210 zephyr/kernel/libkernel.a(mutex.c.obj)
                0x0000000000412ef4                z_impl_k_mutex_unlock
 .text.queue_insert
                0x0000000000413104      0x204 zephyr/kernel/libkernel.a(queue.c.obj)
 .text.z_queue_node_peek
                0x0000000000413308       0x40 zephyr/kernel/libkernel.a(queue.c.obj)
                0x0000000000413308                z_queue_node_peek
 .text.k_queue_prepend
                0x0000000000413348       0x14 zephyr/kernel/libkernel.a(queue.c.obj)
                0x0000000000413348                k_queue_prepend
 .text.z_impl_k_queue_get
                0x000000000041335c      0x170 zephyr/kernel/libkernel.a(queue.c.obj)
                0x000000000041335c                z_impl_k_queue_get
 .text.z_impl_k_sem_init
                0x00000000004134cc       0x2c zephyr/kernel/libkernel.a(sem.c.obj)
                0x00000000004134cc                z_impl_k_sem_init
 .text.z_impl_k_sem_give
                0x00000000004134f8       0xdc zephyr/kernel/libkernel.a(sem.c.obj)
                0x00000000004134f8                z_impl_k_sem_give
 .text.z_impl_k_sem_take
                0x00000000004135d4      0x1c4 zephyr/kernel/libkernel.a(sem.c.obj)
                0x00000000004135d4                z_impl_k_sem_take
 .text.z_impl_k_sem_reset
                0x0000000000413798       0xd4 zephyr/kernel/libkernel.a(sem.c.obj)
                0x0000000000413798                z_impl_k_sem_reset
 .text.flag_test_and_clear
                0x000000000041386c       0x24 zephyr/kernel/libkernel.a(work.c.obj)
 .text.unschedule_locked
                0x0000000000413890       0x38 zephyr/kernel/libkernel.a(work.c.obj)
 .text.notify_queue_locked.isra.0
                0x00000000004138c8       0x18 zephyr/kernel/libkernel.a(work.c.obj)
 .text.work_queue_main
                0x00000000004138e0      0x2b8 zephyr/kernel/libkernel.a(work.c.obj)
 .text.submit_to_queue_locked
                0x0000000000413b98      0x16c zephyr/kernel/libkernel.a(work.c.obj)
 .text.work_timeout
                0x0000000000413d04      0x164 zephyr/kernel/libkernel.a(work.c.obj)
 .text.k_work_init
                0x0000000000413e68       0xa8 zephyr/kernel/libkernel.a(work.c.obj)
                0x0000000000413e68                k_work_init
 .text.z_work_submit_to_queue
                0x0000000000413f10      0x158 zephyr/kernel/libkernel.a(work.c.obj)
                0x0000000000413f10                z_work_submit_to_queue
 .text.k_work_submit_to_queue
                0x0000000000414068       0x34 zephyr/kernel/libkernel.a(work.c.obj)
                0x0000000000414068                k_work_submit_to_queue
 .text.k_work_submit
                0x000000000041409c       0x10 zephyr/kernel/libkernel.a(work.c.obj)
                0x000000000041409c                k_work_submit
 .text.k_work_queue_init
                0x00000000004140ac       0x6c zephyr/kernel/libkernel.a(work.c.obj)
                0x00000000004140ac                k_work_queue_init
 .text.k_work_queue_start
                0x0000000000414118      0x164 zephyr/kernel/libkernel.a(work.c.obj)
                0x0000000000414118                k_work_queue_start
 .text.k_work_init_delayable
                0x000000000041427c       0xb8 zephyr/kernel/libkernel.a(work.c.obj)
                0x000000000041427c                k_work_init_delayable
 .text.k_work_reschedule_for_queue
                0x0000000000414334      0x1a0 zephyr/kernel/libkernel.a(work.c.obj)
                0x0000000000414334                k_work_reschedule_for_queue