Archive member included to satisfy reference by file (symbol)

app/libapp.a(sdk.c.obj)       (--whole-archive)
app/libapp.a(packetizer.c.obj)
                              (--whole-archive)
app/libapp.a(can.c.obj)       (--whole-archive)
app/libapp.a(main.c.obj)      (--whole-archive)
zephyr/libzephyr.a(cbprintf_packaged.c.obj)
                              (--whole-archive)
zephyr/libzephyr.a(dec.c.obj)
                              (--whole-archive)
zephyr/libzephyr.a(fdtable.c.obj)
                              (--whole-archive)
zephyr/libzephyr.a(hex.c.obj)
                              (--whole-archive)
zephyr/libzephyr.a(printk.c.obj)
                              (--whole-archive)
zephyr/libzephyr.a(rb.c.obj)  (--whole-archive)
zephyr/libzephyr.a(sem.c.obj)
                              (--whole-archive)
zephyr/libzephyr.a(thread_entry.c.obj)
                              (--whole-archive)
zephyr/libzephyr.a(timeutil.c.obj)
                              (--whole-archive)
zephyr/libzephyr.a(heap.c.obj)
                              (--whole-archive)
zephyr/libzephyr.a(heap-validate.c.obj)
                              (--whole-archive)
zephyr/libzephyr.a(bitarray.c.obj)
                              (--whole-archive)
zephyr/libzephyr.a(multi_heap.c.obj)
                              (--whole-archive)
zephyr/libzephyr.a(crc32c_sw.c.obj)
                              (--whole-archive)
zephyr/libzephyr.a(crc32_sw.c.obj)
                              (--whole-archive)
zephyr/libzephyr.a(crc16_sw.c.obj)
                              (--whole-archive)
zephyr/libzephyr.a(crc8_sw.c.obj)
                              (--whole-archive)
zephyr/libzephyr.a(crc7_sw.c.obj)
                              (--whole-archive)
zephyr/libzephyr.a(cbprintf_complete.c.obj)
                              (--whole-archive)
zephyr/libzephyr.a(cbprintf.c.obj)
                              (--whole-archive)
zephyr/libzephyr.a(assert.c.obj)
                              (--whole-archive)
zephyr/libzephyr.a(configs.c.obj)
                              (--whole-archive)
zephyr/libzephyr.a(log_core.c.obj)
                              (--whole-archive)
zephyr/libzephyr.a(log_mgmt.c.obj)
                              (--whole-archive)
zephyr/libzephyr.a(log_cache.c.obj)
                              (--whole-archive)
zephyr/libzephyr.a(log_msg.c.obj)
                              (--whole-archive)
zephyr/libzephyr.a(log_output.c.obj)
                              (--whole-archive)
zephyr/libzephyr.a(log_backend_native_posix.c.obj)
                              (--whole-archive)
zephyr/libzephyr.a(tracing_none.c.obj)
                              (--whole-archive)
zephyr/libzephyr.a(addr_utils.c.obj)
                              (--whole-archive)
zephyr/arch/arch/posix/core/libarch__posix__core.a(cpuhalt.c.obj)
                              (--whole-archive)
zephyr/arch/arch/posix/core/libarch__posix__core.a(fatal.c.obj)
                              (--whole-archive)
zephyr/arch/arch/posix/core/libarch__posix__core.a(irq.c.obj)
                              (--whole-archive)
zephyr/arch/arch/posix/core/libarch__posix__core.a(posix_core.c.obj)
                              (--whole-archive)
zephyr/arch/arch/posix/core/libarch__posix__core.a(swap.c.obj)
                              (--whole-archive)
zephyr/arch/arch/posix/core/libarch__posix__core.a(thread.c.obj)
                              (--whole-archive)
zephyr/soc/posix/inf_clock/libsoc__posix__inf_clock.a(soc.c.obj)
                              (--whole-archive)
zephyr/boards/posix/native_posix/libboards__posix__native_posix.a(hw_models_top.c.obj)
                              (--whole-archive)
zephyr/boards/posix/native_posix/libboards__posix__native_posix.a(timer_model.c.obj)
                              (--whole-archive)
zephyr/boards/posix/native_posix/libboards__posix__native_posix.a(native_rtc.c.obj)
                              (--whole-archive)
zephyr/boards/posix/native_posix/libboards__posix__native_posix.a(irq_handler.c.obj)
                              (--whole-archive)
zephyr/boards/posix/native_posix/libboards__posix__native_posix.a(irq_ctrl.c.obj)
                              (--whole-archive)
zephyr/boards/posix/native_posix/libboards__posix__native_posix.a(main.c.obj)
                              (--whole-archive)
zephyr/boards/posix/native_posix/libboards__posix__native_posix.a(tracing.c.obj)
                              (--whole-archive)
zephyr/boards/posix/native_posix/libboards__posix__native_posix.a(cmdline_common.c.obj)
                              (--whole-archive)
zephyr/boards/posix/native_posix/libboards__posix__native_posix.a(cmdline.c.obj)
                              (--whole-archive)
zephyr/boards/posix/native_posix/libboards__posix__native_posix.a(cpu_wait.c.obj)
                              (--whole-archive)
zephyr/boards/posix/native_posix/libboards__posix__native_posix.a(hw_counter.c.obj)
[...]
Memory Configuration

Name             Origin             Length             Attributes
*default*        0x0000000000000000 0xffffffffffffffff

Linker script and memory map

LOAD app/libapp.a
LOAD zephyr/libzephyr.a
LOAD zephyr/arch/arch/posix/core/libarch__posix__core.a
LOAD zephyr/soc/posix/inf_clock/libsoc__posix__inf_clock.a
LOAD zephyr/boards/posix/native_posix/libboards__posix__native_posix.a
LOAD zephyr/subsys/canbus/isotp/libsubsys__canbus__isotp.a
LOAD zephyr/subsys/random/libsubsys__random.a
LOAD zephyr/subsys/testsuite/ztest/libsubsys__testsuite__ztest.a
LOAD zephyr/subsys/net/libsubsys__net.a
LOAD zephyr/drivers/can/libdrivers__can.a
LOAD zephyr/drivers/console/libdrivers__console.a
LOAD zephyr/drivers/entropy/libdrivers__entropy.a
LOAD zephyr/drivers/hwinfo/libdrivers__hwinfo.a
LOAD zephyr/drivers/timer/libdrivers__timer.a
LOAD modules/thingset-node-c/src/libthingset.a
LOAD modules/zcbor/libmodules__zcbor.a
LOAD zephyr/kernel/libkernel.a
LOAD /usr/lib/gcc/aarch64-linux-gnu/11/../../../aarch64-linux-gnu/libdl.a
LOAD /usr/lib/gcc/aarch64-linux-gnu/11/../../../aarch64-linux-gnu/libm.so
LOAD /usr/lib/gcc/aarch64-linux-gnu/11/libgcc.a
LOAD /usr/lib/gcc/aarch64-linux-gnu/11/libgcc_s.so
START GROUP
LOAD /usr/lib/gcc/aarch64-linux-gnu/11/../../../aarch64-linux-gnu/libgcc_s.so.1
LOAD /usr/lib/gcc/aarch64-linux-gnu/11/libgcc.a
END GROUP
LOAD /usr/lib/gcc/aarch64-linux-gnu/11/../../../aarch64-linux-gnu/libpthread.a
LOAD /usr/lib/gcc/aarch64-linux-gnu/11/../../../aarch64-linux-gnu/libc.so
START GROUP
LOAD /lib/aarch64-linux-gnu/libc.so.6
LOAD /usr/lib/aarch64-linux-gnu/libc_nonshared.a
LOAD /lib/ld-linux-aarch64.so.1
END GROUP
LOAD /usr/lib/gcc/aarch64-linux-gnu/11/libgcc.a
LOAD /usr/lib/gcc/aarch64-linux-gnu/11/libgcc_s.so
START GROUP
LOAD /usr/lib/gcc/aarch64-linux-gnu/11/../../../aarch64-linux-gnu/libgcc_s.so.1
LOAD /usr/lib/gcc/aarch64-linux-gnu/11/libgcc.a
END GROUP
LOAD /usr/lib/gcc/aarch64-linux-gnu/11/crtendS.o
LOAD /usr/lib/gcc/aarch64-linux-gnu/11/../../../aarch64-linux-gnu/crtn.o
                [!provide]                        PROVIDE (__executable_start = SEGMENT_START ("text-segment", 0x400000))
                0x0000000000400238                . = (SEGMENT_START ("text-segment", 0x400000) + SIZEOF_HEADERS)

.interp         0x0000000000400238       0x1b
 *(SORT_BY_ALIGNMENT(.interp))
 .interp        0x0000000000400238       0x1b /usr/lib/gcc/aarch64-linux-gnu/11/../../../aarch64-linux-gnu/Scrt1.o

.note.ABI-tag   0x0000000000400254       0x20
 .note.ABI-tag  0x0000000000400254       0x20 /usr/lib/gcc/aarch64-linux-gnu/11/../../../aarch64-linux-gnu/Scrt1.o

.note.gnu.build-id
 *(SORT_BY_ALIGNMENT(.note.gnu.build-id))

.hash
 *(SORT_BY_ALIGNMENT(.hash))

.gnu.hash       0x0000000000400278       0x1c
 *(SORT_BY_ALIGNMENT(.gnu.hash))
 .gnu.hash      0x0000000000400278       0x1c /usr/lib/gcc/aarch64-linux-gnu/11/../../../aarch64-linux-gnu/Scrt1.o

.dynsym         0x0000000000400298      0x5e8
 *(SORT_BY_ALIGNMENT(.dynsym))
 .dynsym        0x0000000000400298      0x5e8 /usr/lib/gcc/aarch64-linux-gnu/11/../../../aarch64-linux-gnu/Scrt1.o

.dynstr         0x0000000000400880      0x315
 *(SORT_BY_ALIGNMENT(.dynstr))
 .dynstr        0x0000000000400880      0x315 /usr/lib/gcc/aarch64-linux-gnu/11/../../../aarch64-linux-gnu/Scrt1.o

.gnu.version    0x0000000000400b96       0x7e
 *(SORT_BY_ALIGNMENT(.gnu.version))
 .gnu.version   0x0000000000400b96       0x7e /usr/lib/gcc/aarch64-linux-gnu/11/../../../aarch64-linux-gnu/Scrt1.o

.gnu.version_d  0x0000000000400c18        0x0
 *(SORT_BY_ALIGNMENT(.gnu.version_d))
 .gnu.version_d
                0x0000000000400c18        0x0 /usr/lib/gcc/aarch64-linux-gnu/11/../../../aarch64-linux-gnu/Scrt1.o

.gnu.version_r  0x0000000000400c18       0x70
 *(SORT_BY_ALIGNMENT(.gnu.version_r))
 .gnu.version_r
                0x0000000000400c18       0x70 /usr/lib/gcc/aarch64-linux-gnu/11/../../../aarch64-linux-gnu/Scrt1.o

.rela.dyn       0x0000000000400c88       0xa8
 *(SORT_BY_ALIGNMENT(.rela.init))
 *(SORT_BY_ALIGNMENT(.rela.text) SORT_BY_ALIGNMENT(.rela.text.*) SORT_BY_ALIGNMENT(.rela.gnu.linkonce.t.*))
 *(SORT_BY_ALIGNMENT(.rela.fini))
 *(SORT_BY_ALIGNMENT(.rela.rodata) SORT_BY_ALIGNMENT(.rela.rodata.*) SORT_BY_ALIGNMENT(.rela.gnu.linkonce.r.*))
 *(SORT_BY_ALIGNMENT(.rela.data) SORT_BY_ALIGNMENT(.rela.data.*) SORT_BY_ALIGNMENT(.rela.gnu.linkonce.d.*))
 .rela.data.rel.ro
                0x0000000000400c88        0x0 /usr/lib/gcc/aarch64-linux-gnu/11/../../../aarch64-linux-gnu/Scrt1.o
 .rela.data.rel._char_out
                0x0000000000400c88        0x0 /usr/lib/gcc/aarch64-linux-gnu/11/../../../aarch64-linux-gnu/Scrt1.o
 .rela.data.rel.ro.native_pre_tasks.0
                0x0000000000400c88        0x0 /usr/lib/gcc/aarch64-linux-gnu/11/../../../aarch64-linux-gnu/Scrt1.o
 .rela.data.rel.ro.levels.0
                0x0000000000400c88        0x0 /usr/lib/gcc/aarch64-linux-gnu/11/../../../aarch64-linux-gnu/Scrt1.o
 *(SORT_BY_ALIGNMENT(.rela.tdata) SORT_BY_ALIGNMENT(.rela.tdata.*) SORT_BY_ALIGNMENT(.rela.gnu.linkonce.td.*))
 *(SORT_BY_ALIGNMENT(.rela.tbss) SORT_BY_ALIGNMENT(.rela.tbss.*) SORT_BY_ALIGNMENT(.rela.gnu.linkonce.tb.*))
 *(SORT_BY_ALIGNMENT(.rela.ctors))
 *(SORT_BY_ALIGNMENT(.rela.dtors))
 *(SORT_BY_ALIGNMENT(.rela.got))
 .rela.got      0x0000000000400c88       0xa8 /usr/lib/gcc/aarch64-linux-gnu/11/../../../aarch64-linux-gnu/Scrt1.o
 *(SORT_BY_ALIGNMENT(.rela.bss) SORT_BY_ALIGNMENT(.rela.bss.*) SORT_BY_ALIGNMENT(.rela.gnu.linkonce.b.*))
 .rela.bss      0x0000000000400d30        0x0 /usr/lib/gcc/aarch64-linux-gnu/11/../../../aarch64-linux-gnu/Scrt1.o
 *(SORT_BY_ALIGNMENT(.rela.ifunc))
 .rela._device.static.3_80_
                0x0000000000400d30        0x0 /usr/lib/gcc/aarch64-linux-gnu/11/../../../aarch64-linux-gnu/Scrt1.o
 .rela._device.static.1_50_
                0x0000000000400d30        0x0 /usr/lib/gcc/aarch64-linux-gnu/11/../../../aarch64-linux-gnu/Scrt1.o

.rela.plt       0x0000000000400d30      0x558
 *(SORT_BY_ALIGNMENT(.rela.plt))
 .rela.plt      0x0000000000400d30      0x558 /usr/lib/gcc/aarch64-linux-gnu/11/../../../aarch64-linux-gnu/Scrt1.o
                [!provide]                        PROVIDE (__rela_iplt_start = .)
 *(SORT_BY_ALIGNMENT(.rela.iplt))
 .rela.iplt     0x0000000000401288        0x0 /usr/lib/gcc/aarch64-linux-gnu/11/../../../aarch64-linux-gnu/Scrt1.o
                [!provide]                        PROVIDE (__rela_iplt_end = .)

.init           0x0000000000401288       0x18
 *(SORT_NONE(.init))
 .init          0x0000000000401288       0x10 /usr/lib/gcc/aarch64-linux-gnu/11/../../../aarch64-linux-gnu/crti.o
                0x0000000000401288                _init
 .init          0x0000000000401298        0x8 /usr/lib/gcc/aarch64-linux-gnu/11/../../../aarch64-linux-gnu/crtn.o

.plt            0x00000000004012a0      0x3b0
 *(SORT_BY_ALIGNMENT(.plt))
 .plt           0x00000000004012a0      0x3b0 /usr/lib/gcc/aarch64-linux-gnu/11/../../../aarch64-linux-gnu/Scrt1.o
                0x00000000004012c0                memcpy@@GLIBC_2.17
                0x00000000004012d0                memmove@@GLIBC_2.17
                0x00000000004012e0                getcwd@@GLIBC_2.17
                0x00000000004012f0                strtoul@@GLIBC_2.17
                0x0000000000401300                strlen@@GLIBC_2.17
                0x0000000000401310                exit@@GLIBC_2.17
                0x0000000000401320                __libc_start_main@@GLIBC_2.34
                0x0000000000401330                strtoll@@GLIBC_2.17
                0x0000000000401340                strnlen@@GLIBC_2.17
                0x0000000000401350                strtod@@GLIBC_2.17
                0x0000000000401360                __sigsetjmp@@GLIBC_2.17
                0x0000000000401370                __cxa_finalize@@GLIBC_2.17
                0x0000000000401380                clock_gettime@@GLIBC_2.17
                0x0000000000401390                setvbuf@@GLIBC_2.17
                0x00000000004013a0                snprintf@@GLIBC_2.17
                0x00000000004013b0                __memcpy_chk@@GLIBC_2.17
                0x00000000004013c0                __snprintf_chk@@GLIBC_2.17
                0x00000000004013d0                strtok_r@@GLIBC_2.17
                0x00000000004013e0                __vsnprintf_chk@@GLIBC_2.17
                0x00000000004013f0                lroundf@@GLIBC_2.17
                0x0000000000401400                sigemptyset@@GLIBC_2.17
                0x0000000000401410                strncmp@@GLIBC_2.17
                0x0000000000401420                memset@@GLIBC_2.17
                0x0000000000401430                sleep@@GLIBC_2.17
                0x0000000000401440                random@@GLIBC_2.17
                0x0000000000401450                __vfprintf_chk@@GLIBC_2.17
                0x0000000000401460                calloc@@GLIBC_2.17
                0x0000000000401470                pthread_cond_broadcast@@GLIBC_2.17
                0x0000000000401480                strcasecmp@@GLIBC_2.17
                0x0000000000401490                realloc@@GLIBC_2.17
                0x00000000004014a0                strdup@@GLIBC_2.17
                0x00000000004014b0                __stack_chk_fail@@GLIBC_2.17
                0x00000000004014c0                sigaction@@GLIBC_2.17
                0x00000000004014e0                __getauxval@@GLIBC_2.17
                0x00000000004014f0                abort@@GLIBC_2.17
                0x0000000000401500                pthread_exit@@GLIBC_2.17
                0x0000000000401510                __fprintf_chk@@GLIBC_2.17
                0x0000000000401520                strcmp@@GLIBC_2.17
                0x0000000000401530                __ctype_b_loc@@GLIBC_2.17
                0x0000000000401540                pthread_detach@@GLIBC_2.34
                0x0000000000401550                strtol@@GLIBC_2.17
                0x0000000000401560                free@@GLIBC_2.17
                0x0000000000401570                pthread_cond_wait@@GLIBC_2.17
                0x0000000000401580                nanosleep@@GLIBC_2.17
                0x0000000000401590                __pthread_unwind_next@@GLIBC_2.34
                0x00000000004015a0                strtoull@@GLIBC_2.17
                0x00000000004015b0                pthread_create@@GLIBC_2.34
                0x00000000004015c0                isatty@@GLIBC_2.17
                0x00000000004015d0                srandom@@GLIBC_2.17
                0x00000000004015e0                strncpy@@GLIBC_2.17
                0x00000000004015f0                __pthread_register_cancel@@GLIBC_2.34
                0x0000000000401600                pthread_self@@GLIBC_2.17
                0x0000000000401610                __errno_location@@GLIBC_2.17
                0x0000000000401620                pthread_cancel@@GLIBC_2.34
                0x0000000000401630                pthread_mutex_lock@@GLIBC_2.17
                0x0000000000401640                pthread_mutex_unlock@@GLIBC_2.17
 *(SORT_BY_ALIGNMENT(.iplt))
 .iplt          0x0000000000401650        0x0 /usr/lib/gcc/aarch64-linux-gnu/11/../../../aarch64-linux-gnu/Scrt1.o

.text           0x0000000000401680    0x130bc
 *(SORT_BY_ALIGNMENT(.text.unlikely) SORT_BY_ALIGNMENT(.text.*_unlikely) SORT_BY_ALIGNMENT(.text.unlikely.*))
 *(SORT_BY_ALIGNMENT(.text.exit) SORT_BY_ALIGNMENT(.text.exit.*))
 *(SORT_BY_ALIGNMENT(.text.startup) SORT_BY_ALIGNMENT(.text.startup.*))
 .text.startup  0x0000000000401680       0x24 /usr/lib/gcc/aarch64-linux-gnu/11/libgcc.a(lse-init.o)
 *(SORT_BY_ALIGNMENT(.text.hot) SORT_BY_ALIGNMENT(.text.hot.*))
 *(SORT_BY_NAME(SORT_BY_ALIGNMENT(.text.sorted.*)))
 *(SORT_BY_ALIGNMENT(.text) SORT_BY_ALIGNMENT(.stub) SORT_BY_ALIGNMENT(.text.*) SORT_BY_ALIGNMENT(.gnu.linkonce.t.*))
 *fill*         0x00000000004016a4       0x1c 1f2003d5
 .text          0x00000000004016c0       0x34 /usr/lib/gcc/aarch64-linux-gnu/11/../../../aarch64-linux-gnu/Scrt1.o
                0x00000000004016c0                _start
 *fill*         0x00000000004016f4        0xc 1f2003d5
 .text          0x0000000000401700       0xc4 /usr/lib/gcc/aarch64-linux-gnu/11/crtbeginS.o
 *fill*         0x00000000004017c4        0xc 1f2003d5
 .text          0x00000000004017d0       0x30 /usr/lib/gcc/aarch64-linux-gnu/11/libgcc.a(ldadd_8_4.o)
                0x00000000004017d0                __aarch64_ldadd8_acq_rel
 .text          0x0000000000401800      0x958 /usr/lib/gcc/aarch64-linux-gnu/11/libgcc.a(divtf3.o)
                0x0000000000401800                __divtf3
 *fill*         0x0000000000402158        0x8 1f2003d5
 .text          0x0000000000402160       0x9c /usr/lib/gcc/aarch64-linux-gnu/11/libgcc.a(floatunditf.o)
                0x0000000000402160                __floatunditf
 *fill*         0x00000000004021fc        0x4 1f2003d5
 .text          0x0000000000402200       0x70 /usr/lib/gcc/aarch64-linux-gnu/11/libgcc.a(sfp-exceptions.o)
                0x0000000000402200                __sfp_handle_exceptions
 .text          0x0000000000402270       0x14 /usr/lib/gcc/aarch64-linux-gnu/11/../../../aarch64-linux-gnu/crti.o
 .text._OffsetAbsSyms
                0x0000000000402284        0x4 zephyr/CMakeFiles/offsets.dir/./arch/posix/core/offsets/offsets.c.obj
                0x0000000000402284                _OffsetAbsSyms
 .text.z_log_msg_runtime_create.constprop.0
                0x0000000000402288       0xc4 app/libapp.a(sdk.c.obj)
 .text.thingset_sdk_init
                0x000000000040234c      0x1a0 app/libapp.a(sdk.c.obj)
 .text.thingset_sdk_shared_buffer
                0x00000000004024ec        0xc app/libapp.a(sdk.c.obj)
                0x00000000004024ec                thingset_sdk_shared_buffer
 .text.thingset_sdk_reschedule_work
                0x00000000004024f8       0x14 app/libapp.a(sdk.c.obj)
                0x00000000004024f8                thingset_sdk_reschedule_work
 .text.thingset_can_report_rx_cb
                0x000000000040250c       0x40 app/libapp.a(can.c.obj)
 .text.thingset_can_report_tx_cb
                0x000000000040254c        0x4 app/libapp.a(can.c.obj)
 .text.z_log_msg_runtime_create.constprop.0
                0x0000000000402550       0xbc app/libapp.a(can.c.obj)
 .text.thingset_can_addr_claim_rx_cb
                0x000000000040260c       0xbc app/libapp.a(can.c.obj)
 .text.thingset_can_addr_claim_tx_handler
                0x00000000004026c8       0xc0 app/libapp.a(can.c.obj)
 .text.thingset_can_addr_discovery_rx_cb
                0x0000000000402788       0x64 app/libapp.a(can.c.obj)
 .text.k_sleep.isra.0
                0x00000000004027ec        0x4 app/libapp.a(can.c.obj)
 .text.thingset_can_report_tx_handler
                0x00000000004027f0      0x1f8 app/libapp.a(can.c.obj)
 .text.thingset_can_addr_claim_tx_cb
                0x00000000004029e8       0x3c app/libapp.a(can.c.obj)
 .text.thingset_can_send_inst
                0x0000000000402a24       0xd8 app/libapp.a(can.c.obj)
                0x0000000000402a24                thingset_can_send_inst
 .text.thingset_can_init_inst
                0x0000000000402afc      0x38c app/libapp.a(can.c.obj)
                0x0000000000402afc                thingset_can_init_inst
 .text.thingset_can_thread
                0x0000000000402e88       0x5c app/libapp.a(can.c.obj)
 .text.thingset_can_set_report_rx_callback_inst
                0x0000000000402ee4       0xac app/libapp.a(can.c.obj)
                0x0000000000402ee4                thingset_can_set_report_rx_callback_inst
 .text.thingset_can_send
                0x0000000000402f90       0x18 app/libapp.a(can.c.obj)
                0x0000000000402f90                thingset_can_send
 .text.thingset_can_set_report_rx_callback
                0x0000000000402fa8       0x10 app/libapp.a(can.c.obj)
                0x0000000000402fa8                thingset_can_set_report_rx_callback
 .text.report_rx_callback
                0x0000000000402fb8        0xc app/libapp.a(main.c.obj)
 .text.z_zassert.constprop.0
                0x0000000000402fc4      0x10c app/libapp.a(main.c.obj)
 .text._thingset_can_test_send_request_to_node_wrapper
                0x00000000004030d0      0x13c app/libapp.a(main.c.obj)
 .text.request_rx_cb
                0x000000000040320c        0xc app/libapp.a(main.c.obj)
 .text._thingset_can_test_receive_report_from_node_wrapper
                0x0000000000403218      0x108 app/libapp.a(main.c.obj)
 .text.thingset_can_setup
                0x0000000000403320      0x138 app/libapp.a(main.c.obj)
 .text.cbvprintf_package
                0x0000000000403458      0x774 zephyr/libzephyr.a(cbprintf_packaged.c.obj)
                0x0000000000403458                cbvprintf_package
 .text.cbpprintf_external
                0x0000000000403bcc       0xc4 zephyr/libzephyr.a(cbprintf_packaged.c.obj)
                0x0000000000403bcc                cbpprintf_external
 .text.arch_printk_char_out
                0x0000000000403c90        0x8 zephyr/libzephyr.a(printk.c.obj)
                0x0000000000403c90                arch_printk_char_out
 .text.__printk_hook_install
                0x0000000000403c98       0x10 zephyr/libzephyr.a(printk.c.obj)
                0x0000000000403c98                __printk_hook_install
 .text.vprintk  0x0000000000403ca8       0x24 zephyr/libzephyr.a(printk.c.obj)
                0x0000000000403ca8                vprintk
 .text.printk   0x0000000000403ccc       0xa8 zephyr/libzephyr.a(printk.c.obj)
                0x0000000000403ccc                printk
 .text.z_thread_entry
                0x0000000000403d74       0x3c zephyr/libzephyr.a(thread_entry.c.obj)
                0x0000000000403d74                z_thread_entry
 .text.chunk_size
                0x0000000000403db0       0x14 zephyr/libzephyr.a(heap.c.obj)
 .text.free_list_remove_bidx
                0x0000000000403dc4       0x5c zephyr/libzephyr.a(heap.c.obj)
 .text.alloc_chunk
                0x0000000000403e20       0xb8 zephyr/libzephyr.a(heap.c.obj)
 .text.free_list_add
                0x0000000000403ed8       0x94 zephyr/libzephyr.a(heap.c.obj)
 .text.split_chunks
                0x0000000000403f6c       0x68 zephyr/libzephyr.a(heap.c.obj)
 .text.sys_heap_alloc
                0x0000000000403fd4       0xa0 zephyr/libzephyr.a(heap.c.obj)
                0x0000000000403fd4                sys_heap_alloc
 .text.sys_heap_aligned_alloc
                0x0000000000404074      0x1a4 zephyr/libzephyr.a(heap.c.obj)
                0x0000000000404074                sys_heap_aligned_alloc
 .text.sys_heap_init
                0x0000000000404218      0x1fc zephyr/libzephyr.a(heap.c.obj)
                0x0000000000404218                sys_heap_init
 .text.crc32_ieee_update
                0x0000000000404414       0x4c zephyr/libzephyr.a(crc32_sw.c.obj)
                0x0000000000404414                crc32_ieee_update
 .text.crc32_ieee
                0x0000000000404460       0x10 zephyr/libzephyr.a(crc32_sw.c.obj)
                0x0000000000404460                crc32_ieee
 .text.outs     0x0000000000404470       0x70 zephyr/libzephyr.a(cbprintf_complete.c.obj)
 .text.extract_decimal
                0x00000000004044e0       0x50 zephyr/libzephyr.a(cbprintf_complete.c.obj)
 .text.encode_uint
                0x0000000000404530       0xfc zephyr/libzephyr.a(cbprintf_complete.c.obj)
 .text.z_cbvprintf_impl
                0x000000000040462c      0xb90 zephyr/libzephyr.a(cbprintf_complete.c.obj)
                0x000000000040462c                z_cbvprintf_impl
 .text.assert_print
                0x00000000004051bc       0xa8 zephyr/libzephyr.a(assert.c.obj)
                0x00000000004051bc                assert_print
 .text.assert_post_action
                0x0000000000405264       0x30 zephyr/libzephyr.a(assert.c.obj)
                0x0000000000405264                assert_post_action
 .text._ConfigAbsSyms
                0x0000000000405294        0x4 zephyr/libzephyr.a(configs.c.obj)
                0x0000000000405294                _ConfigAbsSyms
 .text.dummy_timestamp
                0x0000000000405298        0x8 zephyr/libzephyr.a(log_core.c.obj)
 .text.default_get_timestamp
                0x00000000004052a0        0x4 zephyr/libzephyr.a(log_core.c.obj)
 .text.log_backend_is_active
                0x00000000004052a4        0xc zephyr/libzephyr.a(log_core.c.obj)
 .text.log_backend_is_ready
                0x00000000004052b0       0x1c zephyr/libzephyr.a(log_core.c.obj)
 .text.z_log_init.isra.0
                0x00000000004052cc      0x1dc zephyr/libzephyr.a(log_core.c.obj)
 .text.enable_logger
                0x00000000004054a8       0x20 zephyr/libzephyr.a(log_core.c.obj)
 .text.log_format_func_t_get
                0x00000000004054c8       0x10 zephyr/libzephyr.a(log_core.c.obj)
                0x00000000004054c8                log_format_func_t_get
 .text.z_log_vprintk
                0x00000000004054d8       0x48 zephyr/libzephyr.a(log_core.c.obj)
                0x00000000004054d8                z_log_vprintk
 .text.log_set_timestamp_func
                0x0000000000405520       0x34 zephyr/libzephyr.a(log_core.c.obj)
                0x0000000000405520                log_set_timestamp_func
 .text.log_core_init
                0x0000000000405554       0x2c zephyr/libzephyr.a(log_core.c.obj)
                0x0000000000405554                log_core_init
 .text.z_impl_log_panic
                0x0000000000405580      0x110 zephyr/libzephyr.a(log_core.c.obj)
                0x0000000000405580                z_impl_log_panic
 .text.z_log_notify_backend_enabled
                0x0000000000405690        0x4 zephyr/libzephyr.a(log_core.c.obj)
                0x0000000000405690                z_log_notify_backend_enabled
 .text.z_impl_log_process
                0x0000000000405694        0x8 zephyr/libzephyr.a(log_core.c.obj)
                0x0000000000405694                z_impl_log_process
 .text.z_log_dropped
                0x000000000040569c       0x40 zephyr/libzephyr.a(log_core.c.obj)
                0x000000000040569c                z_log_dropped
 .text.z_log_msg_commit
                0x00000000004056dc      0x108 zephyr/libzephyr.a(log_core.c.obj)
                0x00000000004056dc                z_log_msg_commit
 .text.z_log_get_tag
                0x00000000004057e4        0x8 zephyr/libzephyr.a(log_core.c.obj)
                0x00000000004057e4                z_log_get_tag
 .text.log_src_cnt_get
                0x00000000004057ec       0x1c zephyr/libzephyr.a(log_mgmt.c.obj)
                0x00000000004057ec                log_src_cnt_get
 .text.log_source_name_get
                0x0000000000405808       0x40 zephyr/libzephyr.a(log_mgmt.c.obj)
                0x0000000000405808                log_source_name_get
 .text.log_backend_enable
                0x0000000000405848       0x94 zephyr/libzephyr.a(log_mgmt.c.obj)
                0x0000000000405848                log_backend_enable
 .text.z_log_msg_finalize
                0x00000000004058dc       0x60 zephyr/libzephyr.a(log_msg.c.obj)
                0x00000000004058dc                z_log_msg_finalize
 .text.z_impl_z_log_msg_runtime_vcreate
                0x000000000040593c      0x1dc zephyr/libzephyr.a(log_msg.c.obj)
                0x000000000040593c                z_impl_z_log_msg_runtime_vcreate
 .text.out_func
                0x0000000000405b18       0x60 zephyr/libzephyr.a(log_output.c.obj)
 .text.cr_out_func
                0x0000000000405b78       0x40 zephyr/libzephyr.a(log_output.c.obj)
 .text.buffer_write
                0x0000000000405bb8       0x4c zephyr/libzephyr.a(log_output.c.obj)
 .text.cbvprintf
                0x0000000000405c04       0x28 zephyr/libzephyr.a(log_output.c.obj)
 .text.print_formatted
                0x0000000000405c2c       0xb4 zephyr/libzephyr.a(log_output.c.obj)
 .text.log_output_flush
                0x0000000000405ce0       0x34 zephyr/libzephyr.a(log_output.c.obj)
                0x0000000000405ce0                log_output_flush
 .text.log_output_process
                0x0000000000405d14      0x470 zephyr/libzephyr.a(log_output.c.obj)
                0x0000000000405d14                log_output_process
 .text.log_output_msg_process
                0x0000000000406184       0xa8 zephyr/libzephyr.a(log_output.c.obj)
                0x0000000000406184                log_output_msg_process
 .text.log_output_timestamp_freq_set
                0x000000000040622c       0x44 zephyr/libzephyr.a(log_output.c.obj)
                0x000000000040622c                log_output_timestamp_freq_set
 .text.format_set
                0x0000000000406270       0x10 zephyr/libzephyr.a(log_backend_native_posix.c.obj)
 .text.panic    0x0000000000406280        0xc zephyr/libzephyr.a(log_backend_native_posix.c.obj)
 .text.char_out
                0x000000000040628c       0xb4 zephyr/libzephyr.a(log_backend_native_posix.c.obj)
 .text.process  0x0000000000406340       0x3c zephyr/libzephyr.a(log_backend_native_posix.c.obj)
 .text.sys_trace_isr_enter
                0x000000000040637c        0x4 zephyr/libzephyr.a(tracing_none.c.obj)
                0x000000000040637c                sys_trace_isr_enter
 .text.sys_trace_isr_exit
                0x0000000000406380        0x4 zephyr/libzephyr.a(tracing_none.c.obj)
                0x0000000000406380                sys_trace_isr_exit
 .text.sys_trace_idle
                0x0000000000406384        0x4 zephyr/libzephyr.a(tracing_none.c.obj)
                0x0000000000406384                sys_trace_idle
 .text.arch_cpu_idle
                0x0000000000406388       0x18 zephyr/arch/arch/posix/core/libarch__posix__core.a(cpuhalt.c.obj)
                0x0000000000406388                arch_cpu_idle
 .text.arch_system_halt
                0x00000000004063a0       0x2c zephyr/arch/arch/posix/core/libarch__posix__core.a(fatal.c.obj)
                0x00000000004063a0                arch_system_halt
 .text.arch_irq_enable
                0x00000000004063cc        0x4 zephyr/arch/arch/posix/core/libarch__posix__core.a(irq.c.obj)
                0x00000000004063cc                arch_irq_enable
 .text.pc_safe_call
                0x00000000004063d0       0x14 zephyr/arch/arch/posix/core/libarch__posix__core.a(posix_core.c.obj)
 .text.posix_preexit_cleanup
                0x00000000004063e4       0x2c zephyr/arch/arch/posix/core/libarch__posix__core.a(posix_core.c.obj)
 .text.abort_tail
                0x0000000000406410       0x30 zephyr/arch/arch/posix/core/libarch__posix__core.a(posix_core.c.obj)
 .text.posix_wait_until_allowed
                0x0000000000406440       0x9c zephyr/arch/arch/posix/core/libarch__posix__core.a(posix_core.c.obj)
 .text.posix_cleanup_handler
                0x00000000004064dc       0x3c zephyr/arch/arch/posix/core/libarch__posix__core.a(posix_core.c.obj)
 .text.posix_thread_starter
                0x0000000000406518       0xbc zephyr/arch/arch/posix/core/libarch__posix__core.a(posix_core.c.obj)
 .text.posix_swap
                0x00000000004065d4       0x5c zephyr/arch/arch/posix/core/libarch__posix__core.a(posix_core.c.obj)
                0x00000000004065d4                posix_swap
 .text.posix_main_thread_start
                0x0000000000406630       0x34 zephyr/arch/arch/posix/core/libarch__posix__core.a(posix_core.c.obj)
                0x0000000000406630                posix_main_thread_start
 .text.posix_new_thread
                0x0000000000406664       0xf4 zephyr/arch/arch/posix/core/libarch__posix__core.a(posix_core.c.obj)
                0x0000000000406664                posix_new_thread
 .text.posix_init_multithreading
                0x0000000000406758       0x68 zephyr/arch/arch/posix/core/libarch__posix__core.a(posix_core.c.obj)
                0x0000000000406758                posix_init_multithreading
 .text.posix_core_clean_up
                0x00000000004067c0       0xa4 zephyr/arch/arch/posix/core/libarch__posix__core.a(posix_core.c.obj)
                0x00000000004067c0                posix_core_clean_up
 .text.posix_abort_thread
                0x0000000000406864       0x24 zephyr/arch/arch/posix/core/libarch__posix__core.a(posix_core.c.obj)
                0x0000000000406864                posix_abort_thread
 .text.z_impl_k_thread_abort
                0x0000000000406888       0xa4 zephyr/arch/arch/posix/core/libarch__posix__core.a(posix_core.c.obj)
                0x0000000000406888                z_impl_k_thread_abort
 .text.arch_swap
                0x000000000040692c       0x60 zephyr/arch/arch/posix/core/libarch__posix__core.a(swap.c.obj)
                0x000000000040692c                arch_swap
 .text.arch_switch_to_main_thread
                0x000000000040698c       0x1c zephyr/arch/arch/posix/core/libarch__posix__core.a(swap.c.obj)
                0x000000000040698c                arch_switch_to_main_thread
 .text.arch_new_thread
                0x00000000004069a8       0x20 zephyr/arch/arch/posix/core/libarch__posix__core.a(thread.c.obj)
                0x00000000004069a8                arch_new_thread
 .text.posix_new_thread_pre_start
                0x00000000004069c8        0x4 zephyr/arch/arch/posix/core/libarch__posix__core.a(thread.c.obj)
                0x00000000004069c8                posix_new_thread_pre_start
 .text.pc_safe_call
                0x00000000004069cc       0x14 zephyr/soc/posix/inf_clock/libsoc__posix__inf_clock.a(soc.c.obj)
 .text.zephyr_wrapper
                0x00000000004069e0       0x44 zephyr/soc/posix/inf_clock/libsoc__posix__inf_clock.a(soc.c.obj)
 .text.posix_is_cpu_running
                0x0000000000406a24       0x10 zephyr/soc/posix/inf_clock/libsoc__posix__inf_clock.a(soc.c.obj)
                0x0000000000406a24                posix_is_cpu_running
 .text.posix_change_cpu_state_and_wait
                0x0000000000406a34       0x9c zephyr/soc/posix/inf_clock/libsoc__posix__inf_clock.a(soc.c.obj)
                0x0000000000406a34                posix_change_cpu_state_and_wait
 .text.posix_interrupt_raised
                0x0000000000406ad0       0x30 zephyr/soc/posix/inf_clock/libsoc__posix__inf_clock.a(soc.c.obj)
                0x0000000000406ad0                posix_interrupt_raised
 .text.posix_halt_cpu
                0x0000000000406b00       0x18 zephyr/soc/posix/inf_clock/libsoc__posix__inf_clock.a(soc.c.obj)
                0x0000000000406b00                posix_halt_cpu
 .text.posix_boot_cpu
                0x0000000000406b18       0xe8 zephyr/soc/posix/inf_clock/libsoc__posix__inf_clock.a(soc.c.obj)
                0x0000000000406b18                posix_boot_cpu
 .text.run_native_tasks
                0x0000000000406c00       0x48 zephyr/soc/posix/inf_clock/libsoc__posix__inf_clock.a(soc.c.obj)
                0x0000000000406c00                run_native_tasks
 .text.posix_soc_clean_up
                0x0000000000406c48       0xb0 zephyr/soc/posix/inf_clock/libsoc__posix__inf_clock.a(soc.c.obj)
                0x0000000000406c48                posix_soc_clean_up
 .text.hwm_signal_end_handler
                0x0000000000406cf8       0x10 zephyr/boards/posix/native_posix/libboards__posix__native_posix.a(hw_models_top.c.obj)
                0x0000000000406cf8                hwm_signal_end_handler
 .text.hwm_set_sig_handler
                0x0000000000406d08       0xd4 zephyr/boards/posix/native_posix/libboards__posix__native_posix.a(hw_models_top.c.obj)
                0x0000000000406d08                hwm_set_sig_handler
 .text.hwm_find_next_timer
                0x0000000000406ddc       0x64 zephyr/boards/posix/native_posix/libboards__posix__native_posix.a(hw_models_top.c.obj)
                0x0000000000406ddc                hwm_find_next_timer
 .text.hwm_one_event
                0x0000000000406e40       0xd0 zephyr/boards/posix/native_posix/libboards__posix__native_posix.a(hw_models_top.c.obj)
                0x0000000000406e40                hwm_one_event
 .text.hwm_set_end_of_time
                0x0000000000406f10        0xc zephyr/boards/posix/native_posix/libboards__posix__native_posix.a(hw_models_top.c.obj)
                0x0000000000406f10                hwm_set_end_of_time
 .text.hwm_get_time
                0x0000000000406f1c        0xc zephyr/boards/posix/native_posix/libboards__posix__native_posix.a(hw_models_top.c.obj)
                0x0000000000406f1c                hwm_get_time
 .text.hwm_init
                0x0000000000406f28       0x20 zephyr/boards/posix/native_posix/libboards__posix__native_posix.a(hw_models_top.c.obj)
                0x0000000000406f28                hwm_init
 .text.hwm_cleanup
                0x0000000000406f48       0x14 zephyr/boards/posix/native_posix/libboards__posix__native_posix.a(hw_models_top.c.obj)
                0x0000000000406f48                hwm_cleanup
 .text.hwtimer_update_timer
                0x0000000000406f5c       0x30 zephyr/boards/posix/native_posix/libboards__posix__native_posix.a(timer_model.c.obj)
 .text.native_add_time_options
                0x0000000000406f8c        0xc zephyr/boards/posix/native_posix/libboards__posix__native_posix.a(timer_model.c.obj)
 .text.cmd_stop_at_found
                0x0000000000406f98       0x54 zephyr/boards/posix/native_posix/libboards__posix__native_posix.a(timer_model.c.obj)
 .text.hwtimer_set_real_time_mode
                0x0000000000406fec        0xc zephyr/boards/posix/native_posix/libboards__posix__native_posix.a(timer_model.c.obj)
                0x0000000000406fec                hwtimer_set_real_time_mode
 .text.cmd_no_realtime_found
                0x0000000000406ff8        0x8 zephyr/boards/posix/native_posix/libboards__posix__native_posix.a(timer_model.c.obj)
 .text.cmd_realtime_found
                0x0000000000407000        0x8 zephyr/boards/posix/native_posix/libboards__posix__native_posix.a(timer_model.c.obj)
 .text.get_host_us_time
                0x0000000000407008       0x80 zephyr/boards/posix/native_posix/libboards__posix__native_posix.a(timer_model.c.obj)
                0x0000000000407008                get_host_us_time
 .text.hwtimer_init
                0x0000000000407088       0xe0 zephyr/boards/posix/native_posix/libboards__posix__native_posix.a(timer_model.c.obj)
                0x0000000000407088                hwtimer_init
 .text.hwtimer_cleanup
                0x0000000000407168        0x4 zephyr/boards/posix/native_posix/libboards__posix__native_posix.a(timer_model.c.obj)
                0x0000000000407168                hwtimer_cleanup
 .text.hwtimer_enable
                0x000000000040716c       0x3c zephyr/boards/posix/native_posix/libboards__posix__native_posix.a(timer_model.c.obj)
                0x000000000040716c                hwtimer_enable
 .text.hwtimer_timer_reached
                0x00000000004071a8      0x194 zephyr/boards/posix/native_posix/libboards__posix__native_posix.a(timer_model.c.obj)
                0x00000000004071a8                hwtimer_timer_reached
 .text.hwtimer_set_silent_ticks
                0x000000000040733c        0xc zephyr/boards/posix/native_posix/libboards__posix__native_posix.a(timer_model.c.obj)
                0x000000000040733c                hwtimer_set_silent_ticks
 .text.hwtimer_reset_rtc
                0x0000000000407348       0x10 zephyr/boards/posix/native_posix/libboards__posix__native_posix.a(timer_model.c.obj)
                0x0000000000407348                hwtimer_reset_rtc
 .text.cmd_rtcreset_found
                0x0000000000407358        0x4 zephyr/boards/posix/native_posix/libboards__posix__native_posix.a(timer_model.c.obj)
 .text.hwtimer_set_rtc_offset
                0x000000000040735c        0xc zephyr/boards/posix/native_posix/libboards__posix__native_posix.a(timer_model.c.obj)
                0x000000000040735c                hwtimer_set_rtc_offset
 .text.cmd_rtcoffset_found
                0x0000000000407368       0x20 zephyr/boards/posix/native_posix/libboards__posix__native_posix.a(timer_model.c.obj)
 .text.hwtimer_set_rt_ratio
                0x0000000000407388        0xc zephyr/boards/posix/native_posix/libboards__posix__native_posix.a(timer_model.c.obj)
                0x0000000000407388                hwtimer_set_rt_ratio
 .text.cmd_rt_ratio_found
                0x0000000000407394       0x44 zephyr/boards/posix/native_posix/libboards__posix__native_posix.a(timer_model.c.obj)
 .text.cmd_rt_drift_found
                0x00000000004073d8       0x50 zephyr/boards/posix/native_posix/libboards__posix__native_posix.a(timer_model.c.obj)
 .text.posix_irq_handler
                0x0000000000407428      0x16c zephyr/boards/posix/native_posix/libboards__posix__native_posix.a(irq_handler.c.obj)
                0x0000000000407428                posix_irq_handler
 .text.posix_irq_handler_im_from_sw
                0x0000000000407594       0x40 zephyr/boards/posix/native_posix/libboards__posix__native_posix.a(irq_handler.c.obj)
                0x0000000000407594                posix_irq_handler_im_from_sw
 .text.posix_irq_lock
                0x00000000004075d4        0x8 zephyr/boards/posix/native_posix/libboards__posix__native_posix.a(irq_handler.c.obj)
                0x00000000004075d4                posix_irq_lock
 .text.posix_irq_unlock
                0x00000000004075dc        0x4 zephyr/boards/posix/native_posix/libboards__posix__native_posix.a(irq_handler.c.obj)
                0x00000000004075dc                posix_irq_unlock
 .text.posix_irq_full_unlock
                0x00000000004075e0        0x8 zephyr/boards/posix/native_posix/libboards__posix__native_posix.a(irq_handler.c.obj)
                0x00000000004075e0                posix_irq_full_unlock
 .text.posix_irq_enable
                0x00000000004075e8        0x4 zephyr/boards/posix/native_posix/libboards__posix__native_posix.a(irq_handler.c.obj)
                0x00000000004075e8                posix_irq_enable
 .text.posix_isr_declare
                0x00000000004075ec       0x28 zephyr/boards/posix/native_posix/libboards__posix__native_posix.a(irq_handler.c.obj)
                0x00000000004075ec                posix_isr_declare
 .text.posix_irq_priority_set
                0x0000000000407614        0x4 zephyr/boards/posix/native_posix/libboards__posix__native_posix.a(irq_handler.c.obj)
                0x0000000000407614                posix_irq_priority_set
 .text.irq_raising_from_hw_now
                0x0000000000407618       0x24 zephyr/boards/posix/native_posix/libboards__posix__native_posix.a(irq_ctrl.c.obj)
 .text.hw_irq_ctrl_irq_raise_prefix
                0x000000000040763c       0x68 zephyr/boards/posix/native_posix/libboards__posix__native_posix.a(irq_ctrl.c.obj)
 .text.hw_irq_ctrl_init
                0x00000000004076a4       0x34 zephyr/boards/posix/native_posix/libboards__posix__native_posix.a(irq_ctrl.c.obj)
                0x00000000004076a4                hw_irq_ctrl_init
 .text.hw_irq_ctrl_cleanup
                0x00000000004076d8        0x4 zephyr/boards/posix/native_posix/libboards__posix__native_posix.a(irq_ctrl.c.obj)
                0x00000000004076d8                hw_irq_ctrl_cleanup
 .text.hw_irq_ctrl_set_cur_prio
                0x00000000004076dc        0xc zephyr/boards/posix/native_posix/libboards__posix__native_posix.a(irq_ctrl.c.obj)
                0x00000000004076dc                hw_irq_ctrl_set_cur_prio
 .text.hw_irq_ctrl_get_cur_prio
                0x00000000004076e8        0xc zephyr/boards/posix/native_posix/libboards__posix__native_posix.a(irq_ctrl.c.obj)
                0x00000000004076e8                hw_irq_ctrl_get_cur_prio
 .text.hw_irq_ctrl_prio_set
                0x00000000004076f4       0x10 zephyr/boards/posix/native_posix/libboards__posix__native_posix.a(irq_ctrl.c.obj)
                0x00000000004076f4                hw_irq_ctrl_prio_set
 .text.hw_irq_ctrl_get_prio
                0x0000000000407704       0x10 zephyr/boards/posix/native_posix/libboards__posix__native_posix.a(irq_ctrl.c.obj)
                0x0000000000407704                hw_irq_ctrl_get_prio
 .text.hw_irq_ctrl_get_current_lock
                0x0000000000407714        0xc zephyr/boards/posix/native_posix/libboards__posix__native_posix.a(irq_ctrl.c.obj)
                0x0000000000407714                hw_irq_ctrl_get_current_lock
 .text.hw_irq_ctrl_change_lock
                0x0000000000407720       0x48 zephyr/boards/posix/native_posix/libboards__posix__native_posix.a(irq_ctrl.c.obj)
                0x0000000000407720                hw_irq_ctrl_change_lock
 .text.hw_irq_ctrl_get_irq_status
                0x0000000000407768        0xc zephyr/boards/posix/native_posix/libboards__posix__native_posix.a(irq_ctrl.c.obj)
                0x0000000000407768                hw_irq_ctrl_get_irq_status
 .text.hw_irq_ctrl_get_highest_prio_irq
                0x0000000000407774       0x84 zephyr/boards/posix/native_posix/libboards__posix__native_posix.a(irq_ctrl.c.obj)
                0x0000000000407774                hw_irq_ctrl_get_highest_prio_irq
 .text.hw_irq_ctrl_clear_irq
                0x00000000004077f8       0x2c zephyr/boards/posix/native_posix/libboards__posix__native_posix.a(irq_ctrl.c.obj)
                0x00000000004077f8                hw_irq_ctrl_clear_irq
 .text.hw_irq_ctrl_set_irq
                0x0000000000407824       0x44 zephyr/boards/posix/native_posix/libboards__posix__native_posix.a(irq_ctrl.c.obj)
                0x0000000000407824                hw_irq_ctrl_set_irq
 .text.hw_irq_ctrl_raise_im_from_sw
                0x0000000000407868       0x28 zephyr/boards/posix/native_posix/libboards__posix__native_posix.a(irq_ctrl.c.obj)
                0x0000000000407868                hw_irq_ctrl_raise_im_from_sw
 .text.hw_irq_ctrl_enable_irq
                0x0000000000407890       0x30 zephyr/boards/posix/native_posix/libboards__posix__native_posix.a(irq_ctrl.c.obj)
                0x0000000000407890                hw_irq_ctrl_enable_irq
 .text.hw_irq_ctrl_timer_triggered
                0x00000000004078c0       0x14 zephyr/boards/posix/native_posix/libboards__posix__native_posix.a(irq_ctrl.c.obj)
                0x00000000004078c0                hw_irq_ctrl_timer_triggered
 .text.posix_exit
                0x00000000004078d4       0x34 zephyr/boards/posix/native_posix/libboards__posix__native_posix.a(main.c.obj)
                0x00000000004078d4                posix_exit
 .text.posix_init
                0x0000000000407908       0x88 zephyr/boards/posix/native_posix/libboards__posix__native_posix.a(main.c.obj)
                0x0000000000407908                posix_init
 .text.main     0x0000000000407990       0x14 zephyr/boards/posix/native_posix/libboards__posix__native_posix.a(main.c.obj)
                0x0000000000407990                main
 .text.trace_disable_color
                0x00000000004079a4       0x10 zephyr/boards/posix/native_posix/libboards__posix__native_posix.a(tracing.c.obj)
                0x00000000004079a4                trace_disable_color
 .text.trace_enable_color
                0x00000000004079b4       0x14 zephyr/boards/posix/native_posix/libboards__posix__native_posix.a(tracing.c.obj)
                0x00000000004079b4                trace_enable_color
 .text.trace_force_color
                0x00000000004079c8       0x14 zephyr/boards/posix/native_posix/libboards__posix__native_posix.a(tracing.c.obj)
                0x00000000004079c8                trace_force_color
 .text.decide_about_color
                0x00000000004079dc       0x50 zephyr/boards/posix/native_posix/libboards__posix__native_posix.a(tracing.c.obj)
 .text.posix_print_error_and_exit
                0x0000000000407a2c       0xd0 zephyr/boards/posix/native_posix/libboards__posix__native_posix.a(tracing.c.obj)
                0x0000000000407a2c                posix_print_error_and_exit
 .text.posix_print_warning
                0x0000000000407afc       0xc8 zephyr/boards/posix/native_posix/libboards__posix__native_posix.a(tracing.c.obj)
                0x0000000000407afc                posix_print_warning
 .text.posix_print_trace
                0x0000000000407bc4       0xc8 zephyr/boards/posix/native_posix/libboards__posix__native_posix.a(tracing.c.obj)
                0x0000000000407bc4                posix_print_trace
 .text.native_add_tracing_options
                0x0000000000407c8c        0xc zephyr/boards/posix/native_posix/libboards__posix__native_posix.a(tracing.c.obj)
                0x0000000000407c8c                native_add_tracing_options
 .text.cmd_gen_switch_syntax.constprop.0
                0x0000000000407c98      0x100 zephyr/boards/posix/native_posix/libboards__posix__native_posix.a(cmdline_common.c.obj)
 .text.cmd_is_option
                0x0000000000407d98       0xdc zephyr/boards/posix/native_posix/libboards__posix__native_posix.a(cmdline_common.c.obj)
                0x0000000000407d98                cmd_is_option
 .text.cmd_is_help_option
                0x0000000000407e74       0x84 zephyr/boards/posix/native_posix/libboards__posix__native_posix.a(cmdline_common.c.obj)
                0x0000000000407e74                cmd_is_help_option
 .text.cmd_read_option_value
                0x0000000000407ef8      0x1c4 zephyr/boards/posix/native_posix/libboards__posix__native_posix.a(cmdline_common.c.obj)
                0x0000000000407ef8                cmd_read_option_value
 .text.cmd_args_set_defaults
                0x00000000004080bc       0xe8 zephyr/boards/posix/native_posix/libboards__posix__native_posix.a(cmdline_common.c.obj)
                0x00000000004080bc                cmd_args_set_defaults
 .text.cmd_print_switches_help
                0x00000000004081a4      0x11c zephyr/boards/posix/native_posix/libboards__posix__native_posix.a(cmdline_common.c.obj)
                0x00000000004081a4                cmd_print_switches_help
 .text.cmd_print_long_help
                0x00000000004082c0      0x1a0 zephyr/boards/posix/native_posix/libboards__posix__native_posix.a(cmdline_common.c.obj)
                0x00000000004082c0                cmd_print_long_help
 .text.cmd_parse_one_arg
                0x0000000000408460       0xd4 zephyr/boards/posix/native_posix/libboards__posix__native_posix.a(cmdline_common.c.obj)
                0x0000000000408460                cmd_parse_one_arg
 .text.native_cleanup_cmd_line
                0x0000000000408534       0x2c zephyr/boards/posix/native_posix/libboards__posix__native_posix.a(cmdline.c.obj)
                0x0000000000408534                native_cleanup_cmd_line
 .text.native_add_command_line_opts
                0x0000000000408560       0xcc zephyr/boards/posix/native_posix/libboards__posix__native_posix.a(cmdline.c.obj)
                0x0000000000408560                native_add_command_line_opts
 .text.native_add_testargs_option
                0x000000000040862c        0xc zephyr/boards/posix/native_posix/libboards__posix__native_posix.a(cmdline.c.obj)
                0x000000000040862c                native_add_testargs_option
 .text.native_handle_cmd_line
                0x0000000000408638       0xe0 zephyr/boards/posix/native_posix/libboards__posix__native_posix.a(cmdline.c.obj)
                0x0000000000408638                native_handle_cmd_line
 .text.hw_counter_init
                0x0000000000408718       0x34 zephyr/boards/posix/native_posix/libboards__posix__native_posix.a(hw_counter.c.obj)
                0x0000000000408718                hw_counter_init
 .text.hw_counter_triggered
                0x000000000040874c       0x7c zephyr/boards/posix/native_posix/libboards__posix__native_posix.a(hw_counter.c.obj)
                0x000000000040874c                hw_counter_triggered
 .text.receive_pool_free
                0x00000000004087c8       0x48 zephyr/subsys/canbus/isotp/libsubsys__canbus__isotp.a(isotp.c.obj)
 .text.free_send_ctx
                0x0000000000408810       0x5c zephyr/subsys/canbus/isotp/libsubsys__canbus__isotp.a(isotp.c.obj)
 .text.z_log_msg_runtime_create.constprop.0
                0x000000000040886c       0xbc zephyr/subsys/canbus/isotp/libsubsys__canbus__isotp.a(isotp.c.obj)
 .text.send_can_rx_cb
                0x0000000000408928      0x1b8 zephyr/subsys/canbus/isotp/libsubsys__canbus__isotp.a(isotp.c.obj)
 .text.send_timeout_handler
                0x0000000000408ae0       0x64 zephyr/subsys/canbus/isotp/libsubsys__canbus__isotp.a(isotp.c.obj)
 .text.get_ctx_data_length
                0x0000000000408b44       0x30 zephyr/subsys/canbus/isotp/libsubsys__canbus__isotp.a(isotp.c.obj)
 .text.pull_data_ctx
                0x0000000000408b74       0x2c zephyr/subsys/canbus/isotp/libsubsys__canbus__isotp.a(isotp.c.obj)
 .text.send_can_tx_cb
                0x0000000000408ba0       0x5c zephyr/subsys/canbus/isotp/libsubsys__canbus__isotp.a(isotp.c.obj)
 .text.send_work_handler
                0x0000000000408bfc      0x450 zephyr/subsys/canbus/isotp/libsubsys__canbus__isotp.a(isotp.c.obj)
 .text.receive_ff_sf_pool_free
                0x000000000040904c       0x48 zephyr/subsys/canbus/isotp/libsubsys__canbus__isotp.a(isotp.c.obj)
 .text.send     0x0000000000409094      0x404 zephyr/subsys/canbus/isotp/libsubsys__canbus__isotp.a(isotp.c.obj)
 .text.isotp_send
                0x0000000000409498       0x2c zephyr/subsys/canbus/isotp/libsubsys__canbus__isotp.a(isotp.c.obj)
                0x0000000000409498                isotp_send
 .text.z_impl_entropy_get_entropy.constprop.0
                0x00000000004094c4       0x84 zephyr/subsys/random/libsubsys__random.a(rand32_entropy_device.c.obj)
 .text.z_impl_sys_rand32_get
                0x0000000000409548       0xd4 zephyr/subsys/random/libsubsys__random.a(rand32_entropy_device.c.obj)
                0x0000000000409548                z_impl_sys_rand32_get
 .text.get_friendly_phase_name
                0x000000000040961c       0x74 zephyr/subsys/testsuite/ztest/libsubsys__testsuite__ztest.a(ztest_new.c.obj)
 .text.ztest_find_test_suite
                0x0000000000409690       0x5c zephyr/subsys/testsuite/ztest/libsubsys__testsuite__ztest.a(ztest_new.c.obj)
 .text.test_cb  0x00000000004096ec       0xa4 zephyr/subsys/testsuite/ztest/libsubsys__testsuite__ztest.a(ztest_new.c.obj)
 .text.test_finalize
                0x0000000000409790       0x20 zephyr/subsys/testsuite/ztest/libsubsys__testsuite__ztest.a(ztest_new.c.obj)
 .text.ztest_test_fail
                0x00000000004097b0       0x6c zephyr/subsys/testsuite/ztest/libsubsys__testsuite__ztest.a(ztest_new.c.obj)
                0x00000000004097b0                ztest_test_fail
 .text.z_ztest_get_next_test
                0x000000000040981c       0x68 zephyr/subsys/testsuite/ztest/libsubsys__testsuite__ztest.a(ztest_new.c.obj)
                0x000000000040981c                z_ztest_get_next_test
 .text.z_ztest_run_test_suite_ptr
                0x0000000000409884      0x43c zephyr/subsys/testsuite/ztest/libsubsys__testsuite__ztest.a(ztest_new.c.obj)
 .text.z_impl_ztest_run_test_suites
                0x0000000000409cc0      0x124 zephyr/subsys/testsuite/ztest/libsubsys__testsuite__ztest.a(ztest_new.c.obj)
                0x0000000000409cc0                z_impl_ztest_run_test_suites
 .text.ztest_verify_all_test_suites_ran
                0x0000000000409de4      0x134 zephyr/subsys/testsuite/ztest/libsubsys__testsuite__ztest.a(ztest_new.c.obj)
                0x0000000000409de4                ztest_verify_all_test_suites_ran
 .text.ztest_run_all
                0x0000000000409f18       0x14 zephyr/subsys/testsuite/ztest/libsubsys__testsuite__ztest.a(ztest_new.c.obj)
                0x0000000000409f18                ztest_run_all
 .text.test_main
                0x0000000000409f2c       0x18 zephyr/subsys/testsuite/ztest/libsubsys__testsuite__ztest.a(ztest_new.c.obj)
                0x0000000000409f2c                test_main
 .text._posix_zephyr_main
                0x0000000000409f44       0x9c zephyr/subsys/testsuite/ztest/libsubsys__testsuite__ztest.a(ztest_new.c.obj)
                0x0000000000409f44                _posix_zephyr_main
 .text.add_test_filter_option
                0x0000000000409fe0        0xc zephyr/subsys/testsuite/ztest/libsubsys__testsuite__ztest.a(ztest_posix.c.obj)
 .text.z_ztest_testargs_contains
                0x0000000000409fec      0x150 zephyr/subsys/testsuite/ztest/libsubsys__testsuite__ztest.a(ztest_posix.c.obj)
 .text.z_ztest_should_test_run
                0x000000000040a13c       0x34 zephyr/subsys/testsuite/ztest/libsubsys__testsuite__ztest.a(ztest_posix.c.obj)
                0x000000000040a13c                z_ztest_should_test_run
 .text.z_ztest_should_suite_run
                0x000000000040a170       0x74 zephyr/subsys/testsuite/ztest/libsubsys__testsuite__ztest.a(ztest_posix.c.obj)
                0x000000000040a170                z_ztest_should_suite_run
 .text.ztest_relative_filename
                0x000000000040a1e4       0xac zephyr/subsys/testsuite/ztest/libsubsys__testsuite__ztest.a(ztest_posix.c.obj)
                0x000000000040a1e4                ztest_relative_filename
 .text.z_ztest_get_list_test
                0x000000000040a290        0xc zephyr/subsys/testsuite/ztest/libsubsys__testsuite__ztest.a(ztest_posix.c.obj)
                0x000000000040a290                z_ztest_get_list_test
 .text.z_ztest_list_tests
                0x000000000040a29c       0x98 zephyr/subsys/testsuite/ztest/libsubsys__testsuite__ztest.a(ztest_posix.c.obj)
                0x000000000040a29c                z_ztest_list_tests
 .text.z_ztest_run_all
                0x000000000040a334       0x38 zephyr/subsys/testsuite/ztest/libsubsys__testsuite__ztest.a(ztest_posix.c.obj)
                0x000000000040a334                z_ztest_run_all
 .text.fixed_data_unref
                0x000000000040a36c        0x4 zephyr/subsys/net/libsubsys__net.a(buf.c.obj)
 .text.net_buf_pool_get
                0x000000000040a370       0x14 zephyr/subsys/net/libsubsys__net.a(buf.c.obj)
                0x000000000040a370                net_buf_pool_get
 .text.net_buf_destroy
                0x000000000040a384       0x28 zephyr/subsys/net/libsubsys__net.a(buf.c.obj)
 .text.net_buf_id
                0x000000000040a3ac       0x3c zephyr/subsys/net/libsubsys__net.a(buf.c.obj)
                0x000000000040a3ac                net_buf_id
 .text.fixed_data_alloc
                0x000000000040a3e8       0x60 zephyr/subsys/net/libsubsys__net.a(buf.c.obj)
 .text.net_buf_unref
                0x000000000040a448       0xe8 zephyr/subsys/net/libsubsys__net.a(buf.c.obj)
                0x000000000040a448                net_buf_unref
 .text.net_buf_simple_pull_mem
                0x000000000040a530       0x7c zephyr/subsys/net/libsubsys__net.a(buf_simple.c.obj)
                0x000000000040a530                net_buf_simple_pull_mem
 .text.can_tx_default_cb
                0x000000000040a5ac        0xc zephyr/drivers/can/libdrivers__can.a(can_common.c.obj)
 .text.z_impl_can_send
                0x000000000040a5b8       0xec zephyr/drivers/can/libdrivers__can.a(can_common.c.obj)
                0x000000000040a5b8                z_impl_can_send
 .text.can_loopback_get_capabilities
                0x000000000040a6a4       0x10 zephyr/drivers/can/libdrivers__can.a(can_loopback.c.obj)
 .text.can_loopback_start
                0x000000000040a6b4       0x24 zephyr/drivers/can/libdrivers__can.a(can_loopback.c.obj)
 .text.can_loopback_set_timing
                0x000000000040a6d8       0x18 zephyr/drivers/can/libdrivers__can.a(can_loopback.c.obj)
 .text.can_loopback_get_state
                0x000000000040a6f0       0x2c zephyr/drivers/can/libdrivers__can.a(can_loopback.c.obj)
 .text.can_loopback_set_state_change_callback
                0x000000000040a71c        0x4 zephyr/drivers/can/libdrivers__can.a(can_loopback.c.obj)
 .text.can_loopback_get_core_clock
                0x000000000040a720       0x14 zephyr/drivers/can/libdrivers__can.a(can_loopback.c.obj)
 .text.can_loopback_get_max_filters
                0x000000000040a734        0x8 zephyr/drivers/can/libdrivers__can.a(can_loopback.c.obj)
 .text.can_loopback_stop
                0x000000000040a73c       0x34 zephyr/drivers/can/libdrivers__can.a(can_loopback.c.obj)
 .text.z_log_msg_runtime_create.constprop.0
                0x000000000040a770       0xbc zephyr/drivers/can/libdrivers__can.a(can_loopback.c.obj)
 .text.can_loopback_send
                0x000000000040a82c      0x158 zephyr/drivers/can/libdrivers__can.a(can_loopback.c.obj)
 .text.can_loopback_set_mode
                0x000000000040a984       0x6c zephyr/drivers/can/libdrivers__can.a(can_loopback.c.obj)
 .text.k_mutex_unlock.isra.0
                0x000000000040a9f0        0x4 zephyr/drivers/can/libdrivers__can.a(can_loopback.c.obj)
 .text.can_loopback_remove_rx_filter
                0x000000000040a9f4       0x84 zephyr/drivers/can/libdrivers__can.a(can_loopback.c.obj)
 .text.can_loopback_init
                0x000000000040aa78       0xec zephyr/drivers/can/libdrivers__can.a(can_loopback.c.obj)
 .text.tx_thread
                0x000000000040ab64      0x120 zephyr/drivers/can/libdrivers__can.a(can_loopback.c.obj)
 .text.can_loopback_add_rx_filter
                0x000000000040ac84      0x110 zephyr/drivers/can/libdrivers__can.a(can_loopback.c.obj)
 .text.posix_arch_console_init
                0x000000000040ad94       0x20 zephyr/drivers/console/libdrivers__console.a(posix_arch_console.c.obj)
 .text.print_char
                0x000000000040adb4       0x8c zephyr/drivers/console/libdrivers__console.a(posix_arch_console.c.obj)
 .text.entropy_native_posix_get_entropy
                0x000000000040ae40       0xac zephyr/drivers/entropy/libdrivers__entropy.a(fake_entropy_native_posix.c.obj)
 .text.entropy_native_posix_get_entropy_isr
                0x000000000040aeec        0x4 zephyr/drivers/entropy/libdrivers__entropy.a(fake_entropy_native_posix.c.obj)
 .text.entropy_native_posix_init
                0x000000000040aef0       0x2c zephyr/drivers/entropy/libdrivers__entropy.a(fake_entropy_native_posix.c.obj)
 .text.add_fake_entropy_option
                0x000000000040af1c        0xc zephyr/drivers/entropy/libdrivers__entropy.a(fake_entropy_native_posix.c.obj)
 .text.np_timer_isr
                0x000000000040af28       0x38 zephyr/drivers/timer/libdrivers__timer.a(native_posix_timer.c.obj)
 .text.sys_clock_driver_init
                0x000000000040af60       0x6c zephyr/drivers/timer/libdrivers__timer.a(native_posix_timer.c.obj)
 .text.sys_clock_cycle_get_32
                0x000000000040afcc       0x14 zephyr/drivers/timer/libdrivers__timer.a(native_posix_timer.c.obj)
                0x000000000040afcc                sys_clock_cycle_get_32
 .text.sys_clock_set_timeout
                0x000000000040afe0       0x24 zephyr/drivers/timer/libdrivers__timer.a(native_posix_timer.c.obj)
                0x000000000040afe0                sys_clock_set_timeout
 .text.sys_clock_elapsed
                0x000000000040b004       0x2c zephyr/drivers/timer/libdrivers__timer.a(native_posix_timer.c.obj)
                0x000000000040b004                sys_clock_elapsed
 .text.z_log_msg_runtime_create.constprop.0
                0x000000000040b030       0xbc modules/thingset-node-c/src/libthingset.a(thingset.c.obj)
 .text.thingset_init_global
                0x000000000040b0ec       0x34 modules/thingset-node-c/src/libthingset.a(thingset.c.obj)
                0x000000000040b0ec                thingset_init_global
 .text.thingset_export_item
                0x000000000040b120       0xfc modules/thingset-node-c/src/libthingset.a(thingset.c.obj)
                0x000000000040b120                thingset_export_item
 .text.thingset_iterate_subsets
                0x000000000040b21c       0x38 modules/thingset-node-c/src/libthingset.a(thingset.c.obj)
                0x000000000040b21c                thingset_iterate_subsets
 .text.thingset_get_child_by_name
                0x000000000040b254       0xa4 modules/thingset-node-c/src/libthingset.a(thingset.c.obj)
                0x000000000040b254                thingset_get_child_by_name
 .text.thingset_get_object_by_id
                0x000000000040b2f8       0x40 modules/thingset-node-c/src/libthingset.a(thingset.c.obj)
                0x000000000040b2f8                thingset_get_object_by_id
 .text.thingset_get_path
                0x000000000040b338       0x9c modules/thingset-node-c/src/libthingset.a(thingset.c.obj)
                0x000000000040b338                thingset_get_path
 .text.bin_serialize_finish
                0x000000000040b3d4       0x38 modules/thingset-node-c/src/libthingset.a(thingset_bin.c.obj)
 .text.bin_deserialize_finish
                0x000000000040b40c       0x18 modules/thingset-node-c/src/libthingset.a(thingset_bin.c.obj)
 .text.bin_serialize_response
                0x000000000040b424      0x14c modules/thingset-node-c/src/libthingset.a(thingset_bin.c.obj)
                0x000000000040b424                bin_serialize_response
 .text.bin_deserialize_payload_reset
                0x000000000040b570       0x20 modules/thingset-node-c/src/libthingset.a(thingset_bin.c.obj)
 .text.bin_deserialize_list_start
                0x000000000040b590       0x24 modules/thingset-node-c/src/libthingset.a(thingset_bin.c.obj)
 .text.bin_deserialize_string
                0x000000000040b5b4       0x84 modules/thingset-node-c/src/libthingset.a(thingset_bin.c.obj)
 .text.bin_deserialize_simple_value
                0x000000000040b638      0x188 modules/thingset-node-c/src/libthingset.a(thingset_bin.c.obj)
 .text.bin_deserialize_child
                0x000000000040b7c0      0x10c modules/thingset-node-c/src/libthingset.a(thingset_bin.c.obj)
 .text.bin_deserialize_map_start
                0x000000000040b8cc       0x24 modules/thingset-node-c/src/libthingset.a(thingset_bin.c.obj)
 .text.bin_deserialize_null
                0x000000000040b8f0       0x28 modules/thingset-node-c/src/libthingset.a(thingset_bin.c.obj)
 .text.bin_serialize_report_header
                0x000000000040b918       0x38 modules/thingset-node-c/src/libthingset.a(thingset_bin.c.obj)
 .text.bin_serialize_map_start
                0x000000000040b950       0x28 modules/thingset-node-c/src/libthingset.a(thingset_bin.c.obj)
 .text.bin_serialize_map_end
                0x000000000040b978       0x28 modules/thingset-node-c/src/libthingset.a(thingset_bin.c.obj)
 .text.bin_serialize_list_end
                0x000000000040b9a0       0x28 modules/thingset-node-c/src/libthingset.a(thingset_bin.c.obj)
 .text.bin_serialize_list_start
                0x000000000040b9c8       0x28 modules/thingset-node-c/src/libthingset.a(thingset_bin.c.obj)
 .text.bin_serialize_key_value
                0x000000000040b9f0       0x50 modules/thingset-node-c/src/libthingset.a(thingset_bin.c.obj)
 .text.bin_serialize_subsets
                0x000000000040ba40       0xa0 modules/thingset-node-c/src/libthingset.a(thingset_bin.c.obj)
 .text.bin_deserialize_value
                0x000000000040bae0      0x154 modules/thingset-node-c/src/libthingset.a(thingset_bin.c.obj)
 .text.bin_serialize_key
                0x000000000040bc34       0x98 modules/thingset-node-c/src/libthingset.a(thingset_bin.c.obj)
 .text.bin_serialize_simple_value
                0x000000000040bccc      0x114 modules/thingset-node-c/src/libthingset.a(thingset_bin.c.obj)
 .text.bin_serialize_path
                0x000000000040bde0       0x98 modules/thingset-node-c/src/libthingset.a(thingset_bin.c.obj)
 .text.bin_serialize_value
                0x000000000040be78      0x2b0 modules/thingset-node-c/src/libthingset.a(thingset_bin.c.obj)
 .text.thingset_bin_setup
                0x000000000040c128       0x60 modules/thingset-node-c/src/libthingset.a(thingset_bin.c.obj)
                0x000000000040c128                thingset_bin_setup
 .text.txt_serialize_path
                0x000000000040c188        0x8 modules/thingset-node-c/src/libthingset.a(thingset_txt.c.obj)
 .text.txt_serialize_end
                0x000000000040c190       0x68 modules/thingset-node-c/src/libthingset.a(thingset_txt.c.obj)
 .text.txt_serialize_map_start
                0x000000000040c1f8       0x38 modules/thingset-node-c/src/libthingset.a(thingset_txt.c.obj)
 .text.txt_serialize_map_end
                0x000000000040c230        0x8 modules/thingset-node-c/src/libthingset.a(thingset_txt.c.obj)
 .text.txt_serialize_list_end
                0x000000000040c238        0x8 modules/thingset-node-c/src/libthingset.a(thingset_txt.c.obj)
 .text.txt_serialize_finish
                0x000000000040c240       0x18 modules/thingset-node-c/src/libthingset.a(thingset_txt.c.obj)
 .text.txt_deserialize_string
                0x000000000040c258       0x70 modules/thingset-node-c/src/libthingset.a(thingset_txt.c.obj)
 .text.txt_deserialize_list_start
                0x000000000040c2c8       0x40 modules/thingset-node-c/src/libthingset.a(thingset_txt.c.obj)
 .text.txt_deserialize_map_start
                0x000000000040c308       0x40 modules/thingset-node-c/src/libthingset.a(thingset_txt.c.obj)
 .text.txt_deserialize_finish
                0x000000000040c348       0x18 modules/thingset-node-c/src/libthingset.a(thingset_txt.c.obj)
 .text.txt_deserialize_value
                0x000000000040c360      0x218 modules/thingset-node-c/src/libthingset.a(thingset_txt.c.obj)
 .text.txt_deserialize_child
                0x000000000040c578       0x90 modules/thingset-node-c/src/libthingset.a(thingset_txt.c.obj)
 .text.txt_deserialize_null
                0x000000000040c608       0x78 modules/thingset-node-c/src/libthingset.a(thingset_txt.c.obj)
 .text.txt_serialize_name
                0x000000000040c680       0x74 modules/thingset-node-c/src/libthingset.a(thingset_txt.c.obj)
 .text.txt_serialize_report_header
                0x000000000040c6f4       0x50 modules/thingset-node-c/src/libthingset.a(thingset_txt.c.obj)
 .text.json_serialize_simple_value
                0x000000000040c744      0x150 modules/thingset-node-c/src/libthingset.a(thingset_txt.c.obj)
 .text.txt_serialize_subsets
                0x000000000040c894      0x2e0 modules/thingset-node-c/src/libthingset.a(thingset_txt.c.obj)
 .text.txt_serialize_value
                0x000000000040cb74      0x320 modules/thingset-node-c/src/libthingset.a(thingset_txt.c.obj)
 .text.txt_serialize_response
                0x000000000040ce94      0x170 modules/thingset-node-c/src/libthingset.a(thingset_txt.c.obj)
 .text.txt_serialize_name_value
                0x000000000040d004       0x5c modules/thingset-node-c/src/libthingset.a(thingset_txt.c.obj)
 .text.txt_serialize_list_start
                0x000000000040d060       0x38 modules/thingset-node-c/src/libthingset.a(thingset_txt.c.obj)
 .text.jsmn_parse
                0x000000000040d098      0x480 modules/thingset-node-c/src/libthingset.a(thingset_txt.c.obj)
                0x000000000040d098                jsmn_parse
 .text.jsmn_init
                0x000000000040d518       0x10 modules/thingset-node-c/src/libthingset.a(thingset_txt.c.obj)
                0x000000000040d518                jsmn_init
 .text.txt_parse_payload
                0x000000000040d528       0xbc modules/thingset-node-c/src/libthingset.a(thingset_txt.c.obj)
 .text.txt_deserialize_payload_reset
                0x000000000040d5e4       0x14 modules/thingset-node-c/src/libthingset.a(thingset_txt.c.obj)
 .text.thingset_txt_setup
                0x000000000040d5f8       0x10 modules/thingset-node-c/src/libthingset.a(thingset_txt.c.obj)
                0x000000000040d5f8                thingset_txt_setup
 .text.zcbor_check_error.isra.0
                0x000000000040d608       0x24 modules/zcbor/libmodules__zcbor.a(zcbor_common.c.obj)
 .text.zcbor_error
                0x000000000040d62c       0x30 modules/zcbor/libmodules__zcbor.a(zcbor_common.c.obj)
 .text.zcbor_new_backup
                0x000000000040d65c       0x88 modules/zcbor/libmodules__zcbor.a(zcbor_common.c.obj)
                0x000000000040d65c                zcbor_new_backup
 .text.zcbor_process_backup
                0x000000000040d6e4       0xac modules/zcbor/libmodules__zcbor.a(zcbor_common.c.obj)
                0x000000000040d6e4                zcbor_process_backup
 .text.zcbor_new_state
                0x000000000040d790       0x78 modules/zcbor/libmodules__zcbor.a(zcbor_common.c.obj)
                0x000000000040d790                zcbor_new_state
 .text.zcbor_update_state
                0x000000000040d808       0x60 modules/zcbor/libmodules__zcbor.a(zcbor_common.c.obj)
                0x000000000040d808                zcbor_update_state
 .text.zcbor_check_error.isra.0
                0x000000000040d868       0x24 modules/zcbor/libmodules__zcbor.a(zcbor_decode.c.obj)
 .text.zcbor_error
                0x000000000040d88c       0x30 modules/zcbor/libmodules__zcbor.a(zcbor_decode.c.obj)
 .text.initial_checks
                0x000000000040d8bc       0x44 modules/zcbor/libmodules__zcbor.a(zcbor_decode.c.obj)
 .text.type_check
                0x000000000040d900       0x44 modules/zcbor/libmodules__zcbor.a(zcbor_decode.c.obj)
 .text.err_restore
                0x000000000040d944       0x18 modules/zcbor/libmodules__zcbor.a(zcbor_decode.c.obj)
 .text.value_extract
                0x000000000040d95c      0x148 modules/zcbor/libmodules__zcbor.a(zcbor_decode.c.obj)
 .text.str_start_decode
                0x000000000040daa4       0x58 modules/zcbor/libmodules__zcbor.a(zcbor_decode.c.obj)
 .text.str_start_decode_with_overflow_check
                0x000000000040dafc       0x54 modules/zcbor/libmodules__zcbor.a(zcbor_decode.c.obj)
 .text.str_decode
                0x000000000040db50       0x3c modules/zcbor/libmodules__zcbor.a(zcbor_decode.c.obj)
 .text.array_end_expect
                0x000000000040db8c       0x4c modules/zcbor/libmodules__zcbor.a(zcbor_decode.c.obj)
 .text.list_map_end_decode
                0x000000000040dbd8       0x50 modules/zcbor/libmodules__zcbor.a(zcbor_decode.c.obj)
 .text.float_check
                0x000000000040dc28       0x4c modules/zcbor/libmodules__zcbor.a(zcbor_decode.c.obj)
 .text.list_map_start_decode
                0x000000000040dc74       0xfc modules/zcbor/libmodules__zcbor.a(zcbor_decode.c.obj)
 .text.zcbor_int_decode
                0x000000000040dd70       0xc4 modules/zcbor/libmodules__zcbor.a(zcbor_decode.c.obj)
                0x000000000040dd70                zcbor_int_decode
 .text.zcbor_int32_decode
                0x000000000040de34        0x8 modules/zcbor/libmodules__zcbor.a(zcbor_decode.c.obj)
                0x000000000040de34                zcbor_int32_decode
 .text.zcbor_uint_decode
                0x000000000040de3c       0x44 modules/zcbor/libmodules__zcbor.a(zcbor_decode.c.obj)
                0x000000000040de3c                zcbor_uint_decode
 .text.zcbor_uint32_decode
                0x000000000040de80        0x8 modules/zcbor/libmodules__zcbor.a(zcbor_decode.c.obj)
                0x000000000040de80                zcbor_uint32_decode
 .text.zcbor_tstr_decode
                0x000000000040de88        0x8 modules/zcbor/libmodules__zcbor.a(zcbor_decode.c.obj)
                0x000000000040de88                zcbor_tstr_decode
 .text.zcbor_list_start_decode
                0x000000000040de90        0x8 modules/zcbor/libmodules__zcbor.a(zcbor_decode.c.obj)
                0x000000000040de90                zcbor_list_start_decode
 .text.zcbor_map_start_decode
                0x000000000040de98       0x6c modules/zcbor/libmodules__zcbor.a(zcbor_decode.c.obj)
                0x000000000040de98                zcbor_map_start_decode
 .text.zcbor_list_end_decode
                0x000000000040df04        0x4 modules/zcbor/libmodules__zcbor.a(zcbor_decode.c.obj)
                0x000000000040df04                zcbor_list_end_decode
 .text.zcbor_simple_decode
                0x000000000040df08       0x60 modules/zcbor/libmodules__zcbor.a(zcbor_decode.c.obj)
                0x000000000040df08                zcbor_simple_decode
 .text.zcbor_simple_expect
                0x000000000040df68       0x80 modules/zcbor/libmodules__zcbor.a(zcbor_decode.c.obj)
                0x000000000040df68                zcbor_simple_expect
 .text.zcbor_nil_expect
                0x000000000040dfe8        0x8 modules/zcbor/libmodules__zcbor.a(zcbor_decode.c.obj)
                0x000000000040dfe8                zcbor_nil_expect
 .text.zcbor_bool_decode
                0x000000000040dff0       0x98 modules/zcbor/libmodules__zcbor.a(zcbor_decode.c.obj)
                0x000000000040dff0                zcbor_bool_decode
 .text.zcbor_float32_decode
                0x000000000040e088       0x40 modules/zcbor/libmodules__zcbor.a(zcbor_decode.c.obj)
                0x000000000040e088                zcbor_float32_decode
 .text.zcbor_new_decode_state
                0x000000000040e0c8        0x4 modules/zcbor/libmodules__zcbor.a(zcbor_decode.c.obj)
                0x000000000040e0c8                zcbor_new_decode_state
 .text.get_result_len
                0x000000000040e0cc       0x54 modules/zcbor/libmodules__zcbor.a(zcbor_encode.c.obj)
 .text.zcbor_check_error.isra.0
                0x000000000040e120       0x24 modules/zcbor/libmodules__zcbor.a(zcbor_encode.c.obj)
 .text.zcbor_error
                0x000000000040e144       0x30 modules/zcbor/libmodules__zcbor.a(zcbor_encode.c.obj)
 .text.value_encode_len
                0x000000000040e174       0xec modules/zcbor/libmodules__zcbor.a(zcbor_encode.c.obj)
 .text.value_encode.part.0
                0x000000000040e260       0x38 modules/zcbor/libmodules__zcbor.a(zcbor_encode.c.obj)
 .text.str_encode
                0x000000000040e298       0xd4 modules/zcbor/libmodules__zcbor.a(zcbor_encode.c.obj)
 .text.list_map_start_encode
                0x000000000040e36c       0x64 modules/zcbor/libmodules__zcbor.a(zcbor_encode.c.obj)
 .text.list_map_end_encode
                0x000000000040e3d0      0x158 modules/zcbor/libmodules__zcbor.a(zcbor_encode.c.obj)
 .text.zcbor_int_encode
                0x000000000040e528       0xc8 modules/zcbor/libmodules__zcbor.a(zcbor_encode.c.obj)
                0x000000000040e528                zcbor_int_encode
 .text.zcbor_uint_encode
                0x000000000040e5f0       0x30 modules/zcbor/libmodules__zcbor.a(zcbor_encode.c.obj)
                0x000000000040e5f0                zcbor_uint_encode
 .text.zcbor_int32_put
                0x000000000040e620       0x20 modules/zcbor/libmodules__zcbor.a(zcbor_encode.c.obj)
                0x000000000040e620                zcbor_int32_put
 .text.zcbor_uint32_put
                0x000000000040e640       0x20 modules/zcbor/libmodules__zcbor.a(zcbor_encode.c.obj)
                0x000000000040e640                zcbor_uint32_put
 .text.zcbor_tstr_encode
                0x000000000040e660        0x8 modules/zcbor/libmodules__zcbor.a(zcbor_encode.c.obj)
                0x000000000040e660                zcbor_tstr_encode
 .text.zcbor_list_start_encode
                0x000000000040e668        0x8 modules/zcbor/libmodules__zcbor.a(zcbor_encode.c.obj)
                0x000000000040e668                zcbor_list_start_encode
 .text.zcbor_map_start_encode
                0x000000000040e670        0x8 modules/zcbor/libmodules__zcbor.a(zcbor_encode.c.obj)
                0x000000000040e670                zcbor_map_start_encode
 .text.zcbor_list_end_encode
                0x000000000040e678        0x8 modules/zcbor/libmodules__zcbor.a(zcbor_encode.c.obj)
                0x000000000040e678                zcbor_list_end_encode
 .text.zcbor_map_end_encode
                0x000000000040e680        0x8 modules/zcbor/libmodules__zcbor.a(zcbor_encode.c.obj)
                0x000000000040e680                zcbor_map_end_encode
 .text.zcbor_simple_put
                0x000000000040e688       0x24 modules/zcbor/libmodules__zcbor.a(zcbor_encode.c.obj)
                0x000000000040e688                zcbor_simple_put
 .text.zcbor_nil_put
                0x000000000040e6ac        0x8 modules/zcbor/libmodules__zcbor.a(zcbor_encode.c.obj)
                0x000000000040e6ac                zcbor_nil_put
 .text.zcbor_bool_put
                0x000000000040e6b4        0xc modules/zcbor/libmodules__zcbor.a(zcbor_encode.c.obj)
                0x000000000040e6b4                zcbor_bool_put
 .text.zcbor_float32_encode
                0x000000000040e6c0       0x10 modules/zcbor/libmodules__zcbor.a(zcbor_encode.c.obj)
                0x000000000040e6c0                zcbor_float32_encode
 .text.zcbor_float32_put
                0x000000000040e6d0       0x1c modules/zcbor/libmodules__zcbor.a(zcbor_encode.c.obj)
                0x000000000040e6d0                zcbor_float32_put
 .text.zcbor_new_encode_state
                0x000000000040e6ec        0x4 modules/zcbor/libmodules__zcbor.a(zcbor_encode.c.obj)
                0x000000000040e6ec                zcbor_new_encode_state
 .text.z_device_state_init
                0x000000000040e6f0       0x84 zephyr/kernel/libkernel.a(device.c.obj)
                0x000000000040e6f0                z_device_state_init
 .text.z_device_is_ready
                0x000000000040e774       0x28 zephyr/kernel/libkernel.a(device.c.obj)
                0x000000000040e774                z_device_is_ready
 .text.z_log_msg_runtime_create.constprop.0
                0x000000000040e79c       0xbc zephyr/kernel/libkernel.a(fatal.c.obj)
 .text.coredump
                0x000000000040e858        0x4 zephyr/kernel/libkernel.a(fatal.c.obj)
                0x000000000040e858                coredump
 .text.k_sys_fatal_error_handler
                0x000000000040e85c       0x44 zephyr/kernel/libkernel.a(fatal.c.obj)
                0x000000000040e85c                k_sys_fatal_error_handler
 .text.z_fatal_error
                0x000000000040e8a0      0x154 zephyr/kernel/libkernel.a(fatal.c.obj)
                0x000000000040e8a0                z_fatal_error
 .text.z_sys_init_run_level
                0x000000000040e9f4       0x90 zephyr/kernel/libkernel.a(init.c.obj)
 .text.bg_thread_main
                0x000000000040ea84       0x50 zephyr/kernel/libkernel.a(init.c.obj)
 .text.z_init_cpu
                0x000000000040ead4       0xe0 zephyr/kernel/libkernel.a(init.c.obj)
                0x000000000040ead4                z_init_cpu
 .text.z_cstart
                0x000000000040ebb4       0xec zephyr/kernel/libkernel.a(init.c.obj)
                0x000000000040ebb4                z_cstart
 .text.k_heap_init
                0x000000000040eca0        0xc zephyr/kernel/libkernel.a(kheap.c.obj)
                0x000000000040eca0                k_heap_init
 .text.statics_init
                0x000000000040ecac       0x9c zephyr/kernel/libkernel.a(kheap.c.obj)
 .text.k_heap_aligned_alloc
                0x000000000040ed48      0x1f0 zephyr/kernel/libkernel.a(kheap.c.obj)
                0x000000000040ed48                k_heap_aligned_alloc
 .text.create_free_list
                0x000000000040ef38       0x50 zephyr/kernel/libkernel.a(mem_slab.c.obj)
 .text.init_mem_slab_module
                0x000000000040ef88       0x9c zephyr/kernel/libkernel.a(mem_slab.c.obj)
 .text.k_mem_slab_free
                0x000000000040f024      0x158 zephyr/kernel/libkernel.a(mem_slab.c.obj)
                0x000000000040f024                k_mem_slab_free
 .text.k_is_in_isr
                0x000000000040f17c       0x18 zephyr/kernel/libkernel.a(thread.c.obj)
                0x000000000040f17c                k_is_in_isr
 .text.z_impl_k_thread_name_set
                0x000000000040f194       0x44 zephyr/kernel/libkernel.a(thread.c.obj)
                0x000000000040f194                z_impl_k_thread_name_set
 .text.k_thread_name_get
                0x000000000040f1d8        0x8 zephyr/kernel/libkernel.a(thread.c.obj)
                0x000000000040f1d8                k_thread_name_get
 .text.z_impl_k_thread_start
                0x000000000040f1e0        0x4 zephyr/kernel/libkernel.a(thread.c.obj)
                0x000000000040f1e0                z_impl_k_thread_start
 .text.z_init_thread_base
                0x000000000040f1e4       0x1c zephyr/kernel/libkernel.a(thread.c.obj)
                0x000000000040f1e4                z_init_thread_base
 .text.z_setup_new_thread
                0x000000000040f200      0x168 zephyr/kernel/libkernel.a(thread.c.obj)
                0x000000000040f200                z_setup_new_thread
 .text.z_impl_k_thread_create
                0x000000000040f368       0xc8 zephyr/kernel/libkernel.a(thread.c.obj)
                0x000000000040f368                z_impl_k_thread_create
 .text.z_init_static_threads
                0x000000000040f430      0x180 zephyr/kernel/libkernel.a(thread.c.obj)
                0x000000000040f430                z_init_static_threads
 .text.z_spin_lock_valid
                0x000000000040f5b0       0x2c zephyr/kernel/libkernel.a(thread.c.obj)
                0x000000000040f5b0                z_spin_lock_valid
 .text.z_spin_unlock_valid
                0x000000000040f5dc       0x34 zephyr/kernel/libkernel.a(thread.c.obj)
                0x000000000040f5dc                z_spin_unlock_valid
 .text.z_spin_lock_set_owner
                0x000000000040f610       0x1c zephyr/kernel/libkernel.a(thread.c.obj)
                0x000000000040f610                z_spin_lock_set_owner
 .text.idle     0x000000000040f62c       0x70 zephyr/kernel/libkernel.a(idle.c.obj)
                0x000000000040f62c                idle
 .text.k_msgq_init
                0x000000000040f69c       0x34 zephyr/kernel/libkernel.a(msg_q.c.obj)
                0x000000000040f69c                k_msgq_init
 .text.z_impl_k_msgq_put
                0x000000000040f6d0      0x298 zephyr/kernel/libkernel.a(msg_q.c.obj)
                0x000000000040f6d0                z_impl_k_msgq_put
 .text.z_impl_k_msgq_get
                0x000000000040f968      0x2b4 zephyr/kernel/libkernel.a(msg_q.c.obj)
                0x000000000040f968                z_impl_k_msgq_get
 .text.z_impl_k_msgq_purge
                0x000000000040fc1c       0xd0 zephyr/kernel/libkernel.a(msg_q.c.obj)
                0x000000000040fc1c                z_impl_k_msgq_purge
 .text.adjust_owner_prio.isra.0
                0x000000000040fcec       0x18 zephyr/kernel/libkernel.a(mutex.c.obj)
 .text.z_impl_k_mutex_init
                0x000000000040fd04       0x14 zephyr/kernel/libkernel.a(mutex.c.obj)
                0x000000000040fd04                z_impl_k_mutex_init
 .text.z_impl_k_mutex_lock
                0x000000000040fd18      0x2b0 zephyr/kernel/libkernel.a(mutex.c.obj)
                0x000000000040fd18                z_impl_k_mutex_lock
 .text.z_impl_k_mutex_unlock
                0x000000000040ffc8      0x210 zephyr/kernel/libkernel.a(mutex.c.obj)
                0x000000000040ffc8                z_impl_k_mutex_unlock
 .text.queue_insert
                0x00000000004101d8      0x204 zephyr/kernel/libkernel.a(queue.c.obj)
 .text.k_queue_prepend
                0x00000000004103dc       0x14 zephyr/kernel/libkernel.a(queue.c.obj)
                0x00000000004103dc                k_queue_prepend
 .text.z_impl_k_sem_init
                0x00000000004103f0       0x2c zephyr/kernel/libkernel.a(sem.c.obj)
                0x00000000004103f0                z_impl_k_sem_init
 .text.z_impl_k_sem_give
                0x000000000041041c       0xdc zephyr/kernel/libkernel.a(sem.c.obj)
                0x000000000041041c                z_impl_k_sem_give
 .text.z_impl_k_sem_take
                0x00000000004104f8      0x1c4 zephyr/kernel/libkernel.a(sem.c.obj)
                0x00000000004104f8                z_impl_k_sem_take
 .text.z_impl_k_sem_reset
                0x00000000004106bc       0xd4 zephyr/kernel/libkernel.a(sem.c.obj)
                0x00000000004106bc                z_impl_k_sem_reset
 .text.flag_test_and_clear
                0x0000000000410790       0x24 zephyr/kernel/libkernel.a(work.c.obj)
 .text.unschedule_locked
                0x00000000004107b4       0x38 zephyr/kernel/libkernel.a(work.c.obj)
 .text.notify_queue_locked.isra.0
                0x00000000004107ec       0x18 zephyr/kernel/libkernel.a(work.c.obj)
 .text.work_queue_main
                0x0000000000410804      0x2b8 zephyr/kernel/libkernel.a(work.c.obj)
 .text.submit_to_queue_locked
                0x0000000000410abc      0x16c zephyr/kernel/libkernel.a(work.c.obj)
 .text.work_timeout
                0x0000000000410c28      0x164 zephyr/kernel/libkernel.a(work.c.obj)
 .text.k_work_init
                0x0000000000410d8c       0xa8 zephyr/kernel/libkernel.a(work.c.obj)
                0x0000000000410d8c                k_work_init
 .text.z_work_submit_to_queue
                0x0000000000410e34      0x158 zephyr/kernel/libkernel.a(work.c.obj)
                0x0000000000410e34                z_work_submit_to_queue
 .text.k_work_submit_to_queue
                0x0000000000410f8c       0x34 zephyr/kernel/libkernel.a(work.c.obj)
                0x0000000000410f8c                k_work_submit_to_queue
 .text.k_work_submit
                0x0000000000410fc0       0x10 zephyr/kernel/libkernel.a(work.c.obj)
                0x0000000000410fc0                k_work_submit
 .text.k_work_queue_init
                0x0000000000410fd0       0x6c zephyr/kernel/libkernel.a(work.c.obj)
                0x0000000000410fd0                k_work_queue_init
 .text.k_work_queue_start
                0x000000000041103c      0x164 zephyr/kernel/libkernel.a(work.c.obj)
                0x000000000041103c                k_work_queue_start
 .text.k_work_init_delayable
                0x00000000004111a0       0xb8 zephyr/kernel/libkernel.a(work.c.obj)
                0x00000000004111a0                k_work_init_delayable
 .text.k_work_reschedule_for_queue
                0x0000000000411258      0x1a0 zephyr/kernel/libkernel.a(work.c.obj)
                0x0000000000411258                k_work_reschedule_for_queue
 .text.sliceable
                0x00000000004113f8       0x58 zephyr/kernel/libkernel.a(sched.c.obj)
 .text.slice_timeout
                0x0000000000411450       0x94 zephyr/kernel/libkernel.a(sched.c.obj)
 .text.z_sched_prio_cmp
                0x00000000004114e4       0x18 zephyr/kernel/libkernel.a(sched.c.obj)
                0x00000000004114e4                z_sched_prio_cmp
 .text.z_reset_time_slice
                0x00000000004114fc       0x90 zephyr/kernel/libkernel.a(sched.c.obj)
                0x00000000004114fc                z_reset_time_slice
 .text.z_reschedule
                0x000000000041158c      0x110 zephyr/kernel/libkernel.a(sched.c.obj)
                0x000000000041158c                z_reschedule
 .text.z_reschedule_irqlock
                0x000000000041169c       0x20 zephyr/kernel/libkernel.a(sched.c.obj)
                0x000000000041169c                z_reschedule_irqlock
 .text.z_reschedule_unlocked
                0x00000000004116bc       0x14 zephyr/kernel/libkernel.a(sched.c.obj)
 .text.k_sched_lock
                0x00000000004116d0      0x1a4 zephyr/kernel/libkernel.a(sched.c.obj)
                0x00000000004116d0                k_sched_lock
 .text.z_priq_dumb_remove
                0x0000000000411874       0x74 zephyr/kernel/libkernel.a(sched.c.obj)
                0x0000000000411874                z_priq_dumb_remove
 .text.unpend_thread_no_timeout
                0x00000000004118e8       0x80 zephyr/kernel/libkernel.a(sched.c.obj)
 .text.z_unpend_thread
                0x0000000000411968      0x11c zephyr/kernel/libkernel.a(sched.c.obj)
                0x0000000000411968                z_unpend_thread
 .text.z_priq_dumb_best
                0x0000000000411a84       0x10 zephyr/kernel/libkernel.a(sched.c.obj)
                0x0000000000411a84                z_priq_dumb_best
 .text.update_cache
                0x0000000000411a94       0xd8 zephyr/kernel/libkernel.a(sched.c.obj)
 .text.move_thread_to_end_of_prio_q
                0x0000000000411b6c      0x124 zephyr/kernel/libkernel.a(sched.c.obj)
 .text.z_time_slice
                0x0000000000411c90      0x148 zephyr/kernel/libkernel.a(sched.c.obj)
                0x0000000000411c90                z_time_slice
 .text.ready_thread
                0x0000000000411dd8      0x120 zephyr/kernel/libkernel.a(sched.c.obj)
 .text.z_ready_thread
                0x0000000000411ef8      0x104 zephyr/kernel/libkernel.a(sched.c.obj)
                0x0000000000411ef8                z_ready_thread
 .text.z_sched_start
                0x0000000000411ffc      0x12c zephyr/kernel/libkernel.a(sched.c.obj)
                0x0000000000411ffc                z_sched_start
 .text.z_sched_wake_thread
                0x0000000000412128      0x160 zephyr/kernel/libkernel.a(sched.c.obj)
                0x0000000000412128                z_sched_wake_thread
 .text.z_thread_timeout
                0x0000000000412288        0xc zephyr/kernel/libkernel.a(sched.c.obj)
                0x0000000000412288                z_thread_timeout
 .text.unready_thread
                0x0000000000412294       0x54 zephyr/kernel/libkernel.a(sched.c.obj)
 .text.add_to_waitq_locked
                0x00000000004122e8       0xec zephyr/kernel/libkernel.a(sched.c.obj)
 .text.pend_locked
                0x00000000004123d4       0x48 zephyr/kernel/libkernel.a(sched.c.obj)
 .text.z_pend_curr
                0x000000000041241c      0x1c0 zephyr/kernel/libkernel.a(sched.c.obj)
                0x000000000041241c                z_pend_curr
 .text.z_set_prio
                0x00000000004125dc      0x224 zephyr/kernel/libkernel.a(sched.c.obj)
                0x00000000004125dc                z_set_prio
 .text.z_impl_k_thread_suspend
                0x0000000000412800      0x170 zephyr/kernel/libkernel.a(sched.c.obj)
                0x0000000000412800                z_impl_k_thread_suspend
 .text.k_sched_unlock
                0x0000000000412970      0x1ac zephyr/kernel/libkernel.a(sched.c.obj)
                0x0000000000412970                k_sched_unlock
 .text.z_unpend_first_thread
                0x0000000000412b1c      0x128 zephyr/kernel/libkernel.a(sched.c.obj)
                0x0000000000412b1c                z_unpend_first_thread
 .text.init_ready_q
                0x0000000000412c44        0xc zephyr/kernel/libkernel.a(sched.c.obj)
                0x0000000000412c44                init_ready_q
 .text.z_sched_init
                0x0000000000412c50       0x10 zephyr/kernel/libkernel.a(sched.c.obj)
                0x0000000000412c50                z_sched_init
 .text.z_impl_k_yield
                0x0000000000412c60      0x240 zephyr/kernel/libkernel.a(sched.c.obj)
                0x0000000000412c60                z_impl_k_yield
 .text.z_tick_sleep
                0x0000000000412ea0      0x21c zephyr/kernel/libkernel.a(sched.c.obj)
 .text.z_impl_k_sleep
                0x00000000004130bc       0xa0 zephyr/kernel/libkernel.a(sched.c.obj)
                0x00000000004130bc                z_impl_k_sleep
 .text.z_impl_z_current_get
                0x000000000041315c       0x10 zephyr/kernel/libkernel.a(sched.c.obj)
                0x000000000041315c                z_impl_z_current_get
 .text.z_thread_abort
                0x000000000041316c      0x2d8 zephyr/kernel/libkernel.a(sched.c.obj)
                0x000000000041316c                z_thread_abort
 .text.z_impl_k_thread_join
                0x0000000000413444      0x244 zephyr/kernel/libkernel.a(sched.c.obj)
                0x0000000000413444                z_impl_k_thread_join
 .text.z_sched_wake
                0x0000000000413688      0x158 zephyr/kernel/libkernel.a(sched.c.obj)
                0x0000000000413688                z_sched_wake
 .text.z_sched_wait
                0x00000000004137e0       0x38 zephyr/kernel/libkernel.a(sched.c.obj)
                0x00000000004137e0                z_sched_wait
 .text.z_sched_waitq_walk
                0x0000000000413818      0x160 zephyr/kernel/libkernel.a(sched.c.obj)
                0x0000000000413818                z_sched_waitq_walk
 .text.elapsed  0x0000000000413978       0x18 zephyr/kernel/libkernel.a(timeout.c.obj)
 .text.next_timeout
                0x0000000000413990       0x58 zephyr/kernel/libkernel.a(timeout.c.obj)
 .text.remove_timeout
                0x00000000004139e8       0x40 zephyr/kernel/libkernel.a(timeout.c.obj)
 .text.z_add_timeout
                0x0000000000413a28      0x248 zephyr/kernel/libkernel.a(timeout.c.obj)
                0x0000000000413a28                z_add_timeout
 .text.z_abort_timeout
                0x0000000000413c70      0x124 zephyr/kernel/libkernel.a(timeout.c.obj)
                0x0000000000413c70                z_abort_timeout
 .text.sys_clock_announce
                0x0000000000413d94      0x1f4 zephyr/kernel/libkernel.a(timeout.c.obj)
                0x0000000000413d94                sys_clock_announce
 .text.sys_clock_tick_get
                0x0000000000413f88      0x110 zephyr/kernel/libkernel.a(timeout.c.obj)
                0x0000000000413f88                sys_clock_tick_get
 .text.sys_clock_tick_get_32
                0x0000000000414098       0x14 zephyr/kernel/libkernel.a(timeout.c.obj)
                0x0000000000414098                sys_clock_tick_get_32
 .text.z_impl_k_uptime_ticks
                0x00000000004140ac        0x4 zephyr/kernel/libkernel.a(timeout.c.obj)
                0x00000000004140ac                z_impl_k_uptime_ticks
 .text.sys_clock_timeout_end_calc
                0x00000000004140b0       0x50 zephyr/kernel/libkernel.a(timeout.c.obj)
                0x00000000004140b0                sys_clock_timeout_end_calc
 .text.signal_poll_event
                0x0000000000414100       0xfc zephyr/kernel/libkernel.a(poll.c.obj)
 .text.z_handle_obj_poll_events
                0x00000000004141fc       0x28 zephyr/kernel/libkernel.a(poll.c.obj)
                0x00000000004141fc                z_handle_obj_poll_events
 .text.k_event_post_internal
                0x0000000000414224      0x140 zephyr/kernel/libkernel.a(events.c.obj)
 .text.k_event_wait_internal
                0x0000000000414364      0x1f8 zephyr/kernel/libkernel.a(events.c.obj)
 .text.event_walk_op
                0x000000000041455c       0x54 zephyr/kernel/libkernel.a(events.c.obj)
 .text.z_impl_k_event_init
                0x00000000004145b0       0x10 zephyr/kernel/libkernel.a(events.c.obj)
                0x00000000004145b0                z_impl_k_event_init
 .text.z_impl_k_event_post
                0x00000000004145c0        0x8 zephyr/kernel/libkernel.a(events.c.obj)
                0x00000000004145c0                z_impl_k_event_post
 .text.z_impl_k_event_clear
                0x00000000004145c8        0xc zephyr/kernel/libkernel.a(events.c.obj)
                0x00000000004145c8                z_impl_k_event_clear
 .text.z_impl_k_event_wait
                0x00000000004145d4        0x8 zephyr/kernel/libkernel.a(events.c.obj)
                0x00000000004145d4                z_impl_k_event_wait
 .text.z_thread_aligned_alloc