Archive member included to satisfy reference by file (symbol)

app/libapp.a(isotp_fast.c.obj)
                              (--whole-archive)
app/libapp.a(main.c.obj)      (--whole-archive)
zephyr/libzephyr.a(cbprintf_packaged.c.obj)
                              (--whole-archive)
zephyr/libzephyr.a(dec.c.obj)
                              (--whole-archive)
zephyr/libzephyr.a(fdtable.c.obj)
                              (--whole-archive)
zephyr/libzephyr.a(hex.c.obj)
                              (--whole-archive)
zephyr/libzephyr.a(printk.c.obj)
                              (--whole-archive)
zephyr/libzephyr.a(rb.c.obj)  (--whole-archive)
zephyr/libzephyr.a(sem.c.obj)
                              (--whole-archive)
zephyr/libzephyr.a(thread_entry.c.obj)
                              (--whole-archive)
zephyr/libzephyr.a(timeutil.c.obj)
                              (--whole-archive)
zephyr/libzephyr.a(heap.c.obj)
                              (--whole-archive)
zephyr/libzephyr.a(heap-validate.c.obj)
                              (--whole-archive)
zephyr/libzephyr.a(bitarray.c.obj)
                              (--whole-archive)
zephyr/libzephyr.a(multi_heap.c.obj)
                              (--whole-archive)
zephyr/libzephyr.a(crc32c_sw.c.obj)
                              (--whole-archive)
zephyr/libzephyr.a(crc32_sw.c.obj)
                              (--whole-archive)
zephyr/libzephyr.a(crc16_sw.c.obj)
                              (--whole-archive)
zephyr/libzephyr.a(crc8_sw.c.obj)
                              (--whole-archive)
zephyr/libzephyr.a(crc7_sw.c.obj)
                              (--whole-archive)
zephyr/libzephyr.a(cbprintf_complete.c.obj)
                              (--whole-archive)
zephyr/libzephyr.a(cbprintf.c.obj)
                              (--whole-archive)
zephyr/libzephyr.a(assert.c.obj)
                              (--whole-archive)
zephyr/libzephyr.a(configs.c.obj)
                              (--whole-archive)
zephyr/libzephyr.a(log_core.c.obj)
                              (--whole-archive)
zephyr/libzephyr.a(log_mgmt.c.obj)
                              (--whole-archive)
zephyr/libzephyr.a(log_cache.c.obj)
                              (--whole-archive)
zephyr/libzephyr.a(log_msg.c.obj)
                              (--whole-archive)
zephyr/libzephyr.a(log_output.c.obj)
                              (--whole-archive)
zephyr/libzephyr.a(log_backend_native_posix.c.obj)
                              (--whole-archive)
zephyr/libzephyr.a(tracing_none.c.obj)
                              (--whole-archive)
zephyr/libzephyr.a(addr_utils.c.obj)
                              (--whole-archive)
zephyr/arch/arch/posix/core/libarch__posix__core.a(cpuhalt.c.obj)
                              (--whole-archive)
zephyr/arch/arch/posix/core/libarch__posix__core.a(fatal.c.obj)
                              (--whole-archive)
zephyr/arch/arch/posix/core/libarch__posix__core.a(irq.c.obj)
                              (--whole-archive)
zephyr/arch/arch/posix/core/libarch__posix__core.a(posix_core.c.obj)
                              (--whole-archive)
zephyr/arch/arch/posix/core/libarch__posix__core.a(swap.c.obj)
                              (--whole-archive)
zephyr/arch/arch/posix/core/libarch__posix__core.a(thread.c.obj)
                              (--whole-archive)
zephyr/soc/posix/inf_clock/libsoc__posix__inf_clock.a(soc.c.obj)
                              (--whole-archive)
zephyr/boards/posix/native_posix/libboards__posix__native_posix.a(hw_models_top.c.obj)
                              (--whole-archive)
zephyr/boards/posix/native_posix/libboards__posix__native_posix.a(timer_model.c.obj)
                              (--whole-archive)
zephyr/boards/posix/native_posix/libboards__posix__native_posix.a(native_rtc.c.obj)
                              (--whole-archive)
zephyr/boards/posix/native_posix/libboards__posix__native_posix.a(irq_handler.c.obj)
                              (--whole-archive)
zephyr/boards/posix/native_posix/libboards__posix__native_posix.a(irq_ctrl.c.obj)
                              (--whole-archive)
zephyr/boards/posix/native_posix/libboards__posix__native_posix.a(main.c.obj)
                              (--whole-archive)
zephyr/boards/posix/native_posix/libboards__posix__native_posix.a(tracing.c.obj)
                              (--whole-archive)
zephyr/boards/posix/native_posix/libboards__posix__native_posix.a(cmdline_common.c.obj)
                              (--whole-archive)
zephyr/boards/posix/native_posix/libboards__posix__native_posix.a(cmdline.c.obj)
                              (--whole-archive)
zephyr/boards/posix/native_posix/libboards__posix__native_posix.a(cpu_wait.c.obj)
                              (--whole-archive)
zephyr/boards/posix/native_posix/libboards__posix__native_posix.a(hw_counter.c.obj)
                              (--whole-archive)
zephyr/subsys/canbus/isotp/libsubsys__canbus__isotp.a(isotp.c.obj)
[...]
Memory Configuration

Name             Origin             Length             Attributes
*default*        0x0000000000000000 0xffffffffffffffff

Linker script and memory map

LOAD app/libapp.a
LOAD zephyr/libzephyr.a
LOAD zephyr/arch/arch/posix/core/libarch__posix__core.a
LOAD zephyr/soc/posix/inf_clock/libsoc__posix__inf_clock.a
LOAD zephyr/boards/posix/native_posix/libboards__posix__native_posix.a
LOAD zephyr/subsys/canbus/isotp/libsubsys__canbus__isotp.a
LOAD zephyr/subsys/testsuite/ztest/libsubsys__testsuite__ztest.a
LOAD zephyr/subsys/net/libsubsys__net.a
LOAD zephyr/drivers/can/libdrivers__can.a
LOAD zephyr/drivers/console/libdrivers__console.a
LOAD zephyr/drivers/timer/libdrivers__timer.a
LOAD zephyr/kernel/libkernel.a
LOAD /usr/lib/gcc/aarch64-linux-gnu/11/../../../aarch64-linux-gnu/libdl.a
LOAD /usr/lib/gcc/aarch64-linux-gnu/11/../../../aarch64-linux-gnu/libm.so
LOAD /usr/lib/gcc/aarch64-linux-gnu/11/libgcc.a
LOAD /usr/lib/gcc/aarch64-linux-gnu/11/libgcc_s.so
START GROUP
LOAD /usr/lib/gcc/aarch64-linux-gnu/11/../../../aarch64-linux-gnu/libgcc_s.so.1
LOAD /usr/lib/gcc/aarch64-linux-gnu/11/libgcc.a
END GROUP
LOAD /usr/lib/gcc/aarch64-linux-gnu/11/../../../aarch64-linux-gnu/libpthread.a
LOAD /usr/lib/gcc/aarch64-linux-gnu/11/../../../aarch64-linux-gnu/libc.so
START GROUP
LOAD /lib/aarch64-linux-gnu/libc.so.6
LOAD /usr/lib/aarch64-linux-gnu/libc_nonshared.a
LOAD /lib/ld-linux-aarch64.so.1
END GROUP
LOAD /usr/lib/gcc/aarch64-linux-gnu/11/libgcc.a
LOAD /usr/lib/gcc/aarch64-linux-gnu/11/libgcc_s.so
START GROUP
LOAD /usr/lib/gcc/aarch64-linux-gnu/11/../../../aarch64-linux-gnu/libgcc_s.so.1
LOAD /usr/lib/gcc/aarch64-linux-gnu/11/libgcc.a
END GROUP
LOAD /usr/lib/gcc/aarch64-linux-gnu/11/crtendS.o
LOAD /usr/lib/gcc/aarch64-linux-gnu/11/../../../aarch64-linux-gnu/crtn.o
                [!provide]                        PROVIDE (__executable_start = SEGMENT_START ("text-segment", 0x400000))
                0x0000000000400238                . = (SEGMENT_START ("text-segment", 0x400000) + SIZEOF_HEADERS)

.interp         0x0000000000400238       0x1b
 *(SORT_BY_ALIGNMENT(.interp))
 .interp        0x0000000000400238       0x1b /usr/lib/gcc/aarch64-linux-gnu/11/../../../aarch64-linux-gnu/Scrt1.o

.note.ABI-tag   0x0000000000400254       0x20
 .note.ABI-tag  0x0000000000400254       0x20 /usr/lib/gcc/aarch64-linux-gnu/11/../../../aarch64-linux-gnu/Scrt1.o

.note.gnu.build-id
 *(SORT_BY_ALIGNMENT(.note.gnu.build-id))

.hash
 *(SORT_BY_ALIGNMENT(.hash))

.gnu.hash       0x0000000000400278       0x1c
 *(SORT_BY_ALIGNMENT(.gnu.hash))
 .gnu.hash      0x0000000000400278       0x1c /usr/lib/gcc/aarch64-linux-gnu/11/../../../aarch64-linux-gnu/Scrt1.o

.dynsym         0x0000000000400298      0x570
 *(SORT_BY_ALIGNMENT(.dynsym))
 .dynsym        0x0000000000400298      0x570 /usr/lib/gcc/aarch64-linux-gnu/11/../../../aarch64-linux-gnu/Scrt1.o

.dynstr         0x0000000000400808      0x2e3
 *(SORT_BY_ALIGNMENT(.dynstr))
 .dynstr        0x0000000000400808      0x2e3 /usr/lib/gcc/aarch64-linux-gnu/11/../../../aarch64-linux-gnu/Scrt1.o

.gnu.version    0x0000000000400aec       0x74
 *(SORT_BY_ALIGNMENT(.gnu.version))
 .gnu.version   0x0000000000400aec       0x74 /usr/lib/gcc/aarch64-linux-gnu/11/../../../aarch64-linux-gnu/Scrt1.o

.gnu.version_d  0x0000000000400b60        0x0
 *(SORT_BY_ALIGNMENT(.gnu.version_d))
 .gnu.version_d
                0x0000000000400b60        0x0 /usr/lib/gcc/aarch64-linux-gnu/11/../../../aarch64-linux-gnu/Scrt1.o

.gnu.version_r  0x0000000000400b60       0x50
 *(SORT_BY_ALIGNMENT(.gnu.version_r))
 .gnu.version_r
                0x0000000000400b60       0x50 /usr/lib/gcc/aarch64-linux-gnu/11/../../../aarch64-linux-gnu/Scrt1.o

.rela.dyn       0x0000000000400bb0       0xa8
 *(SORT_BY_ALIGNMENT(.rela.init))
 *(SORT_BY_ALIGNMENT(.rela.text) SORT_BY_ALIGNMENT(.rela.text.*) SORT_BY_ALIGNMENT(.rela.gnu.linkonce.t.*))
 *(SORT_BY_ALIGNMENT(.rela.fini))
 *(SORT_BY_ALIGNMENT(.rela.rodata) SORT_BY_ALIGNMENT(.rela.rodata.*) SORT_BY_ALIGNMENT(.rela.gnu.linkonce.r.*))
 *(SORT_BY_ALIGNMENT(.rela.data) SORT_BY_ALIGNMENT(.rela.data.*) SORT_BY_ALIGNMENT(.rela.gnu.linkonce.d.*))
 .rela.data.rel.ro
                0x0000000000400bb0        0x0 /usr/lib/gcc/aarch64-linux-gnu/11/../../../aarch64-linux-gnu/Scrt1.o
 .rela.data.rel._char_out
                0x0000000000400bb0        0x0 /usr/lib/gcc/aarch64-linux-gnu/11/../../../aarch64-linux-gnu/Scrt1.o
 .rela.data.rel.ro.native_pre_tasks.0
                0x0000000000400bb0        0x0 /usr/lib/gcc/aarch64-linux-gnu/11/../../../aarch64-linux-gnu/Scrt1.o
 .rela.data.rel.ro.levels.0
                0x0000000000400bb0        0x0 /usr/lib/gcc/aarch64-linux-gnu/11/../../../aarch64-linux-gnu/Scrt1.o
 *(SORT_BY_ALIGNMENT(.rela.tdata) SORT_BY_ALIGNMENT(.rela.tdata.*) SORT_BY_ALIGNMENT(.rela.gnu.linkonce.td.*))
 *(SORT_BY_ALIGNMENT(.rela.tbss) SORT_BY_ALIGNMENT(.rela.tbss.*) SORT_BY_ALIGNMENT(.rela.gnu.linkonce.tb.*))
 *(SORT_BY_ALIGNMENT(.rela.ctors))
 *(SORT_BY_ALIGNMENT(.rela.dtors))
 *(SORT_BY_ALIGNMENT(.rela.got))
 .rela.got      0x0000000000400bb0       0xa8 /usr/lib/gcc/aarch64-linux-gnu/11/../../../aarch64-linux-gnu/Scrt1.o
 *(SORT_BY_ALIGNMENT(.rela.bss) SORT_BY_ALIGNMENT(.rela.bss.*) SORT_BY_ALIGNMENT(.rela.gnu.linkonce.b.*))
 .rela.bss      0x0000000000400c58        0x0 /usr/lib/gcc/aarch64-linux-gnu/11/../../../aarch64-linux-gnu/Scrt1.o
 *(SORT_BY_ALIGNMENT(.rela.ifunc))

.rela.plt       0x0000000000400c58      0x4e0
 *(SORT_BY_ALIGNMENT(.rela.plt))
 .rela.plt      0x0000000000400c58      0x4e0 /usr/lib/gcc/aarch64-linux-gnu/11/../../../aarch64-linux-gnu/Scrt1.o
                [!provide]                        PROVIDE (__rela_iplt_start = .)
 *(SORT_BY_ALIGNMENT(.rela.iplt))
 .rela.iplt     0x0000000000401138        0x0 /usr/lib/gcc/aarch64-linux-gnu/11/../../../aarch64-linux-gnu/Scrt1.o
                [!provide]                        PROVIDE (__rela_iplt_end = .)

.init           0x0000000000401138       0x18
 *(SORT_NONE(.init))
 .init          0x0000000000401138       0x10 /usr/lib/gcc/aarch64-linux-gnu/11/../../../aarch64-linux-gnu/crti.o
                0x0000000000401138                _init
 .init          0x0000000000401148        0x8 /usr/lib/gcc/aarch64-linux-gnu/11/../../../aarch64-linux-gnu/crtn.o

.plt            0x0000000000401150      0x360
 *(SORT_BY_ALIGNMENT(.plt))
 .plt           0x0000000000401150      0x360 /usr/lib/gcc/aarch64-linux-gnu/11/../../../aarch64-linux-gnu/Scrt1.o
                0x0000000000401170                memcpy@@GLIBC_2.17
                0x0000000000401180                getcwd@@GLIBC_2.17
                0x0000000000401190                strtoul@@GLIBC_2.17
                0x00000000004011a0                strlen@@GLIBC_2.17
                0x00000000004011b0                exit@@GLIBC_2.17
                0x00000000004011c0                __libc_start_main@@GLIBC_2.34
                0x00000000004011d0                strtoll@@GLIBC_2.17
                0x00000000004011e0                strnlen@@GLIBC_2.17
                0x00000000004011f0                strtod@@GLIBC_2.17
                0x0000000000401200                __sigsetjmp@@GLIBC_2.17
                0x0000000000401210                __cxa_finalize@@GLIBC_2.17
                0x0000000000401220                clock_gettime@@GLIBC_2.17
                0x0000000000401230                setvbuf@@GLIBC_2.17
                0x0000000000401240                snprintf@@GLIBC_2.17
                0x0000000000401250                __memcpy_chk@@GLIBC_2.17
                0x0000000000401260                __snprintf_chk@@GLIBC_2.17
                0x0000000000401270                strtok_r@@GLIBC_2.17
                0x0000000000401280                sigemptyset@@GLIBC_2.17
                0x0000000000401290                strncmp@@GLIBC_2.17
                0x00000000004012a0                memset@@GLIBC_2.17
                0x00000000004012b0                sleep@@GLIBC_2.17
                0x00000000004012c0                __vfprintf_chk@@GLIBC_2.17
                0x00000000004012d0                calloc@@GLIBC_2.17
                0x00000000004012e0                pthread_cond_broadcast@@GLIBC_2.17
                0x00000000004012f0                strcasecmp@@GLIBC_2.17
                0x0000000000401300                realloc@@GLIBC_2.17
                0x0000000000401310                strdup@@GLIBC_2.17
                0x0000000000401320                __stack_chk_fail@@GLIBC_2.17
                0x0000000000401330                sigaction@@GLIBC_2.17
                0x0000000000401350                __getauxval@@GLIBC_2.17
                0x0000000000401360                abort@@GLIBC_2.17
                0x0000000000401370                pthread_exit@@GLIBC_2.17
                0x0000000000401380                memcmp@@GLIBC_2.17
                0x0000000000401390                __fprintf_chk@@GLIBC_2.17
                0x00000000004013a0                strcmp@@GLIBC_2.17
                0x00000000004013b0                __ctype_b_loc@@GLIBC_2.17
                0x00000000004013c0                pthread_detach@@GLIBC_2.34
                0x00000000004013d0                strtol@@GLIBC_2.17
                0x00000000004013e0                free@@GLIBC_2.17
                0x00000000004013f0                pthread_cond_wait@@GLIBC_2.17
                0x0000000000401400                nanosleep@@GLIBC_2.17
                0x0000000000401410                __pthread_unwind_next@@GLIBC_2.34
                0x0000000000401420                strtoull@@GLIBC_2.17
                0x0000000000401430                pthread_create@@GLIBC_2.34
                0x0000000000401440                isatty@@GLIBC_2.17
                0x0000000000401450                strncpy@@GLIBC_2.17
                0x0000000000401460                __pthread_register_cancel@@GLIBC_2.34
                0x0000000000401470                pthread_self@@GLIBC_2.17
                0x0000000000401480                pthread_cancel@@GLIBC_2.34
                0x0000000000401490                pthread_mutex_lock@@GLIBC_2.17
                0x00000000004014a0                pthread_mutex_unlock@@GLIBC_2.17
 *(SORT_BY_ALIGNMENT(.iplt))
 .iplt          0x00000000004014b0        0x0 /usr/lib/gcc/aarch64-linux-gnu/11/../../../aarch64-linux-gnu/Scrt1.o

.text           0x00000000004014c0    0x12058
 *(SORT_BY_ALIGNMENT(.text.unlikely) SORT_BY_ALIGNMENT(.text.*_unlikely) SORT_BY_ALIGNMENT(.text.unlikely.*))
 *(SORT_BY_ALIGNMENT(.text.exit) SORT_BY_ALIGNMENT(.text.exit.*))
 *(SORT_BY_ALIGNMENT(.text.startup) SORT_BY_ALIGNMENT(.text.startup.*))
 .text.startup  0x00000000004014c0       0x24 /usr/lib/gcc/aarch64-linux-gnu/11/libgcc.a(lse-init.o)
 *(SORT_BY_ALIGNMENT(.text.hot) SORT_BY_ALIGNMENT(.text.hot.*))
 *(SORT_BY_NAME(SORT_BY_ALIGNMENT(.text.sorted.*)))
 *(SORT_BY_ALIGNMENT(.text) SORT_BY_ALIGNMENT(.stub) SORT_BY_ALIGNMENT(.text.*) SORT_BY_ALIGNMENT(.gnu.linkonce.t.*))
 *fill*         0x00000000004014e4       0x1c 1f2003d5
 .text          0x0000000000401500       0x34 /usr/lib/gcc/aarch64-linux-gnu/11/../../../aarch64-linux-gnu/Scrt1.o
                0x0000000000401500                _start
 *fill*         0x0000000000401534        0xc 1f2003d5
 .text          0x0000000000401540       0xc4 /usr/lib/gcc/aarch64-linux-gnu/11/crtbeginS.o
 *fill*         0x0000000000401604        0xc 1f2003d5
 .text          0x0000000000401610       0x30 /usr/lib/gcc/aarch64-linux-gnu/11/libgcc.a(ldadd_8_4.o)
                0x0000000000401610                __aarch64_ldadd8_acq_rel
 .text          0x0000000000401640      0x958 /usr/lib/gcc/aarch64-linux-gnu/11/libgcc.a(divtf3.o)
                0x0000000000401640                __divtf3
 *fill*         0x0000000000401f98        0x8 1f2003d5
 .text          0x0000000000401fa0       0x9c /usr/lib/gcc/aarch64-linux-gnu/11/libgcc.a(floatunditf.o)
                0x0000000000401fa0                __floatunditf
 *fill*         0x000000000040203c        0x4 1f2003d5
 .text          0x0000000000402040       0x70 /usr/lib/gcc/aarch64-linux-gnu/11/libgcc.a(sfp-exceptions.o)
                0x0000000000402040                __sfp_handle_exceptions
 .text          0x00000000004020b0       0x14 /usr/lib/gcc/aarch64-linux-gnu/11/../../../aarch64-linux-gnu/crti.o
 .text._OffsetAbsSyms
                0x00000000004020c4        0x4 zephyr/CMakeFiles/offsets.dir/./arch/posix/core/offsets/offsets.c.obj
                0x00000000004020c4                _OffsetAbsSyms
 .text.k_timer_stop
                0x00000000004020c8        0x4 app/libapp.a(isotp_fast.c.obj)
 .text.send_can_tx_callback
                0x00000000004020cc       0x7c app/libapp.a(isotp_fast.c.obj)
 .text.can_bytes_to_dlc
                0x0000000000402148       0x6c app/libapp.a(isotp_fast.c.obj)
 .text.z_log_msg_runtime_create.constprop.0
                0x00000000004021b4       0xbc app/libapp.a(isotp_fast.c.obj)
 .text.send_timeout_handler
                0x0000000000402270       0x74 app/libapp.a(isotp_fast.c.obj)
 .text.receive_can_tx
                0x00000000004022e4       0x70 app/libapp.a(isotp_fast.c.obj)
 .text.receive_timeout_handler
                0x0000000000402354       0xa4 app/libapp.a(isotp_fast.c.obj)
 .text.sys_slist_find_and_remove.isra.0
                0x00000000004023f8       0x5c app/libapp.a(isotp_fast.c.obj)
 .text.free_recv_ctx
                0x0000000000402454       0x68 app/libapp.a(isotp_fast.c.obj)
 .text.free_send_ctx
                0x00000000004024bc       0x44 app/libapp.a(isotp_fast.c.obj)
 .text.get_send_ctx
                0x0000000000402500      0x128 app/libapp.a(isotp_fast.c.obj)
 .text.can_rx_callback
                0x0000000000402628      0x774 app/libapp.a(isotp_fast.c.obj)
 .text.send_work_handler
                0x0000000000402d9c      0x444 app/libapp.a(isotp_fast.c.obj)
 .text.receive_state_machine
                0x00000000004031e0      0x318 app/libapp.a(isotp_fast.c.obj)
 .text.receive_send_fc
                0x00000000004034f8      0x134 app/libapp.a(isotp_fast.c.obj)
 .text.receive_work_handler
                0x000000000040362c        0x8 app/libapp.a(isotp_fast.c.obj)
 .text.isotp_fast_bind
                0x0000000000403634      0x118 app/libapp.a(isotp_fast.c.obj)
                0x0000000000403634                isotp_fast_bind
 .text.isotp_fast_unbind
                0x000000000040374c       0x38 app/libapp.a(isotp_fast.c.obj)
                0x000000000040374c                isotp_fast_unbind
 .text.isotp_fast_send
                0x0000000000403784      0x1f4 app/libapp.a(isotp_fast.c.obj)
                0x0000000000403784                isotp_fast_send
 .text.isotp_fast_recv_error_handler
                0x0000000000403978       0x18 app/libapp.a(main.c.obj)
                0x0000000000403978                isotp_fast_recv_error_handler
 .text.blocking_recv
                0x0000000000403990      0x130 app/libapp.a(main.c.obj)
 .text.k_uptime_get
                0x0000000000403ac0       0x1c app/libapp.a(main.c.obj)
 .text.can_bytes_to_dlc
                0x0000000000403adc       0x6c app/libapp.a(main.c.obj)
 .text.prepare_cf_frames.constprop.0
                0x0000000000403b48       0x78 app/libapp.a(main.c.obj)
 .text.z_zassert.constprop.0
                0x0000000000403bc0      0x10c app/libapp.a(main.c.obj)
 .text.get_sf_ignore.constprop.0
                0x0000000000403ccc       0x54 app/libapp.a(main.c.obj)
 .text.send_test_data.constprop.0
                0x0000000000403d20       0x60 app/libapp.a(main.c.obj)
 .text.add_rx_msgq.constprop.0
                0x0000000000403d80       0xf0 app/libapp.a(main.c.obj)
 .text.send_frame_series
                0x0000000000403e70      0x13c app/libapp.a(main.c.obj)
 .text._isotp_fast_conformance_async_fd_test_receive_timeouts_wrapper
                0x0000000000403fac      0x194 app/libapp.a(main.c.obj)
 .text.isotp_fast_sent_handler
                0x0000000000404140       0x50 app/libapp.a(main.c.obj)
                0x0000000000404140                isotp_fast_sent_handler
 .text.isotp_fast_conformance_setup
                0x0000000000404190       0xdc app/libapp.a(main.c.obj)
                0x0000000000404190                isotp_fast_conformance_setup
 .text.isotp_fast_recv_handler
                0x000000000040426c       0x98 app/libapp.a(main.c.obj)
                0x000000000040426c                isotp_fast_recv_handler
 .text._isotp_fast_conformance_async_fd_test_send_timeouts_wrapper
                0x0000000000404304      0x310 app/libapp.a(main.c.obj)
 .text.check_data
                0x0000000000404614       0xb4 app/libapp.a(main.c.obj)
 .text.receive_test_data.constprop.0
                0x00000000004046c8      0x15c app/libapp.a(main.c.obj)
 .text.get_sf.constprop.0
                0x0000000000404824       0xc0 app/libapp.a(main.c.obj)
 .text._isotp_fast_conformance_async_fd_test_receive_sf_fixed_wrapper
                0x00000000004048e4       0xe4 app/libapp.a(main.c.obj)
 .text._isotp_fast_conformance_async_fd_test_receive_sf_wrapper
                0x00000000004049c8       0xbc app/libapp.a(main.c.obj)
 .text.isotp_fast_conformance_after
                0x0000000000404a84       0x64 app/libapp.a(main.c.obj)
                0x0000000000404a84                isotp_fast_conformance_after
 .text.isotp_fast_conformance_before
                0x0000000000404ae8       0xb8 app/libapp.a(main.c.obj)
                0x0000000000404ae8                isotp_fast_conformance_before
 .text.check_frame_series.constprop.0
                0x0000000000404ba0      0x218 app/libapp.a(main.c.obj)
 .text._isotp_fast_conformance_async_fd_test_sender_fc_errors_wrapper
                0x0000000000404db8      0x314 app/libapp.a(main.c.obj)
 .text._isotp_fast_conformance_async_fd_test_receive_data_wrapper
                0x00000000004050cc       0xe8 app/libapp.a(main.c.obj)
 .text._isotp_fast_conformance_async_fd_test_receiver_fc_errors_wrapper
                0x00000000004051b4      0x1ac app/libapp.a(main.c.obj)
 .text._isotp_fast_conformance_async_fd_test_send_data_wrapper
                0x0000000000405360      0x118 app/libapp.a(main.c.obj)
 .text._isotp_fast_conformance_async_fd_test_send_sf_fixed_wrapper
                0x0000000000405478      0x130 app/libapp.a(main.c.obj)
 .text._isotp_fast_conformance_async_fd_test_send_sf_wrapper
                0x00000000004055a8      0x128 app/libapp.a(main.c.obj)
 .text._isotp_fast_conformance_async_fd_test_stmin_wrapper
                0x00000000004056d0      0x2d4 app/libapp.a(main.c.obj)
 .text._isotp_fast_conformance_async_fd_test_receive_data_blocks_wrapper
                0x00000000004059a4      0x16c app/libapp.a(main.c.obj)
 .text.cbvprintf_package
                0x0000000000405b10      0x774 zephyr/libzephyr.a(cbprintf_packaged.c.obj)
                0x0000000000405b10                cbvprintf_package
 .text.cbpprintf_external
                0x0000000000406284       0xc4 zephyr/libzephyr.a(cbprintf_packaged.c.obj)
                0x0000000000406284                cbpprintf_external
 .text.arch_printk_char_out
                0x0000000000406348        0x8 zephyr/libzephyr.a(printk.c.obj)
                0x0000000000406348                arch_printk_char_out
 .text.__printk_hook_install
                0x0000000000406350       0x10 zephyr/libzephyr.a(printk.c.obj)
                0x0000000000406350                __printk_hook_install
 .text.vprintk  0x0000000000406360       0x24 zephyr/libzephyr.a(printk.c.obj)
                0x0000000000406360                vprintk
 .text.printk   0x0000000000406384       0xa8 zephyr/libzephyr.a(printk.c.obj)
                0x0000000000406384                printk
 .text.z_thread_entry
                0x000000000040642c       0x3c zephyr/libzephyr.a(thread_entry.c.obj)
                0x000000000040642c                z_thread_entry
 .text.chunk_size
                0x0000000000406468       0x14 zephyr/libzephyr.a(heap.c.obj)
 .text.free_list_remove_bidx
                0x000000000040647c       0x5c zephyr/libzephyr.a(heap.c.obj)
 .text.alloc_chunk
                0x00000000004064d8       0xb8 zephyr/libzephyr.a(heap.c.obj)
 .text.free_list_remove
                0x0000000000406590       0x44 zephyr/libzephyr.a(heap.c.obj)
 .text.free_list_add
                0x00000000004065d4       0x94 zephyr/libzephyr.a(heap.c.obj)
 .text.merge_chunks
                0x0000000000406668       0x5c zephyr/libzephyr.a(heap.c.obj)
 .text.free_chunk
                0x00000000004066c4       0x9c zephyr/libzephyr.a(heap.c.obj)
 .text.split_chunks
                0x0000000000406760       0x68 zephyr/libzephyr.a(heap.c.obj)
 .text.sys_heap_free
                0x00000000004067c8      0x124 zephyr/libzephyr.a(heap.c.obj)
                0x00000000004067c8                sys_heap_free
 .text.sys_heap_alloc
                0x00000000004068ec       0xa0 zephyr/libzephyr.a(heap.c.obj)
                0x00000000004068ec                sys_heap_alloc
 .text.sys_heap_aligned_alloc
                0x000000000040698c      0x1a4 zephyr/libzephyr.a(heap.c.obj)
                0x000000000040698c                sys_heap_aligned_alloc
 .text.sys_heap_init
                0x0000000000406b30      0x1fc zephyr/libzephyr.a(heap.c.obj)
                0x0000000000406b30                sys_heap_init
 .text.outs     0x0000000000406d2c       0x70 zephyr/libzephyr.a(cbprintf_complete.c.obj)
 .text.extract_decimal
                0x0000000000406d9c       0x50 zephyr/libzephyr.a(cbprintf_complete.c.obj)
 .text.encode_uint
                0x0000000000406dec       0xfc zephyr/libzephyr.a(cbprintf_complete.c.obj)
 .text.z_cbvprintf_impl
                0x0000000000406ee8      0xb90 zephyr/libzephyr.a(cbprintf_complete.c.obj)
                0x0000000000406ee8                z_cbvprintf_impl
 .text.assert_print
                0x0000000000407a78       0xa8 zephyr/libzephyr.a(assert.c.obj)
                0x0000000000407a78                assert_print
 .text.assert_post_action
                0x0000000000407b20       0x30 zephyr/libzephyr.a(assert.c.obj)
                0x0000000000407b20                assert_post_action
 .text._ConfigAbsSyms
                0x0000000000407b50        0x4 zephyr/libzephyr.a(configs.c.obj)
                0x0000000000407b50                _ConfigAbsSyms
 .text.dummy_timestamp
                0x0000000000407b54        0x8 zephyr/libzephyr.a(log_core.c.obj)
 .text.default_get_timestamp
                0x0000000000407b5c        0x4 zephyr/libzephyr.a(log_core.c.obj)
 .text.log_backend_is_active
                0x0000000000407b60        0xc zephyr/libzephyr.a(log_core.c.obj)
 .text.log_backend_is_ready
                0x0000000000407b6c       0x1c zephyr/libzephyr.a(log_core.c.obj)
 .text.z_log_init.isra.0
                0x0000000000407b88      0x1dc zephyr/libzephyr.a(log_core.c.obj)
 .text.enable_logger
                0x0000000000407d64       0x20 zephyr/libzephyr.a(log_core.c.obj)
 .text.log_format_func_t_get
                0x0000000000407d84       0x10 zephyr/libzephyr.a(log_core.c.obj)
                0x0000000000407d84                log_format_func_t_get
 .text.z_log_vprintk
                0x0000000000407d94       0x48 zephyr/libzephyr.a(log_core.c.obj)
                0x0000000000407d94                z_log_vprintk
 .text.log_set_timestamp_func
                0x0000000000407ddc       0x34 zephyr/libzephyr.a(log_core.c.obj)
                0x0000000000407ddc                log_set_timestamp_func
 .text.log_core_init
                0x0000000000407e10       0x2c zephyr/libzephyr.a(log_core.c.obj)
                0x0000000000407e10                log_core_init
 .text.z_impl_log_panic
                0x0000000000407e3c      0x110 zephyr/libzephyr.a(log_core.c.obj)
                0x0000000000407e3c                z_impl_log_panic
 .text.z_log_notify_backend_enabled
                0x0000000000407f4c        0x4 zephyr/libzephyr.a(log_core.c.obj)
                0x0000000000407f4c                z_log_notify_backend_enabled
 .text.z_impl_log_process
                0x0000000000407f50        0x8 zephyr/libzephyr.a(log_core.c.obj)
                0x0000000000407f50                z_impl_log_process
 .text.z_log_dropped
                0x0000000000407f58       0x40 zephyr/libzephyr.a(log_core.c.obj)
                0x0000000000407f58                z_log_dropped
 .text.z_log_msg_commit
                0x0000000000407f98      0x108 zephyr/libzephyr.a(log_core.c.obj)
                0x0000000000407f98                z_log_msg_commit
 .text.z_log_get_tag
                0x00000000004080a0        0x8 zephyr/libzephyr.a(log_core.c.obj)
                0x00000000004080a0                z_log_get_tag
 .text.log_src_cnt_get
                0x00000000004080a8       0x1c zephyr/libzephyr.a(log_mgmt.c.obj)
                0x00000000004080a8                log_src_cnt_get
 .text.log_source_name_get
                0x00000000004080c4       0x40 zephyr/libzephyr.a(log_mgmt.c.obj)
                0x00000000004080c4                log_source_name_get
 .text.log_backend_enable
                0x0000000000408104       0x94 zephyr/libzephyr.a(log_mgmt.c.obj)
                0x0000000000408104                log_backend_enable
 .text.z_log_msg_finalize
                0x0000000000408198       0x60 zephyr/libzephyr.a(log_msg.c.obj)
                0x0000000000408198                z_log_msg_finalize
 .text.z_impl_z_log_msg_runtime_vcreate
                0x00000000004081f8      0x1dc zephyr/libzephyr.a(log_msg.c.obj)
                0x00000000004081f8                z_impl_z_log_msg_runtime_vcreate
 .text.out_func
                0x00000000004083d4       0x60 zephyr/libzephyr.a(log_output.c.obj)
 .text.cr_out_func
                0x0000000000408434       0x40 zephyr/libzephyr.a(log_output.c.obj)
 .text.buffer_write
                0x0000000000408474       0x4c zephyr/libzephyr.a(log_output.c.obj)
 .text.cbvprintf
                0x00000000004084c0       0x28 zephyr/libzephyr.a(log_output.c.obj)
 .text.print_formatted
                0x00000000004084e8       0xb4 zephyr/libzephyr.a(log_output.c.obj)
 .text.log_output_flush
                0x000000000040859c       0x34 zephyr/libzephyr.a(log_output.c.obj)
                0x000000000040859c                log_output_flush
 .text.log_output_process
                0x00000000004085d0      0x470 zephyr/libzephyr.a(log_output.c.obj)
                0x00000000004085d0                log_output_process
 .text.log_output_msg_process
                0x0000000000408a40       0xa8 zephyr/libzephyr.a(log_output.c.obj)
                0x0000000000408a40                log_output_msg_process
 .text.log_output_timestamp_freq_set
                0x0000000000408ae8       0x44 zephyr/libzephyr.a(log_output.c.obj)
                0x0000000000408ae8                log_output_timestamp_freq_set
 .text.format_set
                0x0000000000408b2c       0x10 zephyr/libzephyr.a(log_backend_native_posix.c.obj)
 .text.panic    0x0000000000408b3c        0xc zephyr/libzephyr.a(log_backend_native_posix.c.obj)
 .text.char_out
                0x0000000000408b48       0xb4 zephyr/libzephyr.a(log_backend_native_posix.c.obj)
 .text.process  0x0000000000408bfc       0x3c zephyr/libzephyr.a(log_backend_native_posix.c.obj)
 .text.sys_trace_isr_enter
                0x0000000000408c38        0x4 zephyr/libzephyr.a(tracing_none.c.obj)
                0x0000000000408c38                sys_trace_isr_enter
 .text.sys_trace_isr_exit
                0x0000000000408c3c        0x4 zephyr/libzephyr.a(tracing_none.c.obj)
                0x0000000000408c3c                sys_trace_isr_exit
 .text.sys_trace_idle
                0x0000000000408c40        0x4 zephyr/libzephyr.a(tracing_none.c.obj)
                0x0000000000408c40                sys_trace_idle
 .text.arch_cpu_idle
                0x0000000000408c44       0x18 zephyr/arch/arch/posix/core/libarch__posix__core.a(cpuhalt.c.obj)
                0x0000000000408c44                arch_cpu_idle
 .text.arch_system_halt
                0x0000000000408c5c       0x2c zephyr/arch/arch/posix/core/libarch__posix__core.a(fatal.c.obj)
                0x0000000000408c5c                arch_system_halt
 .text.arch_irq_enable
                0x0000000000408c88        0x4 zephyr/arch/arch/posix/core/libarch__posix__core.a(irq.c.obj)
                0x0000000000408c88                arch_irq_enable
 .text.pc_safe_call
                0x0000000000408c8c       0x14 zephyr/arch/arch/posix/core/libarch__posix__core.a(posix_core.c.obj)
 .text.posix_preexit_cleanup
                0x0000000000408ca0       0x2c zephyr/arch/arch/posix/core/libarch__posix__core.a(posix_core.c.obj)
 .text.abort_tail
                0x0000000000408ccc       0x30 zephyr/arch/arch/posix/core/libarch__posix__core.a(posix_core.c.obj)
 .text.posix_wait_until_allowed
                0x0000000000408cfc       0x9c zephyr/arch/arch/posix/core/libarch__posix__core.a(posix_core.c.obj)
 .text.posix_cleanup_handler
                0x0000000000408d98       0x3c zephyr/arch/arch/posix/core/libarch__posix__core.a(posix_core.c.obj)
 .text.posix_thread_starter
                0x0000000000408dd4       0xbc zephyr/arch/arch/posix/core/libarch__posix__core.a(posix_core.c.obj)
 .text.posix_swap
                0x0000000000408e90       0x5c zephyr/arch/arch/posix/core/libarch__posix__core.a(posix_core.c.obj)
                0x0000000000408e90                posix_swap
 .text.posix_main_thread_start
                0x0000000000408eec       0x34 zephyr/arch/arch/posix/core/libarch__posix__core.a(posix_core.c.obj)
                0x0000000000408eec                posix_main_thread_start
 .text.posix_new_thread
                0x0000000000408f20       0xf4 zephyr/arch/arch/posix/core/libarch__posix__core.a(posix_core.c.obj)
                0x0000000000408f20                posix_new_thread
 .text.posix_init_multithreading
                0x0000000000409014       0x68 zephyr/arch/arch/posix/core/libarch__posix__core.a(posix_core.c.obj)
                0x0000000000409014                posix_init_multithreading
 .text.posix_core_clean_up
                0x000000000040907c       0xa4 zephyr/arch/arch/posix/core/libarch__posix__core.a(posix_core.c.obj)
                0x000000000040907c                posix_core_clean_up
 .text.posix_abort_thread
                0x0000000000409120       0x24 zephyr/arch/arch/posix/core/libarch__posix__core.a(posix_core.c.obj)
                0x0000000000409120                posix_abort_thread
 .text.z_impl_k_thread_abort
                0x0000000000409144       0xa4 zephyr/arch/arch/posix/core/libarch__posix__core.a(posix_core.c.obj)
                0x0000000000409144                z_impl_k_thread_abort
 .text.arch_swap
                0x00000000004091e8       0x60 zephyr/arch/arch/posix/core/libarch__posix__core.a(swap.c.obj)
                0x00000000004091e8                arch_swap
 .text.arch_switch_to_main_thread
                0x0000000000409248       0x1c zephyr/arch/arch/posix/core/libarch__posix__core.a(swap.c.obj)
                0x0000000000409248                arch_switch_to_main_thread
 .text.arch_new_thread
                0x0000000000409264       0x20 zephyr/arch/arch/posix/core/libarch__posix__core.a(thread.c.obj)
                0x0000000000409264                arch_new_thread
 .text.posix_new_thread_pre_start
                0x0000000000409284        0x4 zephyr/arch/arch/posix/core/libarch__posix__core.a(thread.c.obj)
                0x0000000000409284                posix_new_thread_pre_start
 .text.pc_safe_call
                0x0000000000409288       0x14 zephyr/soc/posix/inf_clock/libsoc__posix__inf_clock.a(soc.c.obj)
 .text.zephyr_wrapper
                0x000000000040929c       0x44 zephyr/soc/posix/inf_clock/libsoc__posix__inf_clock.a(soc.c.obj)
 .text.posix_is_cpu_running
                0x00000000004092e0       0x10 zephyr/soc/posix/inf_clock/libsoc__posix__inf_clock.a(soc.c.obj)
                0x00000000004092e0                posix_is_cpu_running
 .text.posix_change_cpu_state_and_wait
                0x00000000004092f0       0x9c zephyr/soc/posix/inf_clock/libsoc__posix__inf_clock.a(soc.c.obj)
                0x00000000004092f0                posix_change_cpu_state_and_wait
 .text.posix_interrupt_raised
                0x000000000040938c       0x30 zephyr/soc/posix/inf_clock/libsoc__posix__inf_clock.a(soc.c.obj)
                0x000000000040938c                posix_interrupt_raised
 .text.posix_halt_cpu
                0x00000000004093bc       0x18 zephyr/soc/posix/inf_clock/libsoc__posix__inf_clock.a(soc.c.obj)
                0x00000000004093bc                posix_halt_cpu
 .text.posix_boot_cpu
                0x00000000004093d4       0xe8 zephyr/soc/posix/inf_clock/libsoc__posix__inf_clock.a(soc.c.obj)
                0x00000000004093d4                posix_boot_cpu
 .text.run_native_tasks
                0x00000000004094bc       0x48 zephyr/soc/posix/inf_clock/libsoc__posix__inf_clock.a(soc.c.obj)
                0x00000000004094bc                run_native_tasks
 .text.posix_soc_clean_up
                0x0000000000409504       0xb0 zephyr/soc/posix/inf_clock/libsoc__posix__inf_clock.a(soc.c.obj)
                0x0000000000409504                posix_soc_clean_up
 .text.hwm_signal_end_handler
                0x00000000004095b4       0x10 zephyr/boards/posix/native_posix/libboards__posix__native_posix.a(hw_models_top.c.obj)
                0x00000000004095b4                hwm_signal_end_handler
 .text.hwm_set_sig_handler
                0x00000000004095c4       0xd4 zephyr/boards/posix/native_posix/libboards__posix__native_posix.a(hw_models_top.c.obj)
                0x00000000004095c4                hwm_set_sig_handler
 .text.hwm_find_next_timer
                0x0000000000409698       0x64 zephyr/boards/posix/native_posix/libboards__posix__native_posix.a(hw_models_top.c.obj)
                0x0000000000409698                hwm_find_next_timer
 .text.hwm_one_event
                0x00000000004096fc       0xd0 zephyr/boards/posix/native_posix/libboards__posix__native_posix.a(hw_models_top.c.obj)
                0x00000000004096fc                hwm_one_event
 .text.hwm_set_end_of_time
                0x00000000004097cc        0xc zephyr/boards/posix/native_posix/libboards__posix__native_posix.a(hw_models_top.c.obj)
                0x00000000004097cc                hwm_set_end_of_time
 .text.hwm_get_time
                0x00000000004097d8        0xc zephyr/boards/posix/native_posix/libboards__posix__native_posix.a(hw_models_top.c.obj)
                0x00000000004097d8                hwm_get_time
 .text.hwm_init
                0x00000000004097e4       0x20 zephyr/boards/posix/native_posix/libboards__posix__native_posix.a(hw_models_top.c.obj)
                0x00000000004097e4                hwm_init
 .text.hwm_cleanup
                0x0000000000409804       0x14 zephyr/boards/posix/native_posix/libboards__posix__native_posix.a(hw_models_top.c.obj)
                0x0000000000409804                hwm_cleanup
 .text.hwtimer_update_timer
                0x0000000000409818       0x30 zephyr/boards/posix/native_posix/libboards__posix__native_posix.a(timer_model.c.obj)
 .text.native_add_time_options
                0x0000000000409848        0xc zephyr/boards/posix/native_posix/libboards__posix__native_posix.a(timer_model.c.obj)
 .text.cmd_stop_at_found
                0x0000000000409854       0x54 zephyr/boards/posix/native_posix/libboards__posix__native_posix.a(timer_model.c.obj)
 .text.hwtimer_set_real_time_mode
                0x00000000004098a8        0xc zephyr/boards/posix/native_posix/libboards__posix__native_posix.a(timer_model.c.obj)
                0x00000000004098a8                hwtimer_set_real_time_mode
 .text.cmd_no_realtime_found
                0x00000000004098b4        0x8 zephyr/boards/posix/native_posix/libboards__posix__native_posix.a(timer_model.c.obj)
 .text.cmd_realtime_found
                0x00000000004098bc        0x8 zephyr/boards/posix/native_posix/libboards__posix__native_posix.a(timer_model.c.obj)
 .text.get_host_us_time
                0x00000000004098c4       0x80 zephyr/boards/posix/native_posix/libboards__posix__native_posix.a(timer_model.c.obj)
                0x00000000004098c4                get_host_us_time
 .text.hwtimer_init
                0x0000000000409944       0xe0 zephyr/boards/posix/native_posix/libboards__posix__native_posix.a(timer_model.c.obj)
                0x0000000000409944                hwtimer_init
 .text.hwtimer_cleanup
                0x0000000000409a24        0x4 zephyr/boards/posix/native_posix/libboards__posix__native_posix.a(timer_model.c.obj)
                0x0000000000409a24                hwtimer_cleanup
 .text.hwtimer_enable
                0x0000000000409a28       0x3c zephyr/boards/posix/native_posix/libboards__posix__native_posix.a(timer_model.c.obj)
                0x0000000000409a28                hwtimer_enable
 .text.hwtimer_timer_reached
                0x0000000000409a64      0x194 zephyr/boards/posix/native_posix/libboards__posix__native_posix.a(timer_model.c.obj)
                0x0000000000409a64                hwtimer_timer_reached
 .text.hwtimer_set_silent_ticks
                0x0000000000409bf8        0xc zephyr/boards/posix/native_posix/libboards__posix__native_posix.a(timer_model.c.obj)
                0x0000000000409bf8                hwtimer_set_silent_ticks
 .text.hwtimer_reset_rtc
                0x0000000000409c04       0x10 zephyr/boards/posix/native_posix/libboards__posix__native_posix.a(timer_model.c.obj)
                0x0000000000409c04                hwtimer_reset_rtc
 .text.cmd_rtcreset_found
                0x0000000000409c14        0x4 zephyr/boards/posix/native_posix/libboards__posix__native_posix.a(timer_model.c.obj)
 .text.hwtimer_set_rtc_offset
                0x0000000000409c18        0xc zephyr/boards/posix/native_posix/libboards__posix__native_posix.a(timer_model.c.obj)
                0x0000000000409c18                hwtimer_set_rtc_offset
 .text.cmd_rtcoffset_found
                0x0000000000409c24       0x20 zephyr/boards/posix/native_posix/libboards__posix__native_posix.a(timer_model.c.obj)
 .text.hwtimer_set_rt_ratio
                0x0000000000409c44        0xc zephyr/boards/posix/native_posix/libboards__posix__native_posix.a(timer_model.c.obj)
                0x0000000000409c44                hwtimer_set_rt_ratio
 .text.cmd_rt_ratio_found
                0x0000000000409c50       0x44 zephyr/boards/posix/native_posix/libboards__posix__native_posix.a(timer_model.c.obj)
 .text.cmd_rt_drift_found
                0x0000000000409c94       0x50 zephyr/boards/posix/native_posix/libboards__posix__native_posix.a(timer_model.c.obj)
 .text.posix_irq_handler
                0x0000000000409ce4      0x16c zephyr/boards/posix/native_posix/libboards__posix__native_posix.a(irq_handler.c.obj)
                0x0000000000409ce4                posix_irq_handler
 .text.posix_irq_handler_im_from_sw
                0x0000000000409e50       0x40 zephyr/boards/posix/native_posix/libboards__posix__native_posix.a(irq_handler.c.obj)
                0x0000000000409e50                posix_irq_handler_im_from_sw
 .text.posix_irq_lock
                0x0000000000409e90        0x8 zephyr/boards/posix/native_posix/libboards__posix__native_posix.a(irq_handler.c.obj)
                0x0000000000409e90                posix_irq_lock
 .text.posix_irq_unlock
                0x0000000000409e98        0x4 zephyr/boards/posix/native_posix/libboards__posix__native_posix.a(irq_handler.c.obj)
                0x0000000000409e98                posix_irq_unlock
 .text.posix_irq_full_unlock
                0x0000000000409e9c        0x8 zephyr/boards/posix/native_posix/libboards__posix__native_posix.a(irq_handler.c.obj)
                0x0000000000409e9c                posix_irq_full_unlock
 .text.posix_irq_enable
                0x0000000000409ea4        0x4 zephyr/boards/posix/native_posix/libboards__posix__native_posix.a(irq_handler.c.obj)
                0x0000000000409ea4                posix_irq_enable
 .text.posix_isr_declare
                0x0000000000409ea8       0x28 zephyr/boards/posix/native_posix/libboards__posix__native_posix.a(irq_handler.c.obj)
                0x0000000000409ea8                posix_isr_declare
 .text.posix_irq_priority_set
                0x0000000000409ed0        0x4 zephyr/boards/posix/native_posix/libboards__posix__native_posix.a(irq_handler.c.obj)
                0x0000000000409ed0                posix_irq_priority_set
 .text.irq_raising_from_hw_now
                0x0000000000409ed4       0x24 zephyr/boards/posix/native_posix/libboards__posix__native_posix.a(irq_ctrl.c.obj)
 .text.hw_irq_ctrl_irq_raise_prefix
                0x0000000000409ef8       0x68 zephyr/boards/posix/native_posix/libboards__posix__native_posix.a(irq_ctrl.c.obj)
 .text.hw_irq_ctrl_init
                0x0000000000409f60       0x34 zephyr/boards/posix/native_posix/libboards__posix__native_posix.a(irq_ctrl.c.obj)
                0x0000000000409f60                hw_irq_ctrl_init
 .text.hw_irq_ctrl_cleanup
                0x0000000000409f94        0x4 zephyr/boards/posix/native_posix/libboards__posix__native_posix.a(irq_ctrl.c.obj)
                0x0000000000409f94                hw_irq_ctrl_cleanup
 .text.hw_irq_ctrl_set_cur_prio
                0x0000000000409f98        0xc zephyr/boards/posix/native_posix/libboards__posix__native_posix.a(irq_ctrl.c.obj)
                0x0000000000409f98                hw_irq_ctrl_set_cur_prio
 .text.hw_irq_ctrl_get_cur_prio
                0x0000000000409fa4        0xc zephyr/boards/posix/native_posix/libboards__posix__native_posix.a(irq_ctrl.c.obj)
                0x0000000000409fa4                hw_irq_ctrl_get_cur_prio
 .text.hw_irq_ctrl_prio_set
                0x0000000000409fb0       0x10 zephyr/boards/posix/native_posix/libboards__posix__native_posix.a(irq_ctrl.c.obj)
                0x0000000000409fb0                hw_irq_ctrl_prio_set
 .text.hw_irq_ctrl_get_prio
                0x0000000000409fc0       0x10 zephyr/boards/posix/native_posix/libboards__posix__native_posix.a(irq_ctrl.c.obj)
                0x0000000000409fc0                hw_irq_ctrl_get_prio
 .text.hw_irq_ctrl_get_current_lock
                0x0000000000409fd0        0xc zephyr/boards/posix/native_posix/libboards__posix__native_posix.a(irq_ctrl.c.obj)
                0x0000000000409fd0                hw_irq_ctrl_get_current_lock
 .text.hw_irq_ctrl_change_lock
                0x0000000000409fdc       0x48 zephyr/boards/posix/native_posix/libboards__posix__native_posix.a(irq_ctrl.c.obj)
                0x0000000000409fdc                hw_irq_ctrl_change_lock
 .text.hw_irq_ctrl_get_irq_status
                0x000000000040a024        0xc zephyr/boards/posix/native_posix/libboards__posix__native_posix.a(irq_ctrl.c.obj)
                0x000000000040a024                hw_irq_ctrl_get_irq_status
 .text.hw_irq_ctrl_get_highest_prio_irq
                0x000000000040a030       0x84 zephyr/boards/posix/native_posix/libboards__posix__native_posix.a(irq_ctrl.c.obj)
                0x000000000040a030                hw_irq_ctrl_get_highest_prio_irq
 .text.hw_irq_ctrl_clear_irq
                0x000000000040a0b4       0x2c zephyr/boards/posix/native_posix/libboards__posix__native_posix.a(irq_ctrl.c.obj)
                0x000000000040a0b4                hw_irq_ctrl_clear_irq
 .text.hw_irq_ctrl_set_irq
                0x000000000040a0e0       0x44 zephyr/boards/posix/native_posix/libboards__posix__native_posix.a(irq_ctrl.c.obj)
                0x000000000040a0e0                hw_irq_ctrl_set_irq
 .text.hw_irq_ctrl_raise_im_from_sw
                0x000000000040a124       0x28 zephyr/boards/posix/native_posix/libboards__posix__native_posix.a(irq_ctrl.c.obj)
                0x000000000040a124                hw_irq_ctrl_raise_im_from_sw
 .text.hw_irq_ctrl_enable_irq
                0x000000000040a14c       0x30 zephyr/boards/posix/native_posix/libboards__posix__native_posix.a(irq_ctrl.c.obj)
                0x000000000040a14c                hw_irq_ctrl_enable_irq
 .text.hw_irq_ctrl_timer_triggered
                0x000000000040a17c       0x14 zephyr/boards/posix/native_posix/libboards__posix__native_posix.a(irq_ctrl.c.obj)
                0x000000000040a17c                hw_irq_ctrl_timer_triggered
 .text.posix_exit
                0x000000000040a190       0x34 zephyr/boards/posix/native_posix/libboards__posix__native_posix.a(main.c.obj)
                0x000000000040a190                posix_exit
 .text.posix_init
                0x000000000040a1c4       0x88 zephyr/boards/posix/native_posix/libboards__posix__native_posix.a(main.c.obj)
                0x000000000040a1c4                posix_init
 .text.main     0x000000000040a24c       0x14 zephyr/boards/posix/native_posix/libboards__posix__native_posix.a(main.c.obj)
                0x000000000040a24c                main
 .text.trace_disable_color
                0x000000000040a260       0x10 zephyr/boards/posix/native_posix/libboards__posix__native_posix.a(tracing.c.obj)
                0x000000000040a260                trace_disable_color
 .text.trace_enable_color
                0x000000000040a270       0x14 zephyr/boards/posix/native_posix/libboards__posix__native_posix.a(tracing.c.obj)
                0x000000000040a270                trace_enable_color
 .text.trace_force_color
                0x000000000040a284       0x14 zephyr/boards/posix/native_posix/libboards__posix__native_posix.a(tracing.c.obj)
                0x000000000040a284                trace_force_color
 .text.decide_about_color
                0x000000000040a298       0x50 zephyr/boards/posix/native_posix/libboards__posix__native_posix.a(tracing.c.obj)
 .text.posix_print_error_and_exit
                0x000000000040a2e8       0xd0 zephyr/boards/posix/native_posix/libboards__posix__native_posix.a(tracing.c.obj)
                0x000000000040a2e8                posix_print_error_and_exit
 .text.posix_print_warning
                0x000000000040a3b8       0xc8 zephyr/boards/posix/native_posix/libboards__posix__native_posix.a(tracing.c.obj)
                0x000000000040a3b8                posix_print_warning
 .text.posix_print_trace
                0x000000000040a480       0xc8 zephyr/boards/posix/native_posix/libboards__posix__native_posix.a(tracing.c.obj)
                0x000000000040a480                posix_print_trace
 .text.native_add_tracing_options
                0x000000000040a548        0xc zephyr/boards/posix/native_posix/libboards__posix__native_posix.a(tracing.c.obj)
                0x000000000040a548                native_add_tracing_options
 .text.cmd_gen_switch_syntax.constprop.0
                0x000000000040a554      0x100 zephyr/boards/posix/native_posix/libboards__posix__native_posix.a(cmdline_common.c.obj)
 .text.cmd_is_option
                0x000000000040a654       0xdc zephyr/boards/posix/native_posix/libboards__posix__native_posix.a(cmdline_common.c.obj)
                0x000000000040a654                cmd_is_option
 .text.cmd_is_help_option
                0x000000000040a730       0x84 zephyr/boards/posix/native_posix/libboards__posix__native_posix.a(cmdline_common.c.obj)
                0x000000000040a730                cmd_is_help_option
 .text.cmd_read_option_value
                0x000000000040a7b4      0x1c4 zephyr/boards/posix/native_posix/libboards__posix__native_posix.a(cmdline_common.c.obj)
                0x000000000040a7b4                cmd_read_option_value
 .text.cmd_args_set_defaults
                0x000000000040a978       0xe8 zephyr/boards/posix/native_posix/libboards__posix__native_posix.a(cmdline_common.c.obj)
                0x000000000040a978                cmd_args_set_defaults
 .text.cmd_print_switches_help
                0x000000000040aa60      0x11c zephyr/boards/posix/native_posix/libboards__posix__native_posix.a(cmdline_common.c.obj)
                0x000000000040aa60                cmd_print_switches_help
 .text.cmd_print_long_help
                0x000000000040ab7c      0x1a0 zephyr/boards/posix/native_posix/libboards__posix__native_posix.a(cmdline_common.c.obj)
                0x000000000040ab7c                cmd_print_long_help
 .text.cmd_parse_one_arg
                0x000000000040ad1c       0xd4 zephyr/boards/posix/native_posix/libboards__posix__native_posix.a(cmdline_common.c.obj)
                0x000000000040ad1c                cmd_parse_one_arg
 .text.native_cleanup_cmd_line
                0x000000000040adf0       0x2c zephyr/boards/posix/native_posix/libboards__posix__native_posix.a(cmdline.c.obj)
                0x000000000040adf0                native_cleanup_cmd_line
 .text.native_add_command_line_opts
                0x000000000040ae1c       0xcc zephyr/boards/posix/native_posix/libboards__posix__native_posix.a(cmdline.c.obj)
                0x000000000040ae1c                native_add_command_line_opts
 .text.native_add_testargs_option
                0x000000000040aee8        0xc zephyr/boards/posix/native_posix/libboards__posix__native_posix.a(cmdline.c.obj)
                0x000000000040aee8                native_add_testargs_option
 .text.native_handle_cmd_line
                0x000000000040aef4       0xe0 zephyr/boards/posix/native_posix/libboards__posix__native_posix.a(cmdline.c.obj)
                0x000000000040aef4                native_handle_cmd_line
 .text.hw_counter_init
                0x000000000040afd4       0x34 zephyr/boards/posix/native_posix/libboards__posix__native_posix.a(hw_counter.c.obj)
                0x000000000040afd4                hw_counter_init
 .text.hw_counter_triggered
                0x000000000040b008       0x7c zephyr/boards/posix/native_posix/libboards__posix__native_posix.a(hw_counter.c.obj)
                0x000000000040b008                hw_counter_triggered
 .text.receive_pool_free
                0x000000000040b084       0x48 zephyr/subsys/canbus/isotp/libsubsys__canbus__isotp.a(isotp.c.obj)
 .text.receive_ff_sf_pool_free
                0x000000000040b0cc       0x48 zephyr/subsys/canbus/isotp/libsubsys__canbus__isotp.a(isotp.c.obj)
 .text.TC_RESULT_TO_STR
                0x000000000040b114       0x44 zephyr/subsys/testsuite/ztest/libsubsys__testsuite__ztest.a(ztest_new.c.obj)
 .text.get_friendly_phase_name
                0x000000000040b158       0x74 zephyr/subsys/testsuite/ztest/libsubsys__testsuite__ztest.a(ztest_new.c.obj)
 .text.ztest_find_test_suite
                0x000000000040b1cc       0x5c zephyr/subsys/testsuite/ztest/libsubsys__testsuite__ztest.a(ztest_new.c.obj)
 .text.flush_log
                0x000000000040b228       0x1c zephyr/subsys/testsuite/ztest/libsubsys__testsuite__ztest.a(ztest_new.c.obj)
 .text.test_cb  0x000000000040b244       0xa4 zephyr/subsys/testsuite/ztest/libsubsys__testsuite__ztest.a(ztest_new.c.obj)
 .text.test_finalize
                0x000000000040b2e8       0x20 zephyr/subsys/testsuite/ztest/libsubsys__testsuite__ztest.a(ztest_new.c.obj)
 .text.ztest_test_fail
                0x000000000040b308       0x6c zephyr/subsys/testsuite/ztest/libsubsys__testsuite__ztest.a(ztest_new.c.obj)
                0x000000000040b308                ztest_test_fail
 .text.ztest_test_skip
                0x000000000040b374       0x6c zephyr/subsys/testsuite/ztest/libsubsys__testsuite__ztest.a(ztest_new.c.obj)
                0x000000000040b374                ztest_test_skip
 .text.z_ztest_get_next_test
                0x000000000040b3e0       0x68 zephyr/subsys/testsuite/ztest/libsubsys__testsuite__ztest.a(ztest_new.c.obj)
                0x000000000040b3e0                z_ztest_get_next_test
 .text.z_ztest_run_test_suite_ptr
                0x000000000040b448      0x414 zephyr/subsys/testsuite/ztest/libsubsys__testsuite__ztest.a(ztest_new.c.obj)
 .text.z_impl_ztest_run_test_suites
                0x000000000040b85c      0x124 zephyr/subsys/testsuite/ztest/libsubsys__testsuite__ztest.a(ztest_new.c.obj)
                0x000000000040b85c                z_impl_ztest_run_test_suites
 .text.ztest_verify_all_test_suites_ran
                0x000000000040b980      0x134 zephyr/subsys/testsuite/ztest/libsubsys__testsuite__ztest.a(ztest_new.c.obj)
                0x000000000040b980                ztest_verify_all_test_suites_ran
 .text.ztest_run_all
                0x000000000040bab4       0x14 zephyr/subsys/testsuite/ztest/libsubsys__testsuite__ztest.a(ztest_new.c.obj)
                0x000000000040bab4                ztest_run_all
 .text.test_main
                0x000000000040bac8       0x18 zephyr/subsys/testsuite/ztest/libsubsys__testsuite__ztest.a(ztest_new.c.obj)
                0x000000000040bac8                test_main
 .text._posix_zephyr_main
                0x000000000040bae0      0x2a8 zephyr/subsys/testsuite/ztest/libsubsys__testsuite__ztest.a(ztest_new.c.obj)
                0x000000000040bae0                _posix_zephyr_main
 .text.add_test_filter_option
                0x000000000040bd88        0xc zephyr/subsys/testsuite/ztest/libsubsys__testsuite__ztest.a(ztest_posix.c.obj)
 .text.z_ztest_testargs_contains
                0x000000000040bd94      0x150 zephyr/subsys/testsuite/ztest/libsubsys__testsuite__ztest.a(ztest_posix.c.obj)
 .text.z_ztest_should_test_run
                0x000000000040bee4       0x34 zephyr/subsys/testsuite/ztest/libsubsys__testsuite__ztest.a(ztest_posix.c.obj)
                0x000000000040bee4                z_ztest_should_test_run
 .text.z_ztest_should_suite_run
                0x000000000040bf18       0x74 zephyr/subsys/testsuite/ztest/libsubsys__testsuite__ztest.a(ztest_posix.c.obj)
                0x000000000040bf18                z_ztest_should_suite_run
 .text.ztest_relative_filename
                0x000000000040bf8c       0xac zephyr/subsys/testsuite/ztest/libsubsys__testsuite__ztest.a(ztest_posix.c.obj)
                0x000000000040bf8c                ztest_relative_filename
 .text.z_ztest_get_list_test
                0x000000000040c038        0xc zephyr/subsys/testsuite/ztest/libsubsys__testsuite__ztest.a(ztest_posix.c.obj)
                0x000000000040c038                z_ztest_get_list_test
 .text.z_ztest_list_tests
                0x000000000040c044       0x98 zephyr/subsys/testsuite/ztest/libsubsys__testsuite__ztest.a(ztest_posix.c.obj)
                0x000000000040c044                z_ztest_list_tests
 .text.z_ztest_run_all
                0x000000000040c0dc       0x38 zephyr/subsys/testsuite/ztest/libsubsys__testsuite__ztest.a(ztest_posix.c.obj)
                0x000000000040c0dc                z_ztest_run_all
 .text.generic_data_ref
                0x000000000040c114       0x14 zephyr/subsys/net/libsubsys__net.a(buf.c.obj)
 .text.fixed_data_unref
                0x000000000040c128        0x4 zephyr/subsys/net/libsubsys__net.a(buf.c.obj)
 .text.net_buf_pool_get
                0x000000000040c12c       0x14 zephyr/subsys/net/libsubsys__net.a(buf.c.obj)
                0x000000000040c12c                net_buf_pool_get
 .text.mem_pool_data_unref
                0x000000000040c140       0x50 zephyr/subsys/net/libsubsys__net.a(buf.c.obj)
 .text.mem_pool_data_alloc
                0x000000000040c190       0x4c zephyr/subsys/net/libsubsys__net.a(buf.c.obj)
 .text.data_alloc
                0x000000000040c1dc       0x50 zephyr/subsys/net/libsubsys__net.a(buf.c.obj)
 .text.net_buf_destroy
                0x000000000040c22c       0x28 zephyr/subsys/net/libsubsys__net.a(buf.c.obj)
 .text.net_buf_id
                0x000000000040c254       0x3c zephyr/subsys/net/libsubsys__net.a(buf.c.obj)
                0x000000000040c254                net_buf_id
 .text.fixed_data_alloc
                0x000000000040c290       0x60 zephyr/subsys/net/libsubsys__net.a(buf.c.obj)
 .text.net_buf_reset
                0x000000000040c2f0       0xb0 zephyr/subsys/net/libsubsys__net.a(buf.c.obj)
                0x000000000040c2f0                net_buf_reset
 .text.net_buf_alloc_len
                0x000000000040c3a0      0x2e0 zephyr/subsys/net/libsubsys__net.a(buf.c.obj)
                0x000000000040c3a0                net_buf_alloc_len
 .text.net_buf_alloc_fixed
                0x000000000040c680       0x14 zephyr/subsys/net/libsubsys__net.a(buf.c.obj)
                0x000000000040c680                net_buf_alloc_fixed
 .text.net_buf_unref
                0x000000000040c694       0xe8 zephyr/subsys/net/libsubsys__net.a(buf.c.obj)
                0x000000000040c694                net_buf_unref
 .text.net_buf_simple_headroom
                0x000000000040c77c       0x10 zephyr/subsys/net/libsubsys__net.a(buf_simple.c.obj)
                0x000000000040c77c                net_buf_simple_headroom
 .text.net_buf_simple_tailroom
                0x000000000040c78c       0x30 zephyr/subsys/net/libsubsys__net.a(buf_simple.c.obj)
                0x000000000040c78c                net_buf_simple_tailroom
 .text.net_buf_simple_add
                0x000000000040c7bc       0x94 zephyr/subsys/net/libsubsys__net.a(buf_simple.c.obj)
                0x000000000040c7bc                net_buf_simple_add
 .text.net_buf_simple_add_mem
                0x000000000040c850       0x30 zephyr/subsys/net/libsubsys__net.a(buf_simple.c.obj)
                0x000000000040c850                net_buf_simple_add_mem
 .text.can_tx_default_cb
                0x000000000040c880        0xc zephyr/drivers/can/libdrivers__can.a(can_common.c.obj)
 .text.z_log_msg_runtime_create.constprop.0
                0x000000000040c88c       0xc4 zephyr/drivers/can/libdrivers__can.a(can_common.c.obj)
 .text.can_msgq_put
                0x000000000040c950       0xb8 zephyr/drivers/can/libdrivers__can.a(can_common.c.obj)
 .text.z_impl_can_send
                0x000000000040ca08       0xec zephyr/drivers/can/libdrivers__can.a(can_common.c.obj)
                0x000000000040ca08                z_impl_can_send
 .text.z_impl_can_add_rx_filter_msgq
                0x000000000040caf4       0x20 zephyr/drivers/can/libdrivers__can.a(can_common.c.obj)
                0x000000000040caf4                z_impl_can_add_rx_filter_msgq
 .text.can_loopback_get_capabilities
                0x000000000040cb14       0x10 zephyr/drivers/can/libdrivers__can.a(can_loopback.c.obj)
 .text.can_loopback_start
                0x000000000040cb24       0x24 zephyr/drivers/can/libdrivers__can.a(can_loopback.c.obj)
 .text.can_loopback_set_timing
                0x000000000040cb48       0x18 zephyr/drivers/can/libdrivers__can.a(can_loopback.c.obj)
 .text.can_loopback_get_state
                0x000000000040cb60       0x2c zephyr/drivers/can/libdrivers__can.a(can_loopback.c.obj)
 .text.can_loopback_set_state_change_callback
                0x000000000040cb8c        0x4 zephyr/drivers/can/libdrivers__can.a(can_loopback.c.obj)
 .text.can_loopback_get_core_clock
                0x000000000040cb90       0x14 zephyr/drivers/can/libdrivers__can.a(can_loopback.c.obj)
 .text.can_loopback_get_max_filters
                0x000000000040cba4        0x8 zephyr/drivers/can/libdrivers__can.a(can_loopback.c.obj)
 .text.can_loopback_stop
                0x000000000040cbac       0x34 zephyr/drivers/can/libdrivers__can.a(can_loopback.c.obj)
 .text.z_log_msg_runtime_create.constprop.0
                0x000000000040cbe0       0xbc zephyr/drivers/can/libdrivers__can.a(can_loopback.c.obj)
 .text.can_loopback_send
                0x000000000040cc9c      0x180 zephyr/drivers/can/libdrivers__can.a(can_loopback.c.obj)
 .text.can_loopback_set_mode
                0x000000000040ce1c       0x78 zephyr/drivers/can/libdrivers__can.a(can_loopback.c.obj)
 .text.k_mutex_unlock.isra.0
                0x000000000040ce94        0x4 zephyr/drivers/can/libdrivers__can.a(can_loopback.c.obj)
 .text.can_loopback_remove_rx_filter
                0x000000000040ce98       0x84 zephyr/drivers/can/libdrivers__can.a(can_loopback.c.obj)
 .text.can_loopback_init
                0x000000000040cf1c       0xec zephyr/drivers/can/libdrivers__can.a(can_loopback.c.obj)
 .text.can_loopback_set_timing_data
                0x000000000040d008       0x18 zephyr/drivers/can/libdrivers__can.a(can_loopback.c.obj)
 .text.tx_thread
                0x000000000040d020      0x130 zephyr/drivers/can/libdrivers__can.a(can_loopback.c.obj)
 .text.can_loopback_add_rx_filter
                0x000000000040d150      0x110 zephyr/drivers/can/libdrivers__can.a(can_loopback.c.obj)
 .text.posix_arch_console_init
                0x000000000040d260       0x20 zephyr/drivers/console/libdrivers__console.a(posix_arch_console.c.obj)
 .text.print_char
                0x000000000040d280       0x8c zephyr/drivers/console/libdrivers__console.a(posix_arch_console.c.obj)
 .text.np_timer_isr
                0x000000000040d30c       0x38 zephyr/drivers/timer/libdrivers__timer.a(native_posix_timer.c.obj)
 .text.sys_clock_driver_init
                0x000000000040d344       0x6c zephyr/drivers/timer/libdrivers__timer.a(native_posix_timer.c.obj)
 .text.sys_clock_cycle_get_32
                0x000000000040d3b0       0x14 zephyr/drivers/timer/libdrivers__timer.a(native_posix_timer.c.obj)
                0x000000000040d3b0                sys_clock_cycle_get_32
 .text.sys_clock_set_timeout
                0x000000000040d3c4       0x24 zephyr/drivers/timer/libdrivers__timer.a(native_posix_timer.c.obj)
                0x000000000040d3c4                sys_clock_set_timeout
 .text.sys_clock_elapsed
                0x000000000040d3e8       0x2c zephyr/drivers/timer/libdrivers__timer.a(native_posix_timer.c.obj)
                0x000000000040d3e8                sys_clock_elapsed
 .text.z_device_state_init
                0x000000000040d414       0x84 zephyr/kernel/libkernel.a(device.c.obj)
                0x000000000040d414                z_device_state_init
 .text.z_device_is_ready
                0x000000000040d498       0x28 zephyr/kernel/libkernel.a(device.c.obj)
                0x000000000040d498                z_device_is_ready
 .text.z_log_msg_runtime_create.constprop.0
                0x000000000040d4c0       0xbc zephyr/kernel/libkernel.a(fatal.c.obj)
 .text.coredump
                0x000000000040d57c        0x4 zephyr/kernel/libkernel.a(fatal.c.obj)
                0x000000000040d57c                coredump
 .text.k_sys_fatal_error_handler
                0x000000000040d580       0x44 zephyr/kernel/libkernel.a(fatal.c.obj)
                0x000000000040d580                k_sys_fatal_error_handler
 .text.z_fatal_error
                0x000000000040d5c4      0x154 zephyr/kernel/libkernel.a(fatal.c.obj)
                0x000000000040d5c4                z_fatal_error
 .text.z_sys_init_run_level
                0x000000000040d718       0x90 zephyr/kernel/libkernel.a(init.c.obj)
 .text.bg_thread_main
                0x000000000040d7a8       0x50 zephyr/kernel/libkernel.a(init.c.obj)
 .text.z_init_cpu
                0x000000000040d7f8       0xe0 zephyr/kernel/libkernel.a(init.c.obj)
                0x000000000040d7f8                z_init_cpu
 .text.z_cstart
                0x000000000040d8d8       0xec zephyr/kernel/libkernel.a(init.c.obj)
                0x000000000040d8d8                z_cstart
 .text.k_heap_init
                0x000000000040d9c4        0xc zephyr/kernel/libkernel.a(kheap.c.obj)
                0x000000000040d9c4                k_heap_init
 .text.statics_init
                0x000000000040d9d0       0x9c zephyr/kernel/libkernel.a(kheap.c.obj)
 .text.k_heap_aligned_alloc
                0x000000000040da6c      0x1f0 zephyr/kernel/libkernel.a(kheap.c.obj)
                0x000000000040da6c                k_heap_aligned_alloc
 .text.k_heap_alloc
                0x000000000040dc5c       0x10 zephyr/kernel/libkernel.a(kheap.c.obj)
                0x000000000040dc5c                k_heap_alloc
 .text.k_heap_free
                0x000000000040dc6c      0x12c zephyr/kernel/libkernel.a(kheap.c.obj)
                0x000000000040dc6c                k_heap_free
 .text.create_free_list
                0x000000000040dd98       0x50 zephyr/kernel/libkernel.a(mem_slab.c.obj)
 .text.init_mem_slab_module
                0x000000000040dde8       0x9c zephyr/kernel/libkernel.a(mem_slab.c.obj)
 .text.k_mem_slab_alloc
                0x000000000040de84      0x178 zephyr/kernel/libkernel.a(mem_slab.c.obj)
                0x000000000040de84                k_mem_slab_alloc
 .text.k_mem_slab_free
                0x000000000040dffc      0x158 zephyr/kernel/libkernel.a(mem_slab.c.obj)
                0x000000000040dffc                k_mem_slab_free
 .text.k_is_in_isr
                0x000000000040e154       0x18 zephyr/kernel/libkernel.a(thread.c.obj)
                0x000000000040e154                k_is_in_isr
 .text.z_impl_k_thread_name_set
                0x000000000040e16c       0x44 zephyr/kernel/libkernel.a(thread.c.obj)
                0x000000000040e16c                z_impl_k_thread_name_set
 .text.k_thread_name_get
                0x000000000040e1b0        0x8 zephyr/kernel/libkernel.a(thread.c.obj)
                0x000000000040e1b0                k_thread_name_get
 .text.z_impl_k_thread_start
                0x000000000040e1b8        0x4 zephyr/kernel/libkernel.a(thread.c.obj)
                0x000000000040e1b8                z_impl_k_thread_start
 .text.z_init_thread_base
                0x000000000040e1bc       0x1c zephyr/kernel/libkernel.a(thread.c.obj)
                0x000000000040e1bc                z_init_thread_base
 .text.z_setup_new_thread
                0x000000000040e1d8      0x168 zephyr/kernel/libkernel.a(thread.c.obj)
                0x000000000040e1d8                z_setup_new_thread
 .text.z_impl_k_thread_create
                0x000000000040e340       0xc8 zephyr/kernel/libkernel.a(thread.c.obj)
                0x000000000040e340                z_impl_k_thread_create
 .text.z_init_static_threads
                0x000000000040e408      0x180 zephyr/kernel/libkernel.a(thread.c.obj)
                0x000000000040e408                z_init_static_threads
 .text.z_spin_lock_valid
                0x000000000040e588       0x2c zephyr/kernel/libkernel.a(thread.c.obj)
                0x000000000040e588                z_spin_lock_valid
 .text.z_spin_unlock_valid
                0x000000000040e5b4       0x34 zephyr/kernel/libkernel.a(thread.c.obj)
                0x000000000040e5b4                z_spin_unlock_valid
 .text.z_spin_lock_set_owner
                0x000000000040e5e8       0x1c zephyr/kernel/libkernel.a(thread.c.obj)
                0x000000000040e5e8                z_spin_lock_set_owner
 .text.idle     0x000000000040e604       0x70 zephyr/kernel/libkernel.a(idle.c.obj)
                0x000000000040e604                idle
 .text.k_msgq_init
                0x000000000040e674       0x34 zephyr/kernel/libkernel.a(msg_q.c.obj)
                0x000000000040e674                k_msgq_init
 .text.k_msgq_cleanup
                0x000000000040e6a8       0x54 zephyr/kernel/libkernel.a(msg_q.c.obj)
                0x000000000040e6a8                k_msgq_cleanup
 .text.z_impl_k_msgq_put
                0x000000000040e6fc      0x298 zephyr/kernel/libkernel.a(msg_q.c.obj)
                0x000000000040e6fc                z_impl_k_msgq_put
 .text.z_impl_k_msgq_get
                0x000000000040e994      0x2b4 zephyr/kernel/libkernel.a(msg_q.c.obj)
                0x000000000040e994                z_impl_k_msgq_get
 .text.z_impl_k_msgq_purge
                0x000000000040ec48       0xd0 zephyr/kernel/libkernel.a(msg_q.c.obj)
                0x000000000040ec48                z_impl_k_msgq_purge
 .text.adjust_owner_prio.isra.0
                0x000000000040ed18       0x18 zephyr/kernel/libkernel.a(mutex.c.obj)
 .text.z_impl_k_mutex_init
                0x000000000040ed30       0x14 zephyr/kernel/libkernel.a(mutex.c.obj)
                0x000000000040ed30                z_impl_k_mutex_init
 .text.z_impl_k_mutex_lock
                0x000000000040ed44      0x2b0 zephyr/kernel/libkernel.a(mutex.c.obj)
                0x000000000040ed44                z_impl_k_mutex_lock
 .text.z_impl_k_mutex_unlock
                0x000000000040eff4      0x210 zephyr/kernel/libkernel.a(mutex.c.obj)
                0x000000000040eff4                z_impl_k_mutex_unlock
 .text.queue_insert
                0x000000000040f204      0x204 zephyr/kernel/libkernel.a(queue.c.obj)
 .text.z_queue_node_peek
                0x000000000040f408       0x40 zephyr/kernel/libkernel.a(queue.c.obj)
                0x000000000040f408                z_queue_node_peek
 .text.k_queue_prepend
                0x000000000040f448       0x14 zephyr/kernel/libkernel.a(queue.c.obj)
                0x000000000040f448                k_queue_prepend
 .text.z_impl_k_queue_get
                0x000000000040f45c      0x170 zephyr/kernel/libkernel.a(queue.c.obj)
                0x000000000040f45c                z_impl_k_queue_get
 .text.z_impl_k_sem_init
                0x000000000040f5cc       0x2c zephyr/kernel/libkernel.a(sem.c.obj)
                0x000000000040f5cc                z_impl_k_sem_init
 .text.z_impl_k_sem_give
                0x000000000040f5f8       0xdc zephyr/kernel/libkernel.a(sem.c.obj)
                0x000000000040f5f8                z_impl_k_sem_give
 .text.z_impl_k_sem_take
                0x000000000040f6d4      0x1c4 zephyr/kernel/libkernel.a(sem.c.obj)
                0x000000000040f6d4                z_impl_k_sem_take
 .text.z_impl_k_sem_reset
                0x000000000040f898       0xd4 zephyr/kernel/libkernel.a(sem.c.obj)
                0x000000000040f898                z_impl_k_sem_reset
 .text.flag_test_and_clear
                0x000000000040f96c       0x24 zephyr/kernel/libkernel.a(work.c.obj)
 .text.notify_queue_locked.isra.0
                0x000000000040f990       0x18 zephyr/kernel/libkernel.a(work.c.obj)
 .text.work_queue_main
                0x000000000040f9a8      0x2b8 zephyr/kernel/libkernel.a(work.c.obj)
 .text.submit_to_queue_locked
                0x000000000040fc60      0x16c zephyr/kernel/libkernel.a(work.c.obj)
 .text.k_work_init
                0x000000000040fdcc       0xa8 zephyr/kernel/libkernel.a(work.c.obj)
                0x000000000040fdcc                k_work_init
 .text.z_work_submit_to_queue
                0x000000000040fe74      0x158 zephyr/kernel/libkernel.a(work.c.obj)
                0x000000000040fe74                z_work_submit_to_queue
 .text.k_work_submit_to_queue
                0x000000000040ffcc       0x34 zephyr/kernel/libkernel.a(work.c.obj)
                0x000000000040ffcc                k_work_submit_to_queue
 .text.k_work_submit
                0x0000000000410000       0x10 zephyr/kernel/libkernel.a(work.c.obj)
                0x0000000000410000                k_work_submit
 .text.k_work_queue_start
                0x0000000000410010      0x164 zephyr/kernel/libkernel.a(work.c.obj)
                0x0000000000410010                k_work_queue_start
 .text.sliceable
                0x0000000000410174       0x58 zephyr/kernel/libkernel.a(sched.c.obj)
 .text.slice_timeout
                0x00000000004101cc       0x94 zephyr/kernel/libkernel.a(sched.c.obj)
 .text.z_sched_prio_cmp
                0x0000000000410260       0x18 zephyr/kernel/libkernel.a(sched.c.obj)
                0x0000000000410260                z_sched_prio_cmp
 .text.z_reset_time_slice
                0x0000000000410278       0x90 zephyr/kernel/libkernel.a(sched.c.obj)
                0x0000000000410278                z_reset_time_slice
 .text.z_unpend_thread_no_timeout
                0x0000000000410308      0x114 zephyr/kernel/libkernel.a(sched.c.obj)
                0x0000000000410308                z_unpend_thread_no_timeout
 .text.z_reschedule
                0x000000000041041c      0x110 zephyr/kernel/libkernel.a(sched.c.obj)
                0x000000000041041c                z_reschedule
 .text.z_reschedule_irqlock
                0x000000000041052c       0x20 zephyr/kernel/libkernel.a(sched.c.obj)
                0x000000000041052c                z_reschedule_irqlock
 .text.z_reschedule_unlocked
                0x000000000041054c       0x14 zephyr/kernel/libkernel.a(sched.c.obj)
 .text.k_sched_lock
                0x0000000000410560      0x1a4 zephyr/kernel/libkernel.a(sched.c.obj)
                0x0000000000410560                k_sched_lock
 .text.z_priq_dumb_remove
                0x0000000000410704       0x74 zephyr/kernel/libkernel.a(sched.c.obj)
                0x0000000000410704                z_priq_dumb_remove
 .text.unpend_thread_no_timeout
                0x0000000000410778       0x80 zephyr/kernel/libkernel.a(sched.c.obj)
 .text.z_unpend_thread
                0x00000000004107f8      0x11c zephyr/kernel/libkernel.a(sched.c.obj)
                0x00000000004107f8                z_unpend_thread
 .text.z_priq_dumb_best
                0x0000000000410914       0x10 zephyr/kernel/libkernel.a(sched.c.obj)
                0x0000000000410914                z_priq_dumb_best
 .text.update_cache
                0x0000000000410924       0xd8 zephyr/kernel/libkernel.a(sched.c.obj)
 .text.move_thread_to_end_of_prio_q
                0x00000000004109fc      0x124 zephyr/kernel/libkernel.a(sched.c.obj)
 .text.z_time_slice
                0x0000000000410b20      0x148 zephyr/kernel/libkernel.a(sched.c.obj)
                0x0000000000410b20                z_time_slice
 .text.ready_thread
                0x0000000000410c68      0x120 zephyr/kernel/libkernel.a(sched.c.obj)
 .text.z_ready_thread
                0x0000000000410d88      0x104 zephyr/kernel/libkernel.a(sched.c.obj)
                0x0000000000410d88                z_ready_thread
 .text.z_sched_start
                0x0000000000410e8c      0x12c zephyr/kernel/libkernel.a(sched.c.obj)
                0x0000000000410e8c                z_sched_start
 .text.z_sched_wake_thread
                0x0000000000410fb8      0x160 zephyr/kernel/libkernel.a(sched.c.obj)
                0x0000000000410fb8                z_sched_wake_thread
 .text.z_thread_timeout
                0x0000000000411118        0xc zephyr/kernel/libkernel.a(sched.c.obj)
                0x0000000000411118                z_thread_timeout
 .text.unready_thread
                0x0000000000411124       0x54 zephyr/kernel/libkernel.a(sched.c.obj)
 .text.add_to_waitq_locked
                0x0000000000411178       0xec zephyr/kernel/libkernel.a(sched.c.obj)
 .text.pend_locked
                0x0000000000411264       0x48 zephyr/kernel/libkernel.a(sched.c.obj)
 .text.z_pend_curr
                0x00000000004112ac      0x1c0 zephyr/kernel/libkernel.a(sched.c.obj)
                0x00000000004112ac                z_pend_curr
 .text.z_set_prio
                0x000000000041146c      0x224 zephyr/kernel/libkernel.a(sched.c.obj)
                0x000000000041146c                z_set_prio
 .text.z_impl_k_thread_suspend
                0x0000000000411690      0x170 zephyr/kernel/libkernel.a(sched.c.obj)
                0x0000000000411690                z_impl_k_thread_suspend
 .text.k_sched_unlock
                0x0000000000411800      0x1ac zephyr/kernel/libkernel.a(sched.c.obj)
                0x0000000000411800                k_sched_unlock
 .text.z_unpend1_no_timeout
                0x00000000004119ac      0x120 zephyr/kernel/libkernel.a(sched.c.obj)
                0x00000000004119ac                z_unpend1_no_timeout
 .text.z_unpend_first_thread
                0x0000000000411acc      0x128 zephyr/kernel/libkernel.a(sched.c.obj)
                0x0000000000411acc                z_unpend_first_thread
 .text.z_unpend_all
                0x0000000000411bf4       0x48 zephyr/kernel/libkernel.a(sched.c.obj)
                0x0000000000411bf4                z_unpend_all
 .text.init_ready_q
                0x0000000000411c3c        0xc zephyr/kernel/libkernel.a(sched.c.obj)
                0x0000000000411c3c                init_ready_q
 .text.z_sched_init
                0x0000000000411c48       0x10 zephyr/kernel/libkernel.a(sched.c.obj)
                0x0000000000411c48                z_sched_init
 .text.z_impl_k_yield
                0x0000000000411c58      0x240 zephyr/kernel/libkernel.a(sched.c.obj)
                0x0000000000411c58                z_impl_k_yield
 .text.z_tick_sleep
                0x0000000000411e98      0x21c zephyr/kernel/libkernel.a(sched.c.obj)
 .text.z_impl_k_sleep
                0x00000000004120b4       0xa0 zephyr/kernel/libkernel.a(sched.c.obj)
                0x00000000004120b4                z_impl_k_sleep
 .text.z_impl_z_current_get
                0x0000000000412154       0x10 zephyr/kernel/libkernel.a(sched.c.obj)
                0x0000000000412154                z_impl_z_current_get
 .text.z_thread_abort
                0x0000000000412164      0x2d8 zephyr/kernel/libkernel.a(sched.c.obj)
                0x0000000000412164                z_thread_abort
 .text.z_impl_k_thread_join
                0x000000000041243c      0x244 zephyr/kernel/libkernel.a(sched.c.obj)
                0x000000000041243c                z_impl_k_thread_join
 .text.z_sched_wake
                0x0000000000412680      0x158 zephyr/kernel/libkernel.a(sched.c.obj)
                0x0000000000412680                z_sched_wake
 .text.z_sched_wait
                0x00000000004127d8       0x38 zephyr/kernel/libkernel.a(sched.c.obj)
                0x00000000004127d8                z_sched_wait
 .text.elapsed  0x0000000000412810       0x18 zephyr/kernel/libkernel.a(timeout.c.obj)
 .text.next_timeout
                0x0000000000412828       0x58 zephyr/kernel/libkernel.a(timeout.c.obj)
 .text.remove_timeout
                0x0000000000412880       0x40 zephyr/kernel/libkernel.a(timeout.c.obj)
 .text.z_add_timeout
                0x00000000004128c0      0x248 zephyr/kernel/libkernel.a(timeout.c.obj)
                0x00000000004128c0                z_add_timeout
 .text.z_abort_timeout
                0x0000000000412b08      0x124 zephyr/kernel/libkernel.a(timeout.c.obj)
                0x0000000000412b08                z_abort_timeout
 .text.sys_clock_announce
                0x0000000000412c2c      0x1f4 zephyr/kernel/libkernel.a(timeout.c.obj)
                0x0000000000412c2c                sys_clock_announce
 .text.sys_clock_tick_get
                0x0000000000412e20      0x110 zephyr/kernel/libkernel.a(timeout.c.obj)
                0x0000000000412e20                sys_clock_tick_get
 .text.sys_clock_tick_get_32
                0x0000000000412f30       0x14 zephyr/kernel/libkernel.a(timeout.c.obj)
                0x0000000000412f30                sys_clock_tick_get_32
 .text.z_impl_k_uptime_ticks
                0x0000000000412f44        0x4 zephyr/kernel/libkernel.a(timeout.c.obj)
                0x0000000000412f44                z_impl_k_uptime_ticks
 .text.sys_clock_timeout_end_calc
                0x0000000000412f48       0x50 zephyr/kernel/libkernel.a(timeout.c.obj)
                0x0000000000412f48                sys_clock_timeout_end_calc
 .text.z_timer_expiration_handler
                0x0000000000412f98      0x20c zephyr/kernel/libkernel.a(timer.c.obj)
                0x0000000000412f98                z_timer_expiration_handler
 .text.k_timer_init
                0x00000000004131a4       0x1c zephyr/kernel/libkernel.a(timer.c.obj)
                0x00000000004131a4                k_timer_init
 .text.z_impl_k_timer_start
                0x00000000004131c0       0x6c zephyr/kernel/libkernel.a(timer.c.obj)
                0x00000000004131c0                z_impl_k_timer_start
 .text.z_impl_k_timer_stop
                0x000000000041322c       0x54 zephyr/kernel/libkernel.a(timer.c.obj)
                0x000000000041322c                z_impl_k_timer_stop
 .text.signal_poll_event
                0x0000000000413280       0xfc zephyr/kernel/libkernel.a(poll.c.obj)
 .text.z_handle_obj_poll_events
                0x000000000041337c       0x28 zephyr/kernel/libkernel.a(poll.c.obj)
                0x000000000041337c                z_handle_obj_poll_events
 .text.k_free   0x00000000004133a4       0x14 zephyr/kernel/libkernel.a(mempool.c.obj)
                0x00000000004133a4                k_free
 .text.z_thread_aligned_alloc
                0x00000000004133b8       0xdc zephyr/kernel/libkernel.a(mempool.c.obj)
                0x00000000004133b8                z_thread_aligned_alloc
 .text.boot_banner
                0x0000000000413494        0xc zephyr/kernel/libkernel.a(banner.c.obj)
                0x0000000000413494                boot_banner
 .text.k_sys_work_q_init
                0x00000000004134a0       0x78 zephyr/kernel/libkernel.a(system_work_q.c.obj)
 *(SORT_BY_ALIGNMENT(.gnu.warning))

.fini           0x0000000000413518       0x14
 *(SORT_NONE(.fini))
 .fini          0x0000000000413518        0xc /usr/lib/gcc/aarch64-linux-gnu/11/../../../aarch64-linux-gnu/crti.o
                0x0000000000413518                _fini
 .fini          0x0000000000413524        0x8 /usr/lib/gcc/aarch64-linux-gnu/11/../../../aarch64-linux-gnu/crtn.o
                [!provide]                        PROVIDE (__etext = .)
                [!provide]                        PROVIDE (_etext = .)
                [!provide]                        PROVIDE (etext = .)

.rodata         0x0000000000413530     0x331c
 *(SORT_BY_ALIGNMENT(.rodata) SORT_BY_ALIGNMENT(.rodata.*) SORT_BY_ALIGNMENT(.gnu.linkonce.r.*))
 .rodata.cst16  0x0000000000413530       0x10 zephyr/boards/posix/native_posix/libboards__posix__native_posix.a(hw_models_top.c.obj)
 .rodata.cst8   0x0000000000413540        0x8 zephyr/boards/posix/native_posix/libboards__posix__native_posix.a(timer_model.c.obj)
 .rodata.cst8   0x0000000000413548        0x8 zephyr/boards/posix/native_posix/libboards__posix__native_posix.a(cmdline_common.c.obj)
 .rodata.send_work_handler
                0x0000000000413550        0xe app/libapp.a(isotp_fast.c.obj)
 *fill*         0x000000000041355e        0x2 
 .rodata.receive_state_machine
                0x0000000000413560       0x10 app/libapp.a(isotp_fast.c.obj)
 .rodata.cbvprintf_package
                0x0000000000413570       0x1f zephyr/libzephyr.a(cbprintf_packaged.c.obj)
 *fill*         0x000000000041358f        0x1 
 .rodata.z_cbvprintf_impl
                0x0000000000413590       0x48 zephyr/libzephyr.a(cbprintf_complete.c.obj)
 .rodata.get_friendly_phase_name
                0x00000000004135d8        0x6 zephyr/subsys/testsuite/ztest/libsubsys__testsuite__ztest.a(ztest_new.c.obj)
 *fill*         0x00000000004135de        0x2 
 .rodata.z_fatal_error
                0x00000000004135e0        0x5 zephyr/kernel/libkernel.a(fatal.c.obj)
 .rodata.send_timeout_handler.str1.1
                0x00000000004135e5       0x1f app/libapp.a(isotp_fast.c.obj)
 .rodata.receive_can_tx.str1.1
                0x0000000000413604       0x1c app/libapp.a(isotp_fast.c.obj)
 .rodata.receive_timeout_handler.str1.1
                0x0000000000413620       0x1d app/libapp.a(isotp_fast.c.obj)
 .rodata.can_rx_callback.str1.1
                0x000000000041363d       0xcf app/libapp.a(isotp_fast.c.obj)
 .rodata.send_work_handler.str1.1
                0x000000000041370c       0x12 app/libapp.a(isotp_fast.c.obj)
 .rodata.receive_state_machine.str1.1
                0x000000000041371e       0x5a app/libapp.a(isotp_fast.c.obj)
 .rodata.receive_send_fc.str1.1
                0x0000000000413778       0x14 app/libapp.a(isotp_fast.c.obj)
 .rodata.isotp_fast_bind.str1.1
                0x000000000041378c       0x1c app/libapp.a(isotp_fast.c.obj)
 .rodata.str1.1
                0x00000000004137a8        0xb app/libapp.a(isotp_fast.c.obj)
 .rodata.dlc_table.0
                0x00000000004137b3       0x10 app/libapp.a(isotp_fast.c.obj)
 .rodata.z_zassert.constprop.0.str1.1
                0x00000000004137c3       0x93 app/libapp.a(main.c.obj)
                                         0x95 (size before relaxing)
 .rodata.get_sf_ignore.constprop.0.str1.1
                0x0000000000413856       0x37 app/libapp.a(main.c.obj)
 .rodata.send_test_data.constprop.0.str1.1
                0x000000000041388d       0x26 app/libapp.a(main.c.obj)
 .rodata.add_rx_msgq.constprop.0.str1.1
                0x00000000004138b3       0x61 app/libapp.a(main.c.obj)
 .rodata.send_frame_series.str1.1
                0x0000000000413914       0x22 app/libapp.a(main.c.obj)
 .rodata._isotp_fast_conformance_async_fd_test_receive_timeouts_wrapper.str1.1
                0x0000000000413936      0x10e app/libapp.a(main.c.obj)
 .rodata.isotp_fast_sent_handler.str1.1
                0x0000000000413a44       0x4e app/libapp.a(main.c.obj)
 .rodata.isotp_fast_conformance_setup.str1.1
                0x0000000000413a92       0xaf app/libapp.a(main.c.obj)
 .rodata._isotp_fast_conformance_async_fd_test_send_timeouts_wrapper.str1.1
                0x0000000000413b41       0x5c app/libapp.a(main.c.obj)
 .rodata.check_data.str1.1
                0x0000000000413b9d       0x2e app/libapp.a(main.c.obj)
 .rodata.receive_test_data.constprop.0.str1.1
                0x0000000000413bcb       0x71 app/libapp.a(main.c.obj)
 .rodata.get_sf.constprop.0.str1.1
                0x0000000000413c3c       0x1d app/libapp.a(main.c.obj)
 .rodata.isotp_fast_conformance_before.str1.1
                0x0000000000413c59       0x24 app/libapp.a(main.c.obj)
 .rodata.check_frame_series.constprop.0.str1.1
                0x0000000000413c7d      0x101 app/libapp.a(main.c.obj)
 .rodata._isotp_fast_conformance_async_fd_test_sender_fc_errors_wrapper.str1.1
                0x0000000000413d7e       0x69 app/libapp.a(main.c.obj)
 .rodata._isotp_fast_conformance_async_fd_test_receiver_fc_errors_wrapper.str1.1
                0x0000000000413de7       0x41 app/libapp.a(main.c.obj)
 .rodata._isotp_fast_conformance_async_fd_test_stmin_wrapper.str1.1
                0x0000000000413e28       0xab app/libapp.a(main.c.obj)
 .rodata.str1.1
                0x0000000000413ed3      0x102 app/libapp.a(main.c.obj)
 .rodata.__func__.0
                0x0000000000413fd5       0x1e app/libapp.a(main.c.obj)
 .rodata.__func__.1
                0x0000000000413ff3       0x1d app/libapp.a(main.c.obj)
 .rodata.__func__.10
                0x0000000000414010       0x2f app/libapp.a(main.c.obj)
 .rodata.__func__.11
                0x000000000041403f       0x33 app/libapp.a(main.c.obj)
 .rodata.__func__.12
                0x0000000000414072        0xe app/libapp.a(main.c.obj)
 .rodata.__func__.13
                0x0000000000414080       0x12 app/libapp.a(main.c.obj)
 .rodata.__func__.14
                0x0000000000414092        0x7 app/libapp.a(main.c.obj)
 .rodata.__func__.16
                0x0000000000414099       0x13 app/libapp.a(main.c.obj)
 .rodata.__func__.17
                0x00000000004140ac        0x8 app/libapp.a(main.c.obj)
 .rodata.__func__.18
                0x00000000004140b4        0xc app/libapp.a(main.c.obj)
 .rodata.__func__.19
                0x00000000004140c0       0x2d app/libapp.a(main.c.obj)
 .rodata.__func__.2
                0x00000000004140ed       0x36 app/libapp.a(main.c.obj)
 .rodata.__func__.20
                0x0000000000414123       0x18 app/libapp.a(main.c.obj)
 .rodata.__func__.3
                0x000000000041413b       0x38 app/libapp.a(main.c.obj)
 .rodata.__func__.4
                0x0000000000414173       0x2b app/libapp.a(main.c.obj)
 .rodata.__func__.5
                0x000000000041419e       0x36 app/libapp.a(main.c.obj)
 .rodata.__func__.6
                0x00000000004141d4       0x33 app/libapp.a(main.c.obj)
 .rodata.__func__.7
                0x0000000000414207       0x39 app/libapp.a(main.c.obj)
 .rodata.__func__.8
                0x0000000000414240       0x12 app/libapp.a(main.c.obj)
 .rodata.__func__.9
                0x0000000000414252        0xf app/libapp.a(main.c.obj)
 .rodata.dlc_table.15
                0x0000000000414261       0x10 app/libapp.a(main.c.obj)
 .rodata.fc_opts
                0x0000000000414271        0x3 app/libapp.a(main.c.obj)
                0x0000000000414271                fc_opts
 .rodata.random_data
                0x0000000000414274      0x400 app/libapp.a(main.c.obj)
 .rodata.cbvprintf_package.str1.1
                0x0000000000414674       0xd7 zephyr/libzephyr.a(cbprintf_packaged.c.obj)
                                         0xd9 (size before relaxing)
 .rodata.str1.1
                0x000000000041474b       0x11 zephyr/libzephyr.a(cbprintf_packaged.c.obj)
 .rodata.z_thread_entry.str1.1
                0x000000000041475c       0x29 zephyr/libzephyr.a(thread_entry.c.obj)
                                         0x4e (size before relaxing)
 .rodata.sys_heap_free.str1.1
                0x0000000000414785       0xcc zephyr/libzephyr.a(heap.c.obj)
                                        0x10e (size before relaxing)
 .rodata.sys_heap_aligned_alloc.str1.1
                0x0000000000414851       0x38 zephyr/libzephyr.a(heap.c.obj)
 .rodata.sys_heap_init.str1.1
                0x0000000000414889       0xbf zephyr/libzephyr.a(heap.c.obj)
 .rodata.z_cbvprintf_impl.str1.1
                0x0000000000414948        0x6 zephyr/libzephyr.a(cbprintf_complete.c.obj)
 .rodata.assert_post_action.str1.1
                0x000000000041494e       0x23 zephyr/libzephyr.a(assert.c.obj)
                                         0x2c (size before relaxing)
 .rodata.z_log_init.isra.0.str1.1
                0x0000000000414971       0x91 zephyr/libzephyr.a(log_core.c.obj)
                                         0xd3 (size before relaxing)
 .rodata.z_impl_log_panic.str1.1
                0x0000000000414a02       0x4f zephyr/libzephyr.a(log_core.c.obj)
 .rodata.str1.1
                0x0000000000414a51        0x4 zephyr/libzephyr.a(log_core.c.obj)
 .rodata.get_link_domain.str1.1
                0x0000000000414a55       0x48 zephyr/libzephyr.a(log_mgmt.c.obj)
                                         0xa9 (size before relaxing)
 .rodata.log_backend_enable.str1.1
                0x0000000000414a9d       0x4f zephyr/libzephyr.a(log_mgmt.c.obj)
 .rodata.str1.1
                0x0000000000414a9d        0x9 zephyr/libzephyr.a(log_mgmt.c.obj)
 .rodata.z_impl_z_log_msg_runtime_vcreate.str1.1
                0x0000000000414aa6       0x36 zephyr/libzephyr.a(log_msg.c.obj)
                                         0x78 (size before relaxing)
 .rodata.log_output_process.str1.1
                0x0000000000414adc       0x8d zephyr/libzephyr.a(log_output.c.obj)
                                         0xdc (size before relaxing)
 .rodata.str1.1
                0x0000000000414b69       0x20 zephyr/libzephyr.a(log_output.c.obj)
 .rodata.char_out.str1.1
                0x0000000000414b89       0x20 zephyr/libzephyr.a(log_backend_native_posix.c.obj)
                                          0x4 (size before relaxing)
 .rodata.str1.1
                0x0000000000414b89       0x19 zephyr/libzephyr.a(log_backend_native_posix.c.obj)
 .rodata.arch_system_halt.str1.1
                0x0000000000414ba2       0x47 zephyr/arch/arch/posix/core/libarch__posix__core.a(fatal.c.obj)
                                         0x6c (size before relaxing)
 .rodata.pc_safe_call.str1.1
                0x0000000000414be9       0x1a zephyr/arch/arch/posix/core/libarch__posix__core.a(posix_core.c.obj)
 .rodata.posix_preexit_cleanup.str1.1
                0x0000000000414c03       0x23 zephyr/arch/arch/posix/core/libarch__posix__core.a(posix_core.c.obj)
 .rodata.posix_thread_starter.str1.1
                0x0000000000414c26       0x21 zephyr/arch/arch/posix/core/libarch__posix__core.a(posix_core.c.obj)
 .rodata.posix_swap.str1.1
                0x0000000000414c47       0x26 zephyr/arch/arch/posix/core/libarch__posix__core.a(posix_core.c.obj)
 .rodata.posix_new_thread.str1.1
                0x0000000000414c6d       0x8c zephyr/arch/arch/posix/core/libarch__posix__core.a(posix_core.c.obj)
 .rodata.posix_core_clean_up.str1.1
                0x0000000000414cf9       0x34 zephyr/arch/arch/posix/core/libarch__posix__core.a(posix_core.c.obj)
 .rodata.z_impl_k_thread_abort.str1.1
                0x0000000000414d2d       0x7c zephyr/arch/arch/posix/core/libarch__posix__core.a(posix_core.c.obj)
 .rodata.pc_safe_call.str1.1
                0x0000000000414da9       0x1a zephyr/soc/posix/inf_clock/libsoc__posix__inf_clock.a(soc.c.obj)
 .rodata.zephyr_wrapper.str1.1
                0x0000000000414da9       0x3c zephyr/soc/posix/inf_clock/libsoc__posix__inf_clock.a(soc.c.obj)
 .rodata.posix_change_cpu_state_and_wait.str1.1
                0x0000000000414de5       0x22 zephyr/soc/posix/inf_clock/libsoc__posix__inf_clock.a(soc.c.obj)
 .rodata.posix_boot_cpu.str1.1
                0x0000000000414e07       0x3b zephyr/soc/posix/inf_clock/libsoc__posix__inf_clock.a(soc.c.obj)
 .rodata.hwm_set_sig_handler.str1.1
                0x0000000000414e42       0x57 zephyr/boards/posix/native_posix/libboards__posix__native_posix.a(hw_models_top.c.obj)
                                         0x71 (size before relaxing)
 .rodata.hwm_one_event.str1.1
                0x0000000000414e99       0x65 zephyr/boards/posix/native_posix/libboards__posix__native_posix.a(hw_models_top.c.obj)
 .rodata.cmd_stop_at_found.str1.1
                0x0000000000414efe       0x26 zephyr/boards/posix/native_posix/libboards__posix__native_posix.a(timer_model.c.obj)
 .rodata.cmd_rt_ratio_found.str1.1
                0x0000000000414f24       0x3c zephyr/boards/posix/native_posix/libboards__posix__native_posix.a(timer_model.c.obj)
 .rodata.cmd_rt_drift_found.str1.1
                0x0000000000414f60       0x3d zephyr/boards/posix/native_posix/libboards__posix__native_posix.a(timer_model.c.obj)
 .rodata.str1.1
                0x0000000000414f9d      0x3d9 zephyr/boards/posix/native_posix/libboards__posix__native_posix.a(timer_model.c.obj)
                                        0x3e8 (size before relaxing)
 .rodata.posix_irq_handler.str1.1
                0x0000000000415376       0x2e zephyr/boards/posix/native_posix/libboards__posix__native_posix.a(irq_handler.c.obj)
 .rodata.posix_irq_handler_im_from_sw.str1.1
                0x00000000004153a4       0x35 zephyr/boards/posix/native_posix/libboards__posix__native_posix.a(irq_handler.c.obj)
 .rodata.__func__.0
                0x00000000004153d9       0x1d zephyr/boards/posix/native_posix/libboards__posix__native_posix.a(irq_handler.c.obj)
 .rodata.str1.1
                0x00000000004153f6       0xb8 zephyr/boards/posix/native_posix/libboards__posix__native_posix.a(tracing.c.obj)
                                         0xbe (size before relaxing)
 .rodata.cmd_gen_switch_syntax.constprop.0.str1.1
                0x00000000004154ae       0x72 zephyr/boards/posix/native_posix/libboards__posix__native_posix.a(cmdline_common.c.obj)
                                         0x77 (size before relaxing)
 .rodata.cmd_is_option.str1.1
                0x0000000000415520       0x5a zephyr/boards/posix/native_posix/libboards__posix__native_posix.a(cmdline_common.c.obj)
 .rodata.cmd_is_help_option.str1.1